Archive member included to satisfy reference by file (symbol)

C:/ST/STM32CubeIDE_1.18.1/STM32CubeIDE/plugins/com.st.stm32cube.ide.mcu.externaltools.gnu-tools-for-stm32.13.3.rel1.win32_1.0.0.202411081344/tools/bin/../lib/gcc/arm-none-eabi/13.3.1/../../../../arm-none-eabi/lib/thumb/v7e-m+dp/hard\libc_nano.a(libc_a-exit.o)
                              C:/ST/STM32CubeIDE_1.18.1/STM32CubeIDE/plugins/com.st.stm32cube.ide.mcu.externaltools.gnu-tools-for-stm32.13.3.rel1.win32_1.0.0.202411081344/tools/bin/../lib/gcc/arm-none-eabi/13.3.1/../../../../arm-none-eabi/lib/thumb/v7e-m+dp/hard/crt0.o (exit)
C:/ST/STM32CubeIDE_1.18.1/STM32CubeIDE/plugins/com.st.stm32cube.ide.mcu.externaltools.gnu-tools-for-stm32.13.3.rel1.win32_1.0.0.202411081344/tools/bin/../lib/gcc/arm-none-eabi/13.3.1/../../../../arm-none-eabi/lib/thumb/v7e-m+dp/hard\libc_nano.a(libc_a-findfp.o)
                              C:/ST/STM32CubeIDE_1.18.1/STM32CubeIDE/plugins/com.st.stm32cube.ide.mcu.externaltools.gnu-tools-for-stm32.13.3.rel1.win32_1.0.0.202411081344/tools/bin/../lib/gcc/arm-none-eabi/13.3.1/../../../../arm-none-eabi/lib/thumb/v7e-m+dp/hard\libc_nano.a(libc_a-exit.o) (__stdio_exit_handler)
C:/ST/STM32CubeIDE_1.18.1/STM32CubeIDE/plugins/com.st.stm32cube.ide.mcu.externaltools.gnu-tools-for-stm32.13.3.rel1.win32_1.0.0.202411081344/tools/bin/../lib/gcc/arm-none-eabi/13.3.1/../../../../arm-none-eabi/lib/thumb/v7e-m+dp/hard\libc_nano.a(libc_a-fwalk.o)
                              C:/ST/STM32CubeIDE_1.18.1/STM32CubeIDE/plugins/com.st.stm32cube.ide.mcu.externaltools.gnu-tools-for-stm32.13.3.rel1.win32_1.0.0.202411081344/tools/bin/../lib/gcc/arm-none-eabi/13.3.1/../../../../arm-none-eabi/lib/thumb/v7e-m+dp/hard\libc_nano.a(libc_a-findfp.o) (_fwalk_sglue)
C:/ST/STM32CubeIDE_1.18.1/STM32CubeIDE/plugins/com.st.stm32cube.ide.mcu.externaltools.gnu-tools-for-stm32.13.3.rel1.win32_1.0.0.202411081344/tools/bin/../lib/gcc/arm-none-eabi/13.3.1/../../../../arm-none-eabi/lib/thumb/v7e-m+dp/hard\libc_nano.a(libc_a-stdio.o)
                              C:/ST/STM32CubeIDE_1.18.1/STM32CubeIDE/plugins/com.st.stm32cube.ide.mcu.externaltools.gnu-tools-for-stm32.13.3.rel1.win32_1.0.0.202411081344/tools/bin/../lib/gcc/arm-none-eabi/13.3.1/../../../../arm-none-eabi/lib/thumb/v7e-m+dp/hard\libc_nano.a(libc_a-findfp.o) (__sread)
C:/ST/STM32CubeIDE_1.18.1/STM32CubeIDE/plugins/com.st.stm32cube.ide.mcu.externaltools.gnu-tools-for-stm32.13.3.rel1.win32_1.0.0.202411081344/tools/bin/../lib/gcc/arm-none-eabi/13.3.1/../../../../arm-none-eabi/lib/thumb/v7e-m+dp/hard\libc_nano.a(libc_a-memset.o)
                              C:/ST/STM32CubeIDE_1.18.1/STM32CubeIDE/plugins/com.st.stm32cube.ide.mcu.externaltools.gnu-tools-for-stm32.13.3.rel1.win32_1.0.0.202411081344/tools/bin/../lib/gcc/arm-none-eabi/13.3.1/../../../../arm-none-eabi/lib/thumb/v7e-m+dp/hard/crt0.o (memset)
C:/ST/STM32CubeIDE_1.18.1/STM32CubeIDE/plugins/com.st.stm32cube.ide.mcu.externaltools.gnu-tools-for-stm32.13.3.rel1.win32_1.0.0.202411081344/tools/bin/../lib/gcc/arm-none-eabi/13.3.1/../../../../arm-none-eabi/lib/thumb/v7e-m+dp/hard\libc_nano.a(libc_a-closer.o)
                              C:/ST/STM32CubeIDE_1.18.1/STM32CubeIDE/plugins/com.st.stm32cube.ide.mcu.externaltools.gnu-tools-for-stm32.13.3.rel1.win32_1.0.0.202411081344/tools/bin/../lib/gcc/arm-none-eabi/13.3.1/../../../../arm-none-eabi/lib/thumb/v7e-m+dp/hard\libc_nano.a(libc_a-stdio.o) (_close_r)
C:/ST/STM32CubeIDE_1.18.1/STM32CubeIDE/plugins/com.st.stm32cube.ide.mcu.externaltools.gnu-tools-for-stm32.13.3.rel1.win32_1.0.0.202411081344/tools/bin/../lib/gcc/arm-none-eabi/13.3.1/../../../../arm-none-eabi/lib/thumb/v7e-m+dp/hard\libc_nano.a(libc_a-reent.o)
                              C:/ST/STM32CubeIDE_1.18.1/STM32CubeIDE/plugins/com.st.stm32cube.ide.mcu.externaltools.gnu-tools-for-stm32.13.3.rel1.win32_1.0.0.202411081344/tools/bin/../lib/gcc/arm-none-eabi/13.3.1/../../../../arm-none-eabi/lib/thumb/v7e-m+dp/hard\libc_nano.a(libc_a-closer.o) (errno)
C:/ST/STM32CubeIDE_1.18.1/STM32CubeIDE/plugins/com.st.stm32cube.ide.mcu.externaltools.gnu-tools-for-stm32.13.3.rel1.win32_1.0.0.202411081344/tools/bin/../lib/gcc/arm-none-eabi/13.3.1/../../../../arm-none-eabi/lib/thumb/v7e-m+dp/hard\libc_nano.a(libc_a-impure.o)
                              C:/ST/STM32CubeIDE_1.18.1/STM32CubeIDE/plugins/com.st.stm32cube.ide.mcu.externaltools.gnu-tools-for-stm32.13.3.rel1.win32_1.0.0.202411081344/tools/bin/../lib/gcc/arm-none-eabi/13.3.1/../../../../arm-none-eabi/lib/thumb/v7e-m+dp/hard\libc_nano.a(libc_a-reent.o) (_impure_ptr)
C:/ST/STM32CubeIDE_1.18.1/STM32CubeIDE/plugins/com.st.stm32cube.ide.mcu.externaltools.gnu-tools-for-stm32.13.3.rel1.win32_1.0.0.202411081344/tools/bin/../lib/gcc/arm-none-eabi/13.3.1/../../../../arm-none-eabi/lib/thumb/v7e-m+dp/hard\libc_nano.a(libc_a-lseekr.o)
[...]
Memory Configuration

Name             Origin             Length             Attributes
FLASH            0x08000000         0x00200000         xr
DTCMRAM          0x20000000         0x00020000         xrw
RAM_D1           0x24000000         0x00080000         xrw
RAM_D2           0x30000000         0x00048000         xrw
RAM_D3           0x38000000         0x00010000         xrw
ITCMRAM          0x00000000         0x00010000         xrw
*default*        0x00000000         0xffffffff

Linker script and memory map

LOAD C:/ST/STM32CubeIDE_1.18.1/STM32CubeIDE/plugins/com.st.stm32cube.ide.mcu.externaltools.gnu-tools-for-stm32.13.3.rel1.win32_1.0.0.202411081344/tools/bin/../lib/gcc/arm-none-eabi/13.3.1/thumb/v7e-m+dp/hard/crti.o
LOAD C:/ST/STM32CubeIDE_1.18.1/STM32CubeIDE/plugins/com.st.stm32cube.ide.mcu.externaltools.gnu-tools-for-stm32.13.3.rel1.win32_1.0.0.202411081344/tools/bin/../lib/gcc/arm-none-eabi/13.3.1/thumb/v7e-m+dp/hard/crtbegin.o
LOAD C:/ST/STM32CubeIDE_1.18.1/STM32CubeIDE/plugins/com.st.stm32cube.ide.mcu.externaltools.gnu-tools-for-stm32.13.3.rel1.win32_1.0.0.202411081344/tools/bin/../lib/gcc/arm-none-eabi/13.3.1/../../../../arm-none-eabi/lib/thumb/v7e-m+dp/hard/crt0.o
LOAD ./Core/Src/DRONE_CONFIG.o
LOAD ./Core/Src/DSHOT.o
LOAD ./Core/Src/dma.o
LOAD ./Core/Src/gpio.o
LOAD ./Core/Src/i2c.o
LOAD ./Core/Src/main.o
LOAD ./Core/Src/memorymap.o
LOAD ./Core/Src/spi.o
LOAD ./Core/Src/stm32h7xx_hal_msp.o
LOAD ./Core/Src/stm32h7xx_it.o
LOAD ./Core/Src/syscalls.o
LOAD ./Core/Src/sysmem.o
LOAD ./Core/Src/system_stm32h7xx.o
LOAD ./Core/Src/tim.o
LOAD ./Core/Src/usart.o
LOAD ./Core/Src/usb_otg.o
LOAD ./Core/Startup/startup_stm32h753vitx.o
LOAD ./Drivers/STM32H7xx_HAL_Driver/Src/stm32h7xx_hal.o
LOAD ./Drivers/STM32H7xx_HAL_Driver/Src/stm32h7xx_hal_cortex.o
LOAD ./Drivers/STM32H7xx_HAL_Driver/Src/stm32h7xx_hal_dma.o
LOAD ./Drivers/STM32H7xx_HAL_Driver/Src/stm32h7xx_hal_dma_ex.o
LOAD ./Drivers/STM32H7xx_HAL_Driver/Src/stm32h7xx_hal_exti.o
LOAD ./Drivers/STM32H7xx_HAL_Driver/Src/stm32h7xx_hal_flash.o
LOAD ./Drivers/STM32H7xx_HAL_Driver/Src/stm32h7xx_hal_flash_ex.o
LOAD ./Drivers/STM32H7xx_HAL_Driver/Src/stm32h7xx_hal_gpio.o
LOAD ./Drivers/STM32H7xx_HAL_Driver/Src/stm32h7xx_hal_hsem.o
LOAD ./Drivers/STM32H7xx_HAL_Driver/Src/stm32h7xx_hal_i2c.o
LOAD ./Drivers/STM32H7xx_HAL_Driver/Src/stm32h7xx_hal_i2c_ex.o
LOAD ./Drivers/STM32H7xx_HAL_Driver/Src/stm32h7xx_hal_mdma.o
LOAD ./Drivers/STM32H7xx_HAL_Driver/Src/stm32h7xx_hal_pwr.o
LOAD ./Drivers/STM32H7xx_HAL_Driver/Src/stm32h7xx_hal_pwr_ex.o
LOAD ./Drivers/STM32H7xx_HAL_Driver/Src/stm32h7xx_hal_rcc.o
LOAD ./Drivers/STM32H7xx_HAL_Driver/Src/stm32h7xx_hal_rcc_ex.o
LOAD ./Drivers/STM32H7xx_HAL_Driver/Src/stm32h7xx_ll_bdma.o
LOAD ./Drivers/STM32H7xx_HAL_Driver/Src/stm32h7xx_ll_dma.o
LOAD ./Drivers/STM32H7xx_HAL_Driver/Src/stm32h7xx_ll_exti.o
LOAD ./Drivers/STM32H7xx_HAL_Driver/Src/stm32h7xx_ll_gpio.o
LOAD ./Drivers/STM32H7xx_HAL_Driver/Src/stm32h7xx_ll_rcc.o
LOAD ./Drivers/STM32H7xx_HAL_Driver/Src/stm32h7xx_ll_spi.o
LOAD ./Drivers/STM32H7xx_HAL_Driver/Src/stm32h7xx_ll_tim.o
LOAD ./Drivers/STM32H7xx_HAL_Driver/Src/stm32h7xx_ll_usart.o
LOAD ./Drivers/STM32H7xx_HAL_Driver/Src/stm32h7xx_ll_utils.o
START GROUP
LOAD C:/ST/STM32CubeIDE_1.18.1/STM32CubeIDE/plugins/com.st.stm32cube.ide.mcu.externaltools.gnu-tools-for-stm32.13.3.rel1.win32_1.0.0.202411081344/tools/bin/../lib/gcc/arm-none-eabi/13.3.1/../../../../arm-none-eabi/lib/thumb/v7e-m+dp/hard\libc_nano.a
LOAD C:/ST/STM32CubeIDE_1.18.1/STM32CubeIDE/plugins/com.st.stm32cube.ide.mcu.externaltools.gnu-tools-for-stm32.13.3.rel1.win32_1.0.0.202411081344/tools/bin/../lib/gcc/arm-none-eabi/13.3.1/../../../../arm-none-eabi/lib/thumb/v7e-m+dp/hard\libm.a
END GROUP
START GROUP
LOAD C:/ST/STM32CubeIDE_1.18.1/STM32CubeIDE/plugins/com.st.stm32cube.ide.mcu.externaltools.gnu-tools-for-stm32.13.3.rel1.win32_1.0.0.202411081344/tools/bin/../lib/gcc/arm-none-eabi/13.3.1/thumb/v7e-m+dp/hard\libgcc.a
LOAD C:/ST/STM32CubeIDE_1.18.1/STM32CubeIDE/plugins/com.st.stm32cube.ide.mcu.externaltools.gnu-tools-for-stm32.13.3.rel1.win32_1.0.0.202411081344/tools/bin/../lib/gcc/arm-none-eabi/13.3.1/../../../../arm-none-eabi/lib/thumb/v7e-m+dp/hard\libc_nano.a
END GROUP
START GROUP
LOAD C:/ST/STM32CubeIDE_1.18.1/STM32CubeIDE/plugins/com.st.stm32cube.ide.mcu.externaltools.gnu-tools-for-stm32.13.3.rel1.win32_1.0.0.202411081344/tools/bin/../lib/gcc/arm-none-eabi/13.3.1/thumb/v7e-m+dp/hard\libgcc.a
LOAD C:/ST/STM32CubeIDE_1.18.1/STM32CubeIDE/plugins/com.st.stm32cube.ide.mcu.externaltools.gnu-tools-for-stm32.13.3.rel1.win32_1.0.0.202411081344/tools/bin/../lib/gcc/arm-none-eabi/13.3.1/../../../../arm-none-eabi/lib/thumb/v7e-m+dp/hard\libc_nano.a
LOAD C:/ST/STM32CubeIDE_1.18.1/STM32CubeIDE/plugins/com.st.stm32cube.ide.mcu.externaltools.gnu-tools-for-stm32.13.3.rel1.win32_1.0.0.202411081344/tools/bin/../lib/gcc/arm-none-eabi/13.3.1/../../../../arm-none-eabi/lib/thumb/v7e-m+dp/hard\libnosys.a
END GROUP
START GROUP
LOAD C:/ST/STM32CubeIDE_1.18.1/STM32CubeIDE/plugins/com.st.stm32cube.ide.mcu.externaltools.gnu-tools-for-stm32.13.3.rel1.win32_1.0.0.202411081344/tools/bin/../lib/gcc/arm-none-eabi/13.3.1/thumb/v7e-m+dp/hard\libgcc.a
LOAD C:/ST/STM32CubeIDE_1.18.1/STM32CubeIDE/plugins/com.st.stm32cube.ide.mcu.externaltools.gnu-tools-for-stm32.13.3.rel1.win32_1.0.0.202411081344/tools/bin/../lib/gcc/arm-none-eabi/13.3.1/../../../../arm-none-eabi/lib/thumb/v7e-m+dp/hard\libc_nano.a
LOAD C:/ST/STM32CubeIDE_1.18.1/STM32CubeIDE/plugins/com.st.stm32cube.ide.mcu.externaltools.gnu-tools-for-stm32.13.3.rel1.win32_1.0.0.202411081344/tools/bin/../lib/gcc/arm-none-eabi/13.3.1/../../../../arm-none-eabi/lib/thumb/v7e-m+dp/hard\libnosys.a
END GROUP
LOAD C:/ST/STM32CubeIDE_1.18.1/STM32CubeIDE/plugins/com.st.stm32cube.ide.mcu.externaltools.gnu-tools-for-stm32.13.3.rel1.win32_1.0.0.202411081344/tools/bin/../lib/gcc/arm-none-eabi/13.3.1/thumb/v7e-m+dp/hard/crtend.o
LOAD C:/ST/STM32CubeIDE_1.18.1/STM32CubeIDE/plugins/com.st.stm32cube.ide.mcu.externaltools.gnu-tools-for-stm32.13.3.rel1.win32_1.0.0.202411081344/tools/bin/../lib/gcc/arm-none-eabi/13.3.1/thumb/v7e-m+dp/hard/crtn.o
                0x24080000                        _estack = (ORIGIN (RAM_D1) + LENGTH (RAM_D1))
                0x00000200                        _Min_Heap_Size = 0x200
                0x00000400                        _Min_Stack_Size = 0x400

.isr_vector     0x08000000      0x298
                0x08000000                        . = ALIGN (0x4)
 *(.isr_vector)
 .isr_vector    0x08000000      0x298 ./Core/Startup/startup_stm32h753vitx.o
                0x08000000                g_pfnVectors
                0x08000298                        . = ALIGN (0x4)

.text           0x08000298     0x60a0
                0x08000298                        . = ALIGN (0x4)
 *(.text)
 .text          0x08000298       0x40 C:/ST/STM32CubeIDE_1.18.1/STM32CubeIDE/plugins/com.st.stm32cube.ide.mcu.externaltools.gnu-tools-for-stm32.13.3.rel1.win32_1.0.0.202411081344/tools/bin/../lib/gcc/arm-none-eabi/13.3.1/thumb/v7e-m+dp/hard/crtbegin.o
 *(.text*)
 .text.LL_TIM_EnableCounter
                0x080002d8       0x20 ./Core/Src/DRONE_CONFIG.o
 .text.LL_TIM_CC_EnableChannel
                0x080002f8       0x22 ./Core/Src/DRONE_CONFIG.o
 *fill*         0x0800031a        0x2 
 .text.Pwm_Init
                0x0800031c       0x3c ./Core/Src/DRONE_CONFIG.o
                0x0800031c                Pwm_Init
 .text.Pwm_Set  0x08000358       0xb4 ./Core/Src/DRONE_CONFIG.o
                0x08000358                Pwm_Set
 .text.Pwm_Reset
                0x0800040c       0x44 ./Core/Src/DRONE_CONFIG.o
                0x0800040c                Pwm_Reset
 .text.Enable_Pwm_Channels
                0x08000450       0x3a ./Core/Src/DRONE_CONFIG.o
                0x08000450                Enable_Pwm_Channels
 *fill*         0x0800048a        0x2 
 .text.Calculate_Motor_Values
                0x0800048c       0xd0 ./Core/Src/DRONE_CONFIG.o
                0x0800048c                Calculate_Motor_Values
 .text.__NVIC_GetPriorityGrouping
                0x0800055c       0x1c ./Core/Src/dma.o
 .text.__NVIC_EnableIRQ
                0x08000578       0x3c ./Core/Src/dma.o
 .text.__NVIC_SetPriority
                0x080005b4       0x54 ./Core/Src/dma.o
 .text.NVIC_EncodePriority
                0x08000608       0x66 ./Core/Src/dma.o
 *fill*         0x0800066e        0x2 
 .text.LL_AHB1_GRP1_EnableClock
                0x08000670       0x38 ./Core/Src/dma.o
 .text.MX_DMA_Init
                0x080006a8      0x194 ./Core/Src/dma.o
                0x080006a8                MX_DMA_Init
 .text.LL_AHB4_GRP1_EnableClock
                0x0800083c       0x38 ./Core/Src/gpio.o
 .text.LL_GPIO_ResetOutputPin
                0x08000874       0x1e ./Core/Src/gpio.o
 *fill*         0x08000892        0x2 
 .text.MX_GPIO_Init
                0x08000894      0x128 ./Core/Src/gpio.o
                0x08000894                MX_GPIO_Init
 .text.LL_RCC_SetClockSource
                0x080009bc       0x54 ./Core/Src/i2c.o
 .text.LL_RCC_SetI2CClockSource
                0x08000a10       0x16 ./Core/Src/i2c.o
 *fill*         0x08000a26        0x2 
 .text.MX_I2C1_Init
                0x08000a28       0x80 ./Core/Src/i2c.o
                0x08000a28                MX_I2C1_Init
 .text.HAL_I2C_MspInit
                0x08000aa8       0xa0 ./Core/Src/i2c.o
                0x08000aa8                HAL_I2C_MspInit
 .text.LL_RCC_HSE_EnableCSS
                0x08000b48       0x20 ./Core/Src/main.o
 .text.LL_RCC_HSE_Enable
                0x08000b68       0x20 ./Core/Src/main.o
 .text.LL_RCC_HSE_IsReady
                0x08000b88       0x28 ./Core/Src/main.o
 .text.LL_RCC_HSI48_Enable
                0x08000bb0       0x20 ./Core/Src/main.o
 .text.LL_RCC_HSI48_IsReady
                0x08000bd0       0x28 ./Core/Src/main.o
 .text.LL_RCC_SetSysClkSource
                0x08000bf8       0x28 ./Core/Src/main.o
 .text.LL_RCC_GetSysClkSource
                0x08000c20       0x1c ./Core/Src/main.o
 .text.LL_RCC_SetSysPrescaler
                0x08000c3c       0x28 ./Core/Src/main.o
 .text.LL_RCC_SetAHBPrescaler
                0x08000c64       0x28 ./Core/Src/main.o
 .text.LL_RCC_SetAPB1Prescaler
                0x08000c8c       0x28 ./Core/Src/main.o
 .text.LL_RCC_SetAPB2Prescaler
                0x08000cb4       0x28 ./Core/Src/main.o
 .text.LL_RCC_SetAPB3Prescaler
                0x08000cdc       0x28 ./Core/Src/main.o
 .text.LL_RCC_SetAPB4Prescaler
                0x08000d04       0x28 ./Core/Src/main.o
 .text.LL_RCC_PLL_SetSource
                0x08000d2c       0x28 ./Core/Src/main.o
 .text.LL_RCC_PLL1_Enable
                0x08000d54       0x20 ./Core/Src/main.o
 .text.LL_RCC_PLL1_IsReady
                0x08000d74       0x28 ./Core/Src/main.o
 .text.LL_RCC_PLL1P_Enable
                0x08000d9c       0x20 ./Core/Src/main.o
 .text.LL_RCC_PLL1R_Enable
                0x08000dbc       0x20 ./Core/Src/main.o
 .text.LL_RCC_PLL1_SetVCOOutputRange
                0x08000ddc       0x2c ./Core/Src/main.o
 .text.LL_RCC_PLL1_SetVCOInputRange
                0x08000e08       0x2c ./Core/Src/main.o
 .text.LL_RCC_PLL1_SetN
                0x08000e34       0x30 ./Core/Src/main.o
 .text.LL_RCC_PLL1_SetM
                0x08000e64       0x2c ./Core/Src/main.o
 .text.LL_RCC_PLL1_SetP
                0x08000e90       0x2c ./Core/Src/main.o
 .text.LL_RCC_PLL1_SetQ
                0x08000ebc       0x2c ./Core/Src/main.o
 .text.LL_RCC_PLL1_SetR
                0x08000ee8       0x2c ./Core/Src/main.o
 .text.LL_RCC_PLL3_Enable
                0x08000f14       0x20 ./Core/Src/main.o
 .text.LL_RCC_PLL3_IsReady
                0x08000f34       0x28 ./Core/Src/main.o
 .text.LL_RCC_PLL3P_Enable
                0x08000f5c       0x20 ./Core/Src/main.o
 .text.LL_RCC_PLL3_SetVCOOutputRange
                0x08000f7c       0x2c ./Core/Src/main.o
 .text.LL_RCC_PLL3_SetVCOInputRange
                0x08000fa8       0x2c ./Core/Src/main.o
 .text.LL_RCC_PLL3_SetN
                0x08000fd4       0x30 ./Core/Src/main.o
 .text.LL_RCC_PLL3_SetM
                0x08001004       0x2c ./Core/Src/main.o
 .text.LL_RCC_PLL3_SetP
                0x08001030       0x2c ./Core/Src/main.o
 .text.LL_RCC_PLL3_SetQ
                0x0800105c       0x2c ./Core/Src/main.o
 .text.LL_RCC_PLL3_SetR
                0x08001088       0x2c ./Core/Src/main.o
 .text.LL_FLASH_SetLatency
                0x080010b4       0x28 ./Core/Src/main.o
 .text.LL_FLASH_GetLatency
                0x080010dc       0x1c ./Core/Src/main.o
 .text.LL_MPU_Enable
                0x080010f8       0x30 ./Core/Src/main.o
 .text.LL_MPU_Disable
                0x08001128       0x20 ./Core/Src/main.o
 .text.LL_MPU_ConfigRegion
                0x08001148       0x40 ./Core/Src/main.o
 .text.LL_PWR_ConfigSupply
                0x08001188       0x28 ./Core/Src/main.o
 .text.LL_PWR_SetRegulVoltageScaling
                0x080011b0       0x28 ./Core/Src/main.o
 .text.LL_PWR_IsActiveFlag_VOS
                0x080011d8       0x28 ./Core/Src/main.o
 .text.LL_TIM_EnableCounter
                0x08001200       0x20 ./Core/Src/main.o
 .text.LL_TIM_EnableIT_UPDATE
                0x08001220       0x20 ./Core/Src/main.o
 .text.LL_USART_EnableIT_RXNE_RXFNE
                0x08001240       0x42 ./Core/Src/main.o
 *fill*         0x08001282        0x2 
 .text.main     0x08001284      0x224 ./Core/Src/main.o
                0x08001284                main
 .text.SystemClock_Config
                0x080014a8       0xfc ./Core/Src/main.o
                0x080014a8                SystemClock_Config
 .text.PeriphCommonClock_Config
                0x080015a4       0x48 ./Core/Src/main.o
                0x080015a4                PeriphCommonClock_Config
 .text.Is_CP_MP_Data_Received
                0x080015ec       0x40 ./Core/Src/main.o
                0x080015ec                Is_CP_MP_Data_Received
 .text.Is_Throttle_Min
                0x0800162c       0x4c ./Core/Src/main.o
                0x0800162c                Is_Throttle_Min
 .text.CP_MP_Check_CHKSUM
                0x08001678       0xb2 ./Core/Src/main.o
                0x08001678                CP_MP_Check_CHKSUM
 .text.CP_MP_Parsing
                0x0800172a      0x176 ./Core/Src/main.o
                0x0800172a                CP_MP_Parsing
 .text.CP_MP_isActiveFailsafe
                0x080018a0       0x22 ./Core/Src/main.o
                0x080018a0                CP_MP_isActiveFailsafe
 *fill*         0x080018c2        0x2 
 .text.MPU_Config
                0x080018c4       0x24 ./Core/Src/main.o
 .text.Error_Handler
                0x080018e8        0xc ./Core/Src/main.o
                0x080018e8                Error_Handler
 .text.LL_RCC_SetClockSource
                0x080018f4       0x54 ./Core/Src/spi.o
 .text.LL_RCC_SetSPIClockSource
                0x08001948       0x16 ./Core/Src/spi.o
 *fill*         0x0800195e        0x2 
 .text.LL_AHB4_GRP1_EnableClock
                0x08001960       0x38 ./Core/Src/spi.o
 .text.LL_APB1_GRP1_EnableClock
                0x08001998       0x38 ./Core/Src/spi.o
 .text.LL_APB2_GRP1_EnableClock
                0x080019d0       0x38 ./Core/Src/spi.o
 .text.LL_APB4_GRP1_EnableClock
                0x08001a08       0x38 ./Core/Src/spi.o
 .text.LL_SPI_SetStandard
                0x08001a40       0x26 ./Core/Src/spi.o
 .text.LL_SPI_SetFIFOThreshold
                0x08001a66       0x26 ./Core/Src/spi.o
 .text.LL_SPI_EnableNSSPulseMgt
                0x08001a8c       0x20 ./Core/Src/spi.o
 .text.MX_SPI1_Init
                0x08001aac       0xbc ./Core/Src/spi.o
                0x08001aac                MX_SPI1_Init
 .text.MX_SPI3_Init
                0x08001b68       0xc0 ./Core/Src/spi.o
                0x08001b68                MX_SPI3_Init
 .text.MX_SPI6_Init
                0x08001c28       0xbc ./Core/Src/spi.o
                0x08001c28                MX_SPI6_Init
 .text.HAL_MspInit
                0x08001ce4       0x34 ./Core/Src/stm32h7xx_hal_msp.o
                0x08001ce4                HAL_MspInit
 .text.LL_TIM_ClearFlag_UPDATE
                0x08001d18       0x1c ./Core/Src/stm32h7xx_it.o
 .text.LL_TIM_IsActiveFlag_UPDATE
                0x08001d34       0x26 ./Core/Src/stm32h7xx_it.o
 .text.LL_USART_IsActiveFlag_RXNE_RXFNE
                0x08001d5a       0x26 ./Core/Src/stm32h7xx_it.o
 .text.LL_USART_ReceiveData8
                0x08001d80       0x1a ./Core/Src/stm32h7xx_it.o
 .text.NMI_Handler
                0x08001d9a        0x8 ./Core/Src/stm32h7xx_it.o
                0x08001d9a                NMI_Handler
 .text.HardFault_Handler
                0x08001da2        0x8 ./Core/Src/stm32h7xx_it.o
                0x08001da2                HardFault_Handler
 .text.MemManage_Handler
                0x08001daa        0x8 ./Core/Src/stm32h7xx_it.o
                0x08001daa                MemManage_Handler
 .text.BusFault_Handler
                0x08001db2        0x8 ./Core/Src/stm32h7xx_it.o
                0x08001db2                BusFault_Handler
 .text.UsageFault_Handler
                0x08001dba        0x8 ./Core/Src/stm32h7xx_it.o
                0x08001dba                UsageFault_Handler
 .text.SVC_Handler
                0x08001dc2        0xe ./Core/Src/stm32h7xx_it.o
                0x08001dc2                SVC_Handler
 .text.DebugMon_Handler
                0x08001dd0        0xe ./Core/Src/stm32h7xx_it.o
                0x08001dd0                DebugMon_Handler
 .text.PendSV_Handler
                0x08001dde        0xe ./Core/Src/stm32h7xx_it.o
                0x08001dde                PendSV_Handler
 .text.SysTick_Handler
                0x08001dec        0xc ./Core/Src/stm32h7xx_it.o
                0x08001dec                SysTick_Handler
 .text.DMA1_Stream0_IRQHandler
                0x08001df8        0xe ./Core/Src/stm32h7xx_it.o
                0x08001df8                DMA1_Stream0_IRQHandler
 .text.DMA1_Stream1_IRQHandler
                0x08001e06        0xe ./Core/Src/stm32h7xx_it.o
                0x08001e06                DMA1_Stream1_IRQHandler
 .text.DMA1_Stream2_IRQHandler
                0x08001e14        0xe ./Core/Src/stm32h7xx_it.o
                0x08001e14                DMA1_Stream2_IRQHandler
 .text.DMA1_Stream3_IRQHandler
                0x08001e22        0xe ./Core/Src/stm32h7xx_it.o
                0x08001e22                DMA1_Stream3_IRQHandler
 .text.DMA1_Stream4_IRQHandler
                0x08001e30        0xe ./Core/Src/stm32h7xx_it.o
                0x08001e30                DMA1_Stream4_IRQHandler
 .text.DMA1_Stream5_IRQHandler
                0x08001e3e        0xe ./Core/Src/stm32h7xx_it.o
                0x08001e3e                DMA1_Stream5_IRQHandler
 .text.DMA1_Stream6_IRQHandler
                0x08001e4c        0xe ./Core/Src/stm32h7xx_it.o
                0x08001e4c                DMA1_Stream6_IRQHandler
 *fill*         0x08001e5a        0x2 
 .text.USART1_IRQHandler
                0x08001e5c       0x34 ./Core/Src/stm32h7xx_it.o
                0x08001e5c                USART1_IRQHandler
 .text.USART2_IRQHandler
                0x08001e90        0xe ./Core/Src/stm32h7xx_it.o
                0x08001e90                USART2_IRQHandler
 *fill*         0x08001e9e        0x2 
 .text.USART3_IRQHandler
                0x08001ea0       0xd4 ./Core/Src/stm32h7xx_it.o
                0x08001ea0                USART3_IRQHandler
 .text.DMA1_Stream7_IRQHandler
                0x08001f74        0xe ./Core/Src/stm32h7xx_it.o
                0x08001f74                DMA1_Stream7_IRQHandler
 *fill*         0x08001f82        0x2 
 .text.TIM7_IRQHandler
                0x08001f84       0x98 ./Core/Src/stm32h7xx_it.o
                0x08001f84                TIM7_IRQHandler
 .text.DMA2_Stream0_IRQHandler
                0x0800201c        0xe ./Core/Src/stm32h7xx_it.o
                0x0800201c                DMA2_Stream0_IRQHandler
 .text.DMA2_Stream1_IRQHandler
                0x0800202a        0xe ./Core/Src/stm32h7xx_it.o
                0x0800202a                DMA2_Stream1_IRQHandler
 .text.DMA2_Stream2_IRQHandler
                0x08002038        0xe ./Core/Src/stm32h7xx_it.o
                0x08002038                DMA2_Stream2_IRQHandler
 .text.DMA2_Stream3_IRQHandler
                0x08002046        0xe ./Core/Src/stm32h7xx_it.o
                0x08002046                DMA2_Stream3_IRQHandler
 .text.SystemInit
                0x08002054      0x140 ./Core/Src/system_stm32h7xx.o
                0x08002054                SystemInit
 .text.ExitRun0Mode
                0x08002194       0x30 ./Core/Src/system_stm32h7xx.o
                0x08002194                ExitRun0Mode
 .text.__NVIC_GetPriorityGrouping
                0x080021c4       0x1c ./Core/Src/tim.o
 .text.__NVIC_EnableIRQ
                0x080021e0       0x3c ./Core/Src/tim.o
 .text.__NVIC_SetPriority
                0x0800221c       0x54 ./Core/Src/tim.o
 .text.NVIC_EncodePriority
                0x08002270       0x66 ./Core/Src/tim.o
 *fill*         0x080022d6        0x2 
 .text.LL_DMA_SetDataTransferDirection
                0x080022d8       0x4c ./Core/Src/tim.o
 .text.LL_DMA_SetMode
                0x08002324       0x4c ./Core/Src/tim.o
 .text.LL_DMA_SetPeriphIncMode
                0x08002370       0x4c ./Core/Src/tim.o
 .text.LL_DMA_SetMemoryIncMode
                0x080023bc       0x4c ./Core/Src/tim.o
 .text.LL_DMA_SetPeriphSize
                0x08002408       0x4c ./Core/Src/tim.o
 .text.LL_DMA_SetMemorySize
                0x08002454       0x4c ./Core/Src/tim.o
 .text.LL_DMA_SetStreamPriorityLevel
                0x080024a0       0x4c ./Core/Src/tim.o
 .text.LL_DMA_SetPeriphRequest
                0x080024ec       0x60 ./Core/Src/tim.o
 .text.LL_DMA_DisableFifoMode
                0x0800254c       0x44 ./Core/Src/tim.o
 .text.LL_AHB4_GRP1_EnableClock
                0x08002590       0x38 ./Core/Src/tim.o
 .text.LL_APB1_GRP1_EnableClock
                0x080025c8       0x38 ./Core/Src/tim.o
 .text.LL_APB2_GRP1_EnableClock
                0x08002600       0x38 ./Core/Src/tim.o
 .text.LL_TIM_EnableARRPreload
                0x08002638       0x20 ./Core/Src/tim.o
 .text.LL_TIM_DisableARRPreload
                0x08002658       0x20 ./Core/Src/tim.o
 .text.LL_TIM_OC_DisableFast
                0x08002678       0xa4 ./Core/Src/tim.o
 .text.LL_TIM_OC_EnablePreload
                0x0800271c       0xa0 ./Core/Src/tim.o
 .text.LL_TIM_SetTriggerOutput
                0x080027bc       0x26 ./Core/Src/tim.o
 .text.LL_TIM_SetTriggerOutput2
                0x080027e2       0x26 ./Core/Src/tim.o
 .text.LL_TIM_DisableMasterSlaveMode
                0x08002808       0x20 ./Core/Src/tim.o
 .text.MX_TIM1_Init
                0x08002828      0x330 ./Core/Src/tim.o
                0x08002828                MX_TIM1_Init
 .text.MX_TIM4_Init
                0x08002b58      0x140 ./Core/Src/tim.o
                0x08002b58                MX_TIM4_Init
 .text.MX_TIM5_Init
                0x08002c98      0x2c8 ./Core/Src/tim.o
                0x08002c98                MX_TIM5_Init
 .text.MX_TIM7_Init
                0x08002f60       0x74 ./Core/Src/tim.o
                0x08002f60                MX_TIM7_Init
 .text.MX_TIM8_Init
                0x08002fd4      0x330 ./Core/Src/tim.o
                0x08002fd4                MX_TIM8_Init
 .text.__NVIC_GetPriorityGrouping
                0x08003304       0x1c ./Core/Src/usart.o
 .text.__NVIC_EnableIRQ
                0x08003320       0x3c ./Core/Src/usart.o
 .text.__NVIC_SetPriority
                0x0800335c       0x54 ./Core/Src/usart.o
 .text.NVIC_EncodePriority
                0x080033b0       0x66 ./Core/Src/usart.o
 *fill*         0x08003416        0x2 
 .text.LL_RCC_SetClockSource
                0x08003418       0x54 ./Core/Src/usart.o
 .text.LL_RCC_SetUSARTClockSource
                0x0800346c       0x16 ./Core/Src/usart.o
 *fill*         0x08003482        0x2 
 .text.LL_AHB4_GRP1_EnableClock
                0x08003484       0x38 ./Core/Src/usart.o
 .text.LL_APB1_GRP1_EnableClock
                0x080034bc       0x38 ./Core/Src/usart.o
 .text.LL_APB2_GRP1_EnableClock
                0x080034f4       0x38 ./Core/Src/usart.o
 .text.LL_USART_Enable
                0x0800352c       0x20 ./Core/Src/usart.o
 .text.LL_USART_DisableFIFO
                0x0800354c       0x20 ./Core/Src/usart.o
 .text.LL_USART_SetTXFIFOThreshold
                0x0800356c       0x4e ./Core/Src/usart.o
 .text.LL_USART_SetRXFIFOThreshold
                0x080035ba       0x4e ./Core/Src/usart.o
 .text.LL_USART_ConfigAsyncMode
                0x08003608       0x2c ./Core/Src/usart.o
 .text.LL_USART_IsActiveFlag_TEACK
                0x08003634       0x28 ./Core/Src/usart.o
 .text.LL_USART_IsActiveFlag_REACK
                0x0800365c       0x28 ./Core/Src/usart.o
 .text.MX_USART1_UART_Init
                0x08003684       0xf8 ./Core/Src/usart.o
                0x08003684                MX_USART1_UART_Init
 .text.MX_USART2_UART_Init
                0x0800377c       0xfc ./Core/Src/usart.o
                0x0800377c                MX_USART2_UART_Init
 .text.MX_USART3_UART_Init
                0x08003878      0x100 ./Core/Src/usart.o
                0x08003878                MX_USART3_UART_Init
 .text.MX_USB_OTG_FS_USB_Init
                0x08003978        0xe ./Core/Src/usb_otg.o
                0x08003978                MX_USB_OTG_FS_USB_Init
 *fill*         0x08003986        0x2 
 .text.Reset_Handler
                0x08003988       0x54 ./Core/Startup/startup_stm32h753vitx.o
                0x08003988                Reset_Handler
 .text.Default_Handler
                0x080039dc        0x2 ./Core/Startup/startup_stm32h753vitx.o
                0x080039dc                RTC_Alarm_IRQHandler
                0x080039dc                HASH_RNG_IRQHandler
                0x080039dc                EXTI2_IRQHandler
                0x080039dc                TIM8_CC_IRQHandler
                0x080039dc                HRTIM1_Master_IRQHandler
                0x080039dc                UART8_IRQHandler
                0x080039dc                SPI4_IRQHandler
                0x080039dc                TIM1_CC_IRQHandler
                0x080039dc                BDMA_Channel6_IRQHandler
                0x080039dc                DMA2_Stream5_IRQHandler
                0x080039dc                HRTIM1_FLT_IRQHandler
                0x080039dc                JPEG_IRQHandler
                0x080039dc                BDMA_Channel1_IRQHandler
                0x080039dc                HRTIM1_TIMD_IRQHandler
                0x080039dc                TAMP_STAMP_IRQHandler
                0x080039dc                EXTI3_IRQHandler
                0x080039dc                LPTIM4_IRQHandler
                0x080039dc                TIM8_TRG_COM_TIM14_IRQHandler
                0x080039dc                LPTIM2_IRQHandler
                0x080039dc                DFSDM1_FLT1_IRQHandler
                0x080039dc                DMAMUX2_OVR_IRQHandler
                0x080039dc                TIM8_UP_TIM13_IRQHandler
                0x080039dc                I2C3_ER_IRQHandler
                0x080039dc                DFSDM1_FLT2_IRQHandler
                0x080039dc                MDMA_IRQHandler
                0x080039dc                LPTIM3_IRQHandler
                0x080039dc                HSEM1_IRQHandler
                0x080039dc                EXTI0_IRQHandler
                0x080039dc                I2C2_EV_IRQHandler
                0x080039dc                FPU_IRQHandler
                0x080039dc                OTG_HS_WKUP_IRQHandler
                0x080039dc                FDCAN1_IT1_IRQHandler
                0x080039dc                LTDC_ER_IRQHandler
                0x080039dc                HRTIM1_TIME_IRQHandler
                0x080039dc                SPI1_IRQHandler
                0x080039dc                TIM6_DAC_IRQHandler
                0x080039dc                DCMI_IRQHandler
                0x080039dc                HRTIM1_TIMC_IRQHandler
                0x080039dc                SAI2_IRQHandler
                0x080039dc                DFSDM1_FLT3_IRQHandler
                0x080039dc                USART6_IRQHandler
                0x080039dc                TIM17_IRQHandler
                0x080039dc                BDMA_Channel7_IRQHandler
                0x080039dc                CRYP_IRQHandler
                0x080039dc                LPTIM5_IRQHandler
                0x080039dc                UART5_IRQHandler
                0x080039dc                ADC3_IRQHandler
                0x080039dc                TIM4_IRQHandler
                0x080039dc                BDMA_Channel2_IRQHandler
                0x080039dc                QUADSPI_IRQHandler
                0x080039dc                I2C1_EV_IRQHandler
                0x080039dc                DMAMUX1_OVR_IRQHandler
                0x080039dc                TIM16_IRQHandler
                0x080039dc                UART4_IRQHandler
                0x080039dc                BDMA_Channel5_IRQHandler
                0x080039dc                TIM3_IRQHandler
                0x080039dc                RCC_IRQHandler
                0x080039dc                TIM8_BRK_TIM12_IRQHandler
                0x080039dc                TIM1_TRG_COM_IRQHandler
                0x080039dc                Default_Handler
                0x080039dc                ECC_IRQHandler
                0x080039dc                CEC_IRQHandler
                0x080039dc                EXTI15_10_IRQHandler
                0x080039dc                BDMA_Channel0_IRQHandler
                0x080039dc                ADC_IRQHandler
                0x080039dc                HRTIM1_TIMA_IRQHandler
                0x080039dc                SPI5_IRQHandler
                0x080039dc                SDMMC1_IRQHandler
                0x080039dc                TIM5_IRQHandler
                0x080039dc                DMA2_Stream7_IRQHandler
                0x080039dc                TIM15_IRQHandler
                0x080039dc                PVD_AVD_IRQHandler
                0x080039dc                I2C3_EV_IRQHandler
                0x080039dc                EXTI9_5_IRQHandler
                0x080039dc                RTC_WKUP_IRQHandler
                0x080039dc                LTDC_IRQHandler
                0x080039dc                SAI3_IRQHandler
                0x080039dc                ETH_WKUP_IRQHandler
                0x080039dc                SPDIF_RX_IRQHandler
                0x080039dc                SPI2_IRQHandler
                0x080039dc                OTG_HS_EP1_IN_IRQHandler
                0x080039dc                CRS_IRQHandler
                0x080039dc                EXTI4_IRQHandler
                0x080039dc                HRTIM1_TIMB_IRQHandler
                0x080039dc                FDCAN2_IT1_IRQHandler
                0x080039dc                ETH_IRQHandler
                0x080039dc                TIM1_UP_IRQHandler
                0x080039dc                BDMA_Channel4_IRQHandler
                0x080039dc                OTG_HS_EP1_OUT_IRQHandler
                0x080039dc                WWDG_IRQHandler
                0x080039dc                SPI6_IRQHandler
                0x080039dc                MDIOS_IRQHandler
                0x080039dc                I2C4_EV_IRQHandler
                0x080039dc                FDCAN2_IT0_IRQHandler
                0x080039dc                LPUART1_IRQHandler
                0x080039dc                FDCAN1_IT0_IRQHandler
                0x080039dc                TIM2_IRQHandler
                0x080039dc                OTG_FS_WKUP_IRQHandler
                0x080039dc                OTG_HS_IRQHandler
                0x080039dc                DMA2D_IRQHandler
                0x080039dc                TIM1_BRK_IRQHandler
                0x080039dc                EXTI1_IRQHandler
                0x080039dc                SDMMC2_IRQHandler
                0x080039dc                OTG_FS_EP1_OUT_IRQHandler
                0x080039dc                BDMA_Channel3_IRQHandler
                0x080039dc                UART7_IRQHandler
                0x080039dc                MDIOS_WKUP_IRQHandler
                0x080039dc                DFSDM1_FLT0_IRQHandler
                0x080039dc                SAI4_IRQHandler
                0x080039dc                I2C2_ER_IRQHandler
                0x080039dc                FLASH_IRQHandler
                0x080039dc                DMA2_Stream4_IRQHandler
                0x080039dc                OTG_FS_IRQHandler
                0x080039dc                SPI3_IRQHandler
                0x080039dc                WAKEUP_PIN_IRQHandler
                0x080039dc                OTG_FS_EP1_IN_IRQHandler
                0x080039dc                I2C1_ER_IRQHandler
                0x080039dc                FMC_IRQHandler
                0x080039dc                FDCAN_CAL_IRQHandler
                0x080039dc                SWPMI1_IRQHandler
                0x080039dc                COMP1_IRQHandler
                0x080039dc                LPTIM1_IRQHandler
                0x080039dc                I2C4_ER_IRQHandler
                0x080039dc                DMA2_Stream6_IRQHandler
                0x080039dc                SAI1_IRQHandler
 *fill*         0x080039de        0x2 
 .text.HAL_Init
                0x080039e0       0x78 ./Drivers/STM32H7xx_HAL_Driver/Src/stm32h7xx_hal.o
                0x080039e0                HAL_Init
 .text.HAL_InitTick
                0x08003a58       0x6c ./Drivers/STM32H7xx_HAL_Driver/Src/stm32h7xx_hal.o
                0x08003a58                HAL_InitTick
 .text.HAL_IncTick
                0x08003ac4       0x28 ./Drivers/STM32H7xx_HAL_Driver/Src/stm32h7xx_hal.o
                0x08003ac4                HAL_IncTick
 .text.__NVIC_SetPriorityGrouping
                0x08003aec       0x48 ./Drivers/STM32H7xx_HAL_Driver/Src/stm32h7xx_hal_cortex.o
 .text.__NVIC_GetPriorityGrouping
                0x08003b34       0x1c ./Drivers/STM32H7xx_HAL_Driver/Src/stm32h7xx_hal_cortex.o
 .text.__NVIC_SetPriority
                0x08003b50       0x54 ./Drivers/STM32H7xx_HAL_Driver/Src/stm32h7xx_hal_cortex.o
 .text.NVIC_EncodePriority
                0x08003ba4       0x66 ./Drivers/STM32H7xx_HAL_Driver/Src/stm32h7xx_hal_cortex.o
 *fill*         0x08003c0a        0x2 
 .text.SysTick_Config
                0x08003c0c       0x44 ./Drivers/STM32H7xx_HAL_Driver/Src/stm32h7xx_hal_cortex.o
 .text.HAL_NVIC_SetPriorityGrouping
                0x08003c50       0x16 ./Drivers/STM32H7xx_HAL_Driver/Src/stm32h7xx_hal_cortex.o
                0x08003c50                HAL_NVIC_SetPriorityGrouping
 .text.HAL_NVIC_SetPriority
                0x08003c66       0x34 ./Drivers/STM32H7xx_HAL_Driver/Src/stm32h7xx_hal_cortex.o
                0x08003c66                HAL_NVIC_SetPriority
 .text.HAL_SYSTICK_Config
                0x08003c9a       0x18 ./Drivers/STM32H7xx_HAL_Driver/Src/stm32h7xx_hal_cortex.o
                0x08003c9a                HAL_SYSTICK_Config
 *fill*         0x08003cb2        0x2 
 .text.HAL_GPIO_Init
                0x08003cb4      0x360 ./Drivers/STM32H7xx_HAL_Driver/Src/stm32h7xx_hal_gpio.o
                0x08003cb4                HAL_GPIO_Init
 .text.HAL_I2C_Init
                0x08004014      0x138 ./Drivers/STM32H7xx_HAL_Driver/Src/stm32h7xx_hal_i2c.o
                0x08004014                HAL_I2C_Init
 .text.HAL_I2CEx_ConfigAnalogFilter
                0x0800414c       0x96 ./Drivers/STM32H7xx_HAL_Driver/Src/stm32h7xx_hal_i2c_ex.o
                0x0800414c                HAL_I2CEx_ConfigAnalogFilter
 .text.HAL_I2CEx_ConfigDigitalFilter
                0x080041e2       0x98 ./Drivers/STM32H7xx_HAL_Driver/Src/stm32h7xx_hal_i2c_ex.o
                0x080041e2                HAL_I2CEx_ConfigDigitalFilter
 *fill*         0x0800427a        0x2 
 .text.HAL_RCC_GetSysClockFreq
                0x0800427c      0x2f4 ./Drivers/STM32H7xx_HAL_Driver/Src/stm32h7xx_hal_rcc.o
                0x0800427c                HAL_RCC_GetSysClockFreq
 .text.LL_GPIO_SetPinMode
                0x08004570       0x40 ./Drivers/STM32H7xx_HAL_Driver/Src/stm32h7xx_ll_gpio.o
 .text.LL_GPIO_SetPinOutputType
                0x080045b0       0x30 ./Drivers/STM32H7xx_HAL_Driver/Src/stm32h7xx_ll_gpio.o
 .text.LL_GPIO_SetPinSpeed
                0x080045e0       0x40 ./Drivers/STM32H7xx_HAL_Driver/Src/stm32h7xx_ll_gpio.o
 .text.LL_GPIO_SetPinPull
                0x08004620       0x40 ./Drivers/STM32H7xx_HAL_Driver/Src/stm32h7xx_ll_gpio.o
 .text.LL_GPIO_SetAFPin_0_7
                0x08004660       0x58 ./Drivers/STM32H7xx_HAL_Driver/Src/stm32h7xx_ll_gpio.o
 .text.LL_GPIO_SetAFPin_8_15
                0x080046b8       0x6c ./Drivers/STM32H7xx_HAL_Driver/Src/stm32h7xx_ll_gpio.o
 .text.LL_GPIO_Init
                0x08004724       0xdc ./Drivers/STM32H7xx_HAL_Driver/Src/stm32h7xx_ll_gpio.o
                0x08004724                LL_GPIO_Init
 .text.LL_RCC_HSE_IsReady
                0x08004800       0x28 ./Drivers/STM32H7xx_HAL_Driver/Src/stm32h7xx_ll_rcc.o
 .text.LL_RCC_HSI_IsReady
                0x08004828       0x24 ./Drivers/STM32H7xx_HAL_Driver/Src/stm32h7xx_ll_rcc.o
 .text.LL_RCC_HSI_GetDivider
                0x0800484c       0x1c ./Drivers/STM32H7xx_HAL_Driver/Src/stm32h7xx_ll_rcc.o
 .text.LL_RCC_CSI_IsReady
                0x08004868       0x28 ./Drivers/STM32H7xx_HAL_Driver/Src/stm32h7xx_ll_rcc.o
 .text.LL_RCC_LSE_IsReady
                0x08004890       0x24 ./Drivers/STM32H7xx_HAL_Driver/Src/stm32h7xx_ll_rcc.o
 .text.LL_RCC_GetSysClkSource
                0x080048b4       0x1c ./Drivers/STM32H7xx_HAL_Driver/Src/stm32h7xx_ll_rcc.o
 .text.LL_RCC_GetSysPrescaler
                0x080048d0       0x1c ./Drivers/STM32H7xx_HAL_Driver/Src/stm32h7xx_ll_rcc.o
 .text.LL_RCC_GetAHBPrescaler
                0x080048ec       0x1c ./Drivers/STM32H7xx_HAL_Driver/Src/stm32h7xx_ll_rcc.o
 .text.LL_RCC_GetAPB1Prescaler
                0x08004908       0x1c ./Drivers/STM32H7xx_HAL_Driver/Src/stm32h7xx_ll_rcc.o
 .text.LL_RCC_GetAPB2Prescaler
                0x08004924       0x1c ./Drivers/STM32H7xx_HAL_Driver/Src/stm32h7xx_ll_rcc.o
 .text.LL_RCC_GetClockSource
                0x08004940       0x4c ./Drivers/STM32H7xx_HAL_Driver/Src/stm32h7xx_ll_rcc.o
 .text.LL_RCC_GetUSARTClockSource
                0x0800498c       0x18 ./Drivers/STM32H7xx_HAL_Driver/Src/stm32h7xx_ll_rcc.o
 .text.LL_RCC_PLL_GetSource
                0x080049a4       0x1c ./Drivers/STM32H7xx_HAL_Driver/Src/stm32h7xx_ll_rcc.o
 .text.LL_RCC_PLL1P_IsEnabled
                0x080049c0       0x28 ./Drivers/STM32H7xx_HAL_Driver/Src/stm32h7xx_ll_rcc.o
 .text.LL_RCC_PLL1Q_IsEnabled
                0x080049e8       0x28 ./Drivers/STM32H7xx_HAL_Driver/Src/stm32h7xx_ll_rcc.o
 .text.LL_RCC_PLL1R_IsEnabled
                0x08004a10       0x28 ./Drivers/STM32H7xx_HAL_Driver/Src/stm32h7xx_ll_rcc.o
 .text.LL_RCC_PLL1FRACN_IsEnabled
                0x08004a38       0x24 ./Drivers/STM32H7xx_HAL_Driver/Src/stm32h7xx_ll_rcc.o
 .text.LL_RCC_PLL1_GetN
                0x08004a5c       0x1c ./Drivers/STM32H7xx_HAL_Driver/Src/stm32h7xx_ll_rcc.o
 .text.LL_RCC_PLL1_GetM
                0x08004a78       0x1c ./Drivers/STM32H7xx_HAL_Driver/Src/stm32h7xx_ll_rcc.o
 .text.LL_RCC_PLL1_GetP
                0x08004a94       0x20 ./Drivers/STM32H7xx_HAL_Driver/Src/stm32h7xx_ll_rcc.o
 .text.LL_RCC_PLL1_GetQ
                0x08004ab4       0x20 ./Drivers/STM32H7xx_HAL_Driver/Src/stm32h7xx_ll_rcc.o
 .text.LL_RCC_PLL1_GetR
                0x08004ad4       0x20 ./Drivers/STM32H7xx_HAL_Driver/Src/stm32h7xx_ll_rcc.o
 .text.LL_RCC_PLL1_GetFRACN
                0x08004af4       0x1c ./Drivers/STM32H7xx_HAL_Driver/Src/stm32h7xx_ll_rcc.o
 .text.LL_RCC_PLL2_IsReady
                0x08004b10       0x28 ./Drivers/STM32H7xx_HAL_Driver/Src/stm32h7xx_ll_rcc.o
 .text.LL_RCC_PLL2P_IsEnabled
                0x08004b38       0x28 ./Drivers/STM32H7xx_HAL_Driver/Src/stm32h7xx_ll_rcc.o
 .text.LL_RCC_PLL2Q_IsEnabled
                0x08004b60       0x28 ./Drivers/STM32H7xx_HAL_Driver/Src/stm32h7xx_ll_rcc.o
 .text.LL_RCC_PLL2R_IsEnabled
                0x08004b88       0x28 ./Drivers/STM32H7xx_HAL_Driver/Src/stm32h7xx_ll_rcc.o
 .text.LL_RCC_PLL2FRACN_IsEnabled
                0x08004bb0       0x24 ./Drivers/STM32H7xx_HAL_Driver/Src/stm32h7xx_ll_rcc.o
 .text.LL_RCC_PLL2_GetN
                0x08004bd4       0x1c ./Drivers/STM32H7xx_HAL_Driver/Src/stm32h7xx_ll_rcc.o
 .text.LL_RCC_PLL2_GetM
                0x08004bf0       0x1c ./Drivers/STM32H7xx_HAL_Driver/Src/stm32h7xx_ll_rcc.o
 .text.LL_RCC_PLL2_GetP
                0x08004c0c       0x20 ./Drivers/STM32H7xx_HAL_Driver/Src/stm32h7xx_ll_rcc.o
 .text.LL_RCC_PLL2_GetQ
                0x08004c2c       0x20 ./Drivers/STM32H7xx_HAL_Driver/Src/stm32h7xx_ll_rcc.o
 .text.LL_RCC_PLL2_GetR
                0x08004c4c       0x20 ./Drivers/STM32H7xx_HAL_Driver/Src/stm32h7xx_ll_rcc.o
 .text.LL_RCC_PLL2_GetFRACN
                0x08004c6c       0x1c ./Drivers/STM32H7xx_HAL_Driver/Src/stm32h7xx_ll_rcc.o
 .text.LL_RCC_PLL3_IsReady
                0x08004c88       0x28 ./Drivers/STM32H7xx_HAL_Driver/Src/stm32h7xx_ll_rcc.o
 .text.LL_RCC_PLL3P_IsEnabled
                0x08004cb0       0x28 ./Drivers/STM32H7xx_HAL_Driver/Src/stm32h7xx_ll_rcc.o
 .text.LL_RCC_PLL3Q_IsEnabled
                0x08004cd8       0x28 ./Drivers/STM32H7xx_HAL_Driver/Src/stm32h7xx_ll_rcc.o
 .text.LL_RCC_PLL3R_IsEnabled
                0x08004d00       0x28 ./Drivers/STM32H7xx_HAL_Driver/Src/stm32h7xx_ll_rcc.o
 .text.LL_RCC_PLL3FRACN_IsEnabled
                0x08004d28       0x28 ./Drivers/STM32H7xx_HAL_Driver/Src/stm32h7xx_ll_rcc.o
 .text.LL_RCC_PLL3_GetN
                0x08004d50       0x1c ./Drivers/STM32H7xx_HAL_Driver/Src/stm32h7xx_ll_rcc.o
 .text.LL_RCC_PLL3_GetM
                0x08004d6c       0x1c ./Drivers/STM32H7xx_HAL_Driver/Src/stm32h7xx_ll_rcc.o
 .text.LL_RCC_PLL3_GetP
                0x08004d88       0x20 ./Drivers/STM32H7xx_HAL_Driver/Src/stm32h7xx_ll_rcc.o
 .text.LL_RCC_PLL3_GetQ
                0x08004da8       0x20 ./Drivers/STM32H7xx_HAL_Driver/Src/stm32h7xx_ll_rcc.o
 .text.LL_RCC_PLL3_GetR
                0x08004dc8       0x20 ./Drivers/STM32H7xx_HAL_Driver/Src/stm32h7xx_ll_rcc.o
 .text.LL_RCC_PLL3_GetFRACN
                0x08004de8       0x1c ./Drivers/STM32H7xx_HAL_Driver/Src/stm32h7xx_ll_rcc.o
 .text.LL_RCC_GetPLL1ClockFreq
                0x08004e04      0x130 ./Drivers/STM32H7xx_HAL_Driver/Src/stm32h7xx_ll_rcc.o
                0x08004e04                LL_RCC_GetPLL1ClockFreq
 .text.LL_RCC_GetPLL2ClockFreq
                0x08004f34      0x130 ./Drivers/STM32H7xx_HAL_Driver/Src/stm32h7xx_ll_rcc.o
                0x08004f34                LL_RCC_GetPLL2ClockFreq
 .text.LL_RCC_GetPLL3ClockFreq
                0x08005064      0x134 ./Drivers/STM32H7xx_HAL_Driver/Src/stm32h7xx_ll_rcc.o
                0x08005064                LL_RCC_GetPLL3ClockFreq
 .text.LL_RCC_CalcPLLClockFreq
                0x08005198       0x80 ./Drivers/STM32H7xx_HAL_Driver/Src/stm32h7xx_ll_rcc.o
                0x08005198                LL_RCC_CalcPLLClockFreq
 .text.LL_RCC_GetUSARTClockFreq
                0x08005218      0x1dc ./Drivers/STM32H7xx_HAL_Driver/Src/stm32h7xx_ll_rcc.o
                0x08005218                LL_RCC_GetUSARTClockFreq
 .text.RCC_GetSystemClockFreq
                0x080053f4       0xc4 ./Drivers/STM32H7xx_HAL_Driver/Src/stm32h7xx_ll_rcc.o
 .text.RCC_GetHCLKClockFreq
                0x080054b8       0x2c ./Drivers/STM32H7xx_HAL_Driver/Src/stm32h7xx_ll_rcc.o
 .text.RCC_GetPCLK1ClockFreq
                0x080054e4       0x30 ./Drivers/STM32H7xx_HAL_Driver/Src/stm32h7xx_ll_rcc.o
 .text.RCC_GetPCLK2ClockFreq
                0x08005514       0x30 ./Drivers/STM32H7xx_HAL_Driver/Src/stm32h7xx_ll_rcc.o
 .text.LL_SPI_IsEnabled
                0x08005544       0x26 ./Drivers/STM32H7xx_HAL_Driver/Src/stm32h7xx_ll_spi.o
 .text.LL_SPI_SetInternalSSLevel
                0x0800556a       0x26 ./Drivers/STM32H7xx_HAL_Driver/Src/stm32h7xx_ll_spi.o
 .text.LL_SPI_GetNSSPolarity
                0x08005590       0x1c ./Drivers/STM32H7xx_HAL_Driver/Src/stm32h7xx_ll_spi.o
 .text.LL_SPI_SetCRCPolynomial
                0x080055ac       0x1c ./Drivers/STM32H7xx_HAL_Driver/Src/stm32h7xx_ll_spi.o
 .text.LL_SPI_Init
                0x080055c8       0xfc ./Drivers/STM32H7xx_HAL_Driver/Src/stm32h7xx_ll_spi.o
                0x080055c8                LL_SPI_Init
 .text.LL_TIM_SetPrescaler
                0x080056c4       0x1c ./Drivers/STM32H7xx_HAL_Driver/Src/stm32h7xx_ll_tim.o
 .text.LL_TIM_SetAutoReload
                0x080056e0       0x1c ./Drivers/STM32H7xx_HAL_Driver/Src/stm32h7xx_ll_tim.o
 .text.LL_TIM_SetRepetitionCounter
                0x080056fc       0x1c ./Drivers/STM32H7xx_HAL_Driver/Src/stm32h7xx_ll_tim.o
 .text.LL_TIM_OC_SetCompareCH1
                0x08005718       0x1c ./Drivers/STM32H7xx_HAL_Driver/Src/stm32h7xx_ll_tim.o
 .text.LL_TIM_OC_SetCompareCH2
                0x08005734       0x1c ./Drivers/STM32H7xx_HAL_Driver/Src/stm32h7xx_ll_tim.o
 .text.LL_TIM_OC_SetCompareCH3
                0x08005750       0x1c ./Drivers/STM32H7xx_HAL_Driver/Src/stm32h7xx_ll_tim.o
 .text.LL_TIM_OC_SetCompareCH4
                0x0800576c       0x1c ./Drivers/STM32H7xx_HAL_Driver/Src/stm32h7xx_ll_tim.o
 .text.LL_TIM_OC_SetCompareCH5
                0x08005788       0x20 ./Drivers/STM32H7xx_HAL_Driver/Src/stm32h7xx_ll_tim.o
 .text.LL_TIM_OC_SetCompareCH6
                0x080057a8       0x1c ./Drivers/STM32H7xx_HAL_Driver/Src/stm32h7xx_ll_tim.o
 .text.LL_TIM_GenerateEvent_UPDATE
                0x080057c4       0x20 ./Drivers/STM32H7xx_HAL_Driver/Src/stm32h7xx_ll_tim.o
 .text.LL_TIM_Init
                0x080057e4      0x128 ./Drivers/STM32H7xx_HAL_Driver/Src/stm32h7xx_ll_tim.o
                0x080057e4                LL_TIM_Init
 .text.LL_TIM_OC_Init
                0x0800590c       0xbe ./Drivers/STM32H7xx_HAL_Driver/Src/stm32h7xx_ll_tim.o
                0x0800590c                LL_TIM_OC_Init
 *fill*         0x080059ca        0x2 
 .text.LL_TIM_BDTR_Init
                0x080059cc       0xd4 ./Drivers/STM32H7xx_HAL_Driver/Src/stm32h7xx_ll_tim.o
                0x080059cc                LL_TIM_BDTR_Init
 .text.OC1Config
                0x08005aa0      0x100 ./Drivers/STM32H7xx_HAL_Driver/Src/stm32h7xx_ll_tim.o
 .text.OC2Config
                0x08005ba0      0x108 ./Drivers/STM32H7xx_HAL_Driver/Src/stm32h7xx_ll_tim.o
 .text.OC3Config
                0x08005ca8      0x108 ./Drivers/STM32H7xx_HAL_Driver/Src/stm32h7xx_ll_tim.o
 .text.OC4Config
                0x08005db0       0xd8 ./Drivers/STM32H7xx_HAL_Driver/Src/stm32h7xx_ll_tim.o
 .text.OC5Config
                0x08005e88       0xc8 ./Drivers/STM32H7xx_HAL_Driver/Src/stm32h7xx_ll_tim.o
 .text.OC6Config
                0x08005f50       0xc8 ./Drivers/STM32H7xx_HAL_Driver/Src/stm32h7xx_ll_tim.o
 .text.LL_USART_IsEnabled
                0x08006018       0x26 ./Drivers/STM32H7xx_HAL_Driver/Src/stm32h7xx_ll_usart.o
 .text.LL_USART_SetPrescaler
                0x0800603e       0x28 ./Drivers/STM32H7xx_HAL_Driver/Src/stm32h7xx_ll_usart.o
 .text.LL_USART_SetStopBitsLength
                0x08006066       0x26 ./Drivers/STM32H7xx_HAL_Driver/Src/stm32h7xx_ll_usart.o
 .text.LL_USART_SetHWFlowCtrl
                0x0800608c       0x26 ./Drivers/STM32H7xx_HAL_Driver/Src/stm32h7xx_ll_usart.o
 *fill*         0x080060b2        0x2 
 .text.LL_USART_SetBaudRate
                0x080060b4       0xa0 ./Drivers/STM32H7xx_HAL_Driver/Src/stm32h7xx_ll_usart.o
 .text.LL_USART_Init
                0x08006154      0x154 ./Drivers/STM32H7xx_HAL_Driver/Src/stm32h7xx_ll_usart.o
                0x08006154                LL_USART_Init
 .text.LL_SetSystemCoreClock
                0x080062a8       0x20 ./Drivers/STM32H7xx_HAL_Driver/Src/stm32h7xx_ll_utils.o
                0x080062a8                LL_SetSystemCoreClock
 .text.memset   0x080062c8       0x10 C:/ST/STM32CubeIDE_1.18.1/STM32CubeIDE/plugins/com.st.stm32cube.ide.mcu.externaltools.gnu-tools-for-stm32.13.3.rel1.win32_1.0.0.202411081344/tools/bin/../lib/gcc/arm-none-eabi/13.3.1/../../../../arm-none-eabi/lib/thumb/v7e-m+dp/hard\libc_nano.a(libc_a-memset.o)
                0x080062c8                memset
 .text.__libc_init_array
                0x080062d8       0x48 C:/ST/STM32CubeIDE_1.18.1/STM32CubeIDE/plugins/com.st.stm32cube.ide.mcu.externaltools.gnu-tools-for-stm32.13.3.rel1.win32_1.0.0.202411081344/tools/bin/../lib/gcc/arm-none-eabi/13.3.1/../../../../arm-none-eabi/lib/thumb/v7e-m+dp/hard\libc_nano.a(libc_a-init.o)
                0x080062d8                __libc_init_array
 *(.glue_7)
 .glue_7        0x08006320        0x0 linker stubs
 *(.glue_7t)
 .glue_7t       0x08006320        0x0 linker stubs
 *(.eh_frame)
 .eh_frame      0x08006320        0x0 C:/ST/STM32CubeIDE_1.18.1/STM32CubeIDE/plugins/com.st.stm32cube.ide.mcu.externaltools.gnu-tools-for-stm32.13.3.rel1.win32_1.0.0.202411081344/tools/bin/../lib/gcc/arm-none-eabi/13.3.1/thumb/v7e-m+dp/hard/crtbegin.o
 *(.init)
 .init          0x08006320        0x4 C:/ST/STM32CubeIDE_1.18.1/STM32CubeIDE/plugins/com.st.stm32cube.ide.mcu.externaltools.gnu-tools-for-stm32.13.3.rel1.win32_1.0.0.202411081344/tools/bin/../lib/gcc/arm-none-eabi/13.3.1/thumb/v7e-m+dp/hard/crti.o
                0x08006320                _init
 .init          0x08006324        0x8 C:/ST/STM32CubeIDE_1.18.1/STM32CubeIDE/plugins/com.st.stm32cube.ide.mcu.externaltools.gnu-tools-for-stm32.13.3.rel1.win32_1.0.0.202411081344/tools/bin/../lib/gcc/arm-none-eabi/13.3.1/thumb/v7e-m+dp/hard/crtn.o
 *(.fini)
 .fini          0x0800632c        0x4 C:/ST/STM32CubeIDE_1.18.1/STM32CubeIDE/plugins/com.st.stm32cube.ide.mcu.externaltools.gnu-tools-for-stm32.13.3.rel1.win32_1.0.0.202411081344/tools/bin/../lib/gcc/arm-none-eabi/13.3.1/thumb/v7e-m+dp/hard/crti.o
                0x0800632c                _fini
 .fini          0x08006330        0x8 C:/ST/STM32CubeIDE_1.18.1/STM32CubeIDE/plugins/com.st.stm32cube.ide.mcu.externaltools.gnu-tools-for-stm32.13.3.rel1.win32_1.0.0.202411081344/tools/bin/../lib/gcc/arm-none-eabi/13.3.1/thumb/v7e-m+dp/hard/crtn.o
                0x08006338                        . = ALIGN (0x4)
                0x08006338                        _etext = .

.vfp11_veneer   0x08006338        0x0
 .vfp11_veneer  0x08006338        0x0 linker stubs

.v4_bx          0x08006338        0x0
 .v4_bx         0x08006338        0x0 linker stubs

.iplt           0x08006338        0x0
 .iplt          0x08006338        0x0 C:/ST/STM32CubeIDE_1.18.1/STM32CubeIDE/plugins/com.st.stm32cube.ide.mcu.externaltools.gnu-tools-for-stm32.13.3.rel1.win32_1.0.0.202411081344/tools/bin/../lib/gcc/arm-none-eabi/13.3.1/thumb/v7e-m+dp/hard/crtbegin.o

.rodata         0x08006338       0xa0
                0x08006338                        . = ALIGN (0x4)
 *(.rodata)
 *(.rodata*)
 .rodata.roll_factor
                0x08006338       0x10 ./Core/Src/DRONE_CONFIG.o
                0x08006338                roll_factor
 .rodata.pitch_factor
                0x08006348       0x10 ./Core/Src/DRONE_CONFIG.o
                0x08006348                pitch_factor
 .rodata.yaw_factor
                0x08006358       0x10 ./Core/Src/DRONE_CONFIG.o
                0x08006358                yaw_factor
 .rodata.D1CorePrescTable
                0x08006368       0x10 ./Core/Src/system_stm32h7xx.o
                0x08006368                D1CorePrescTable
 .rodata.LL_DMA_STR_OFFSET_TAB
                0x08006378        0x8 ./Core/Src/tim.o
 .rodata.OFFSET_TAB_CCMRx
                0x08006380        0x9 ./Core/Src/tim.o
 *fill*         0x08006389        0x3 
 .rodata.SHIFT_TAB_OCxx
                0x0800638c        0x9 ./Core/Src/tim.o
 *fill*         0x08006395        0x3 
 .rodata.LL_RCC_PrescTable
                0x08006398       0x10 ./Drivers/STM32H7xx_HAL_Driver/Src/stm32h7xx_ll_rcc.o
                0x08006398                LL_RCC_PrescTable
 .rodata.USART_PRESCALER_TAB
                0x080063a8       0x30 ./Drivers/STM32H7xx_HAL_Driver/Src/stm32h7xx_ll_usart.o
                0x080063d8                        . = ALIGN (0x4)

.ARM.extab
 *(.ARM.extab* .gnu.linkonce.armextab.*)

.ARM            0x080063d8        0x0
                0x080063d8                        __exidx_start = .
 *(.ARM.exidx*)
                0x080063d8                        __exidx_end = .

.preinit_array  0x080063d8        0x0
                0x080063d8                        PROVIDE (__preinit_array_start = .)
 *(.preinit_array*)
                0x080063d8                        PROVIDE (__preinit_array_end = .)

.init_array     0x080063d8        0x4
                0x080063d8                        PROVIDE (__init_array_start = .)
 *(SORT_BY_NAME(.init_array.*))
 *(.init_array*)
 .init_array    0x080063d8        0x4 C:/ST/STM32CubeIDE_1.18.1/STM32CubeIDE/plugins/com.st.stm32cube.ide.mcu.externaltools.gnu-tools-for-stm32.13.3.rel1.win32_1.0.0.202411081344/tools/bin/../lib/gcc/arm-none-eabi/13.3.1/thumb/v7e-m+dp/hard/crtbegin.o
                0x080063dc                        PROVIDE (__init_array_end = .)

.fini_array     0x080063dc        0x4
                [!provide]                        PROVIDE (__fini_array_start = .)
 *(SORT_BY_NAME(.fini_array.*))
 *(.fini_array*)
 .fini_array    0x080063dc        0x4 C:/ST/STM32CubeIDE_1.18.1/STM32CubeIDE/plugins/com.st.stm32cube.ide.mcu.externaltools.gnu-tools-for-stm32.13.3.rel1.win32_1.0.0.202411081344/tools/bin/../lib/gcc/arm-none-eabi/13.3.1/thumb/v7e-m+dp/hard/crtbegin.o
                [!provide]                        PROVIDE (__fini_array_end = .)
                0x080063e0                        _sidata = LOADADDR (.data)

.rel.dyn        0x080063e0        0x0
 .rel.iplt      0x080063e0        0x0 C:/ST/STM32CubeIDE_1.18.1/STM32CubeIDE/plugins/com.st.stm32cube.ide.mcu.externaltools.gnu-tools-for-stm32.13.3.rel1.win32_1.0.0.202411081344/tools/bin/../lib/gcc/arm-none-eabi/13.3.1/thumb/v7e-m+dp/hard/crtbegin.o

.data           0x24000000       0x10 load address 0x080063e0
                0x24000000                        . = ALIGN (0x4)
                0x24000000                        _sdata = .
 *(.data)
 *(.data*)
 .data.SystemCoreClock
                0x24000000        0x4 ./Core/Src/system_stm32h7xx.o
                0x24000000                SystemCoreClock
 .data.SystemD2Clock
                0x24000004        0x4 ./Core/Src/system_stm32h7xx.o
                0x24000004                SystemD2Clock
 .data.uwTickPrio
                0x24000008        0x4 ./Drivers/STM32H7xx_HAL_Driver/Src/stm32h7xx_hal.o
                0x24000008                uwTickPrio
 .data.uwTickFreq
                0x2400000c        0x1 ./Drivers/STM32H7xx_HAL_Driver/Src/stm32h7xx_hal.o
                0x2400000c                uwTickFreq
 *(.RamFunc)
 *(.RamFunc*)
                0x24000010                        . = ALIGN (0x4)
 *fill*         0x2400000d        0x3 
                0x24000010                        _edata = .

.igot.plt       0x24000010        0x0 load address 0x080063f0
 .igot.plt      0x24000010        0x0 C:/ST/STM32CubeIDE_1.18.1/STM32CubeIDE/plugins/com.st.stm32cube.ide.mcu.externaltools.gnu-tools-for-stm32.13.3.rel1.win32_1.0.0.202411081344/tools/bin/../lib/gcc/arm-none-eabi/13.3.1/thumb/v7e-m+dp/hard/crtbegin.o
                0x24000010                        . = ALIGN (0x4)

.bss            0x24000010       0xbc load address 0x080063f0
                0x24000010                        _sbss = .
                0x24000010                        __bss_start__ = _sbss
 *(.bss)
 .bss           0x24000010       0x1c C:/ST/STM32CubeIDE_1.18.1/STM32CubeIDE/plugins/com.st.stm32cube.ide.mcu.externaltools.gnu-tools-for-stm32.13.3.rel1.win32_1.0.0.202411081344/tools/bin/../lib/gcc/arm-none-eabi/13.3.1/thumb/v7e-m+dp/hard/crtbegin.o
 *(.bss*)
 .bss.hi2c1     0x2400002c       0x54 ./Core/Src/i2c.o
                0x2400002c                hi2c1
 .bss.rx        0x24000080       0x1c ./Core/Src/main.o
                0x24000080                rx
 .bss.usart1_rx_flag
                0x2400009c        0x1 ./Core/Src/stm32h7xx_it.o
                0x2400009c                usart1_rx_flag
 .bss.usart1_rx_data
                0x2400009d        0x1 ./Core/Src/stm32h7xx_it.o
                0x2400009d                usart1_rx_data
 .bss.usart3_rx_flag
                0x2400009e        0x1 ./Core/Src/stm32h7xx_it.o
                0x2400009e                usart3_rx_flag
 .bss.usart3_rx_data
                0x2400009f        0x1 ./Core/Src/stm32h7xx_it.o
                0x2400009f                usart3_rx_data
 .bss.cp_2_mp_rx_buffer
                0x240000a0       0x20 ./Core/Src/stm32h7xx_it.o
                0x240000a0                cp_2_mp_rx_buffer
 .bss.cp_2_mp_rx_complete_flag
                0x240000c0        0x1 ./Core/Src/stm32h7xx_it.o
                0x240000c0                cp_2_mp_rx_complete_flag
 .bss.tim7_1000Hz_flag
                0x240000c1        0x1 ./Core/Src/stm32h7xx_it.o
                0x240000c1                tim7_1000Hz_flag
 .bss.tim7_2000Hz_flag
                0x240000c2        0x1 ./Core/Src/stm32h7xx_it.o
                0x240000c2                tim7_2000Hz_flag
 .bss.tim7_4000Hz_flag
                0x240000c3        0x1 ./Core/Src/stm32h7xx_it.o
                0x240000c3                tim7_4000Hz_flag
 .bss.cnt.3     0x240000c4        0x1 ./Core/Src/stm32h7xx_it.o
 .bss.tim7_1ms_count.2
                0x240000c5        0x1 ./Core/Src/stm32h7xx_it.o
 .bss.tim7_500us_count.1
                0x240000c6        0x1 ./Core/Src/stm32h7xx_it.o
 .bss.tim7_250us_count.0
                0x240000c7        0x1 ./Core/Src/stm32h7xx_it.o
 .bss.uwTick    0x240000c8        0x4 ./Drivers/STM32H7xx_HAL_Driver/Src/stm32h7xx_hal.o
                0x240000c8                uwTick
 *(COMMON)
                0x240000cc                        . = ALIGN (0x4)
                0x240000cc                        _ebss = .
                0x240000cc                        __bss_end__ = _ebss

._user_heap_stack
                0x240000cc      0x604 load address 0x080063f0
                0x240000d0                        . = ALIGN (0x8)
 *fill*         0x240000cc        0x4 
                [!provide]                        PROVIDE (end = .)
                0x240000d0                        PROVIDE (_end = .)
                0x240002d0                        . = (. + _Min_Heap_Size)
 *fill*         0x240000d0      0x200 
                0x240006d0                        . = (. + _Min_Stack_Size)
 *fill*         0x240002d0      0x400 
                0x240006d0                        . = ALIGN (0x8)

/DISCARD/
 libc.a(*)
 libm.a(*)
 libgcc.a(*)

.ARM.attributes
                0x00000000       0x2e
 *(.ARM.attributes)
 .ARM.attributes
                0x00000000       0x20 C:/ST/STM32CubeIDE_1.18.1/STM32CubeIDE/plugins/com.st.stm32cube.ide.mcu.externaltools.gnu-tools-for-stm32.13.3.rel1.win32_1.0.0.202411081344/tools/bin/../lib/gcc/arm-none-eabi/13.3.1/thumb/v7e-m+dp/hard/crti.o
 .ARM.attributes
                0x00000020       0x32 C:/ST/STM32CubeIDE_1.18.1/STM32CubeIDE/plugins/com.st.stm32cube.ide.mcu.externaltools.gnu-tools-for-stm32.13.3.rel1.win32_1.0.0.202411081344/tools/bin/../lib/gcc/arm-none-eabi/13.3.1/thumb/v7e-m+dp/hard/crtbegin.o
 .ARM.attributes
                0x00000052       0x32 ./Core/Src/DRONE_CONFIG.o
 .ARM.attributes
                0x00000084       0x32 ./Core/Src/dma.o
 .ARM.attributes
                0x000000b6       0x32 ./Core/Src/gpio.o
 .ARM.attributes
                0x000000e8       0x32 ./Core/Src/i2c.o
 .ARM.attributes
                0x0000011a       0x32 ./Core/Src/main.o
 .ARM.attributes
                0x0000014c       0x32 ./Core/Src/spi.o
 .ARM.attributes
                0x0000017e       0x32 ./Core/Src/stm32h7xx_hal_msp.o
 .ARM.attributes
                0x000001b0       0x32 ./Core/Src/stm32h7xx_it.o
 .ARM.attributes
                0x000001e2       0x32 ./Core/Src/system_stm32h7xx.o
 .ARM.attributes
                0x00000214       0x32 ./Core/Src/tim.o
 .ARM.attributes
                0x00000246       0x32 ./Core/Src/usart.o
 .ARM.attributes
                0x00000278       0x32 ./Core/Src/usb_otg.o
 .ARM.attributes
                0x000002aa       0x21 ./Core/Startup/startup_stm32h753vitx.o
 .ARM.attributes
                0x000002cb       0x32 ./Drivers/STM32H7xx_HAL_Driver/Src/stm32h7xx_hal.o
 .ARM.attributes
                0x000002fd       0x32 ./Drivers/STM32H7xx_HAL_Driver/Src/stm32h7xx_hal_cortex.o
 .ARM.attributes
                0x0000032f       0x32 ./Drivers/STM32H7xx_HAL_Driver/Src/stm32h7xx_hal_gpio.o
 .ARM.attributes
                0x00000361       0x32 ./Drivers/STM32H7xx_HAL_Driver/Src/stm32h7xx_hal_i2c.o
 .ARM.attributes
                0x00000393       0x32 ./Drivers/STM32H7xx_HAL_Driver/Src/stm32h7xx_hal_i2c_ex.o
 .ARM.attributes
                0x000003c5       0x32 ./Drivers/STM32H7xx_HAL_Driver/Src/stm32h7xx_hal_rcc.o
 .ARM.attributes
                0x000003f7       0x32 ./Drivers/STM32H7xx_HAL_Driver/Src/stm32h7xx_ll_gpio.o
 .ARM.attributes
                0x00000429       0x32 ./Drivers/STM32H7xx_HAL_Driver/Src/stm32h7xx_ll_rcc.o
 .ARM.attributes
                0x0000045b       0x32 ./Drivers/STM32H7xx_HAL_Driver/Src/stm32h7xx_ll_spi.o
 .ARM.attributes
                0x0000048d       0x32 ./Drivers/STM32H7xx_HAL_Driver/Src/stm32h7xx_ll_tim.o
 .ARM.attributes
                0x000004bf       0x32 ./Drivers/STM32H7xx_HAL_Driver/Src/stm32h7xx_ll_usart.o
 .ARM.attributes
                0x000004f1       0x32 ./Drivers/STM32H7xx_HAL_Driver/Src/stm32h7xx_ll_utils.o
 .ARM.attributes
                0x00000523       0x32 C:/ST/STM32CubeIDE_1.18.1/STM32CubeIDE/plugins/com.st.stm32cube.ide.mcu.externaltools.gnu-tools-for-stm32.13.3.rel1.win32_1.0.0.202411081344/tools/bin/../lib/gcc/arm-none-eabi/13.3.1/../../../../arm-none-eabi/lib/thumb/v7e-m+dp/hard\libc_nano.a(libc_a-memset.o)
 .ARM.attributes
                0x00000555       0x32 C:/ST/STM32CubeIDE_1.18.1/STM32CubeIDE/plugins/com.st.stm32cube.ide.mcu.externaltools.gnu-tools-for-stm32.13.3.rel1.win32_1.0.0.202411081344/tools/bin/../lib/gcc/arm-none-eabi/13.3.1/../../../../arm-none-eabi/lib/thumb/v7e-m+dp/hard\libc_nano.a(libc_a-init.o)
 .ARM.attributes
                0x00000587       0x20 C:/ST/STM32CubeIDE_1.18.1/STM32CubeIDE/plugins/com.st.stm32cube.ide.mcu.externaltools.gnu-tools-for-stm32.13.3.rel1.win32_1.0.0.202411081344/tools/bin/../lib/gcc/arm-none-eabi/13.3.1/thumb/v7e-m+dp/hard/crtn.o
OUTPUT(MP flight controller rev2.elf elf32-littlearm)
LOAD linker stubs
LOAD C:/ST/STM32CubeIDE_1.18.1/STM32CubeIDE/plugins/com.st.stm32cube.ide.mcu.externaltools.gnu-tools-for-stm32.13.3.rel1.win32_1.0.0.202411081344/tools/bin/../lib/gcc/arm-none-eabi/13.3.1/../../../../arm-none-eabi/lib/thumb/v7e-m+dp/hard\libc.a
LOAD C:/ST/STM32CubeIDE_1.18.1/STM32CubeIDE/plugins/com.st.stm32cube.ide.mcu.externaltools.gnu-tools-for-stm32.13.3.rel1.win32_1.0.0.202411081344/tools/bin/../lib/gcc/arm-none-eabi/13.3.1/../../../../arm-none-eabi/lib/thumb/v7e-m+dp/hard\libm.a
LOAD C:/ST/STM32CubeIDE_1.18.1/STM32CubeIDE/plugins/com.st.stm32cube.ide.mcu.externaltools.gnu-tools-for-stm32.13.3.rel1.win32_1.0.0.202411081344/tools/bin/../lib/gcc/arm-none-eabi/13.3.1/thumb/v7e-m+dp/hard\libgcc.a

.debug_info     0x00000000    0x1616f
 .debug_info    0x00000000      0x6ee ./Core/Src/DRONE_CONFIG.o
 .debug_info    0x000006ee      0xf0c ./Core/Src/dma.o
 .debug_info    0x000015fa      0x6ee ./Core/Src/gpio.o
 .debug_info    0x00001ce8      0xdd1 ./Core/Src/i2c.o
 .debug_info    0x00002ab9     0x1847 ./Core/Src/main.o
 .debug_info    0x00004300      0xa7f ./Core/Src/spi.o
 .debug_info    0x00004d7f      0x543 ./Core/Src/stm32h7xx_hal_msp.o
 .debug_info    0x000052c2      0x6e3 ./Core/Src/stm32h7xx_it.o
 .debug_info    0x000059a5      0xdb2 ./Core/Src/system_stm32h7xx.o
 .debug_info    0x00006757     0x1b2a ./Core/Src/tim.o
 .debug_info    0x00008281     0x1580 ./Core/Src/usart.o
 .debug_info    0x00009801      0x196 ./Core/Src/usb_otg.o
 .debug_info    0x00009997       0x30 ./Core/Startup/startup_stm32h753vitx.o
 .debug_info    0x000099c7     0x1541 ./Drivers/STM32H7xx_HAL_Driver/Src/stm32h7xx_hal.o
 .debug_info    0x0000af08     0x10b7 ./Drivers/STM32H7xx_HAL_Driver/Src/stm32h7xx_hal_cortex.o
 .debug_info    0x0000bfbf      0xc5a ./Drivers/STM32H7xx_HAL_Driver/Src/stm32h7xx_hal_gpio.o
 .debug_info    0x0000cc19     0x22c9 ./Drivers/STM32H7xx_HAL_Driver/Src/stm32h7xx_hal_i2c.o
 .debug_info    0x0000eee2      0xd84 ./Drivers/STM32H7xx_HAL_Driver/Src/stm32h7xx_hal_i2c_ex.o
 .debug_info    0x0000fc66      0xe6a ./Drivers/STM32H7xx_HAL_Driver/Src/stm32h7xx_hal_rcc.o
 .debug_info    0x00010ad0      0x8a9 ./Drivers/STM32H7xx_HAL_Driver/Src/stm32h7xx_ll_gpio.o
 .debug_info    0x00011379     0x16d5 ./Drivers/STM32H7xx_HAL_Driver/Src/stm32h7xx_ll_rcc.o
 .debug_info    0x00012a4e      0xa86 ./Drivers/STM32H7xx_HAL_Driver/Src/stm32h7xx_ll_spi.o
 .debug_info    0x000134d4     0x1317 ./Drivers/STM32H7xx_HAL_Driver/Src/stm32h7xx_ll_tim.o
 .debug_info    0x000147eb      0x96d ./Drivers/STM32H7xx_HAL_Driver/Src/stm32h7xx_ll_usart.o
 .debug_info    0x00015158     0x1017 ./Drivers/STM32H7xx_HAL_Driver/Src/stm32h7xx_ll_utils.o

.debug_abbrev   0x00000000     0x331f
 .debug_abbrev  0x00000000      0x1cf ./Core/Src/DRONE_CONFIG.o
 .debug_abbrev  0x000001cf      0x186 ./Core/Src/dma.o
 .debug_abbrev  0x00000355      0x1b5 ./Core/Src/gpio.o
 .debug_abbrev  0x0000050a      0x2a1 ./Core/Src/i2c.o
 .debug_abbrev  0x000007ab      0x431 ./Core/Src/main.o
 .debug_abbrev  0x00000bdc      0x1be ./Core/Src/spi.o
 .debug_abbrev  0x00000d9a       0xe2 ./Core/Src/stm32h7xx_hal_msp.o
 .debug_abbrev  0x00000e7c      0x1d4 ./Core/Src/stm32h7xx_it.o
 .debug_abbrev  0x00001050      0x165 ./Core/Src/system_stm32h7xx.o
 .debug_abbrev  0x000011b5      0x214 ./Core/Src/tim.o
 .debug_abbrev  0x000013c9      0x2b0 ./Core/Src/usart.o
 .debug_abbrev  0x00001679       0x7e ./Core/Src/usb_otg.o
 .debug_abbrev  0x000016f7       0x24 ./Core/Startup/startup_stm32h753vitx.o
 .debug_abbrev  0x0000171b      0x295 ./Drivers/STM32H7xx_HAL_Driver/Src/stm32h7xx_hal.o
 .debug_abbrev  0x000019b0      0x339 ./Drivers/STM32H7xx_HAL_Driver/Src/stm32h7xx_hal_cortex.o
 .debug_abbrev  0x00001ce9      0x205 ./Drivers/STM32H7xx_HAL_Driver/Src/stm32h7xx_hal_gpio.o
 .debug_abbrev  0x00001eee      0x25d ./Drivers/STM32H7xx_HAL_Driver/Src/stm32h7xx_hal_i2c.o
 .debug_abbrev  0x0000214b      0x1f5 ./Drivers/STM32H7xx_HAL_Driver/Src/stm32h7xx_hal_i2c_ex.o
 .debug_abbrev  0x00002340      0x2c8 ./Drivers/STM32H7xx_HAL_Driver/Src/stm32h7xx_hal_rcc.o
 .debug_abbrev  0x00002608      0x231 ./Drivers/STM32H7xx_HAL_Driver/Src/stm32h7xx_ll_gpio.o
 .debug_abbrev  0x00002839      0x223 ./Drivers/STM32H7xx_HAL_Driver/Src/stm32h7xx_ll_rcc.o
 .debug_abbrev  0x00002a5c      0x233 ./Drivers/STM32H7xx_HAL_Driver/Src/stm32h7xx_ll_spi.o
 .debug_abbrev  0x00002c8f      0x22f ./Drivers/STM32H7xx_HAL_Driver/Src/stm32h7xx_ll_tim.o
 .debug_abbrev  0x00002ebe      0x1f9 ./Drivers/STM32H7xx_HAL_Driver/Src/stm32h7xx_ll_usart.o
 .debug_abbrev  0x000030b7      0x268 ./Drivers/STM32H7xx_HAL_Driver/Src/stm32h7xx_ll_utils.o

.debug_aranges  0x00000000     0x14d0
 .debug_aranges
                0x00000000       0x68 ./Core/Src/DRONE_CONFIG.o
 .debug_aranges
                0x00000068       0x48 ./Core/Src/dma.o
 .debug_aranges
                0x000000b0       0x30 ./Core/Src/gpio.o
 .debug_aranges
                0x000000e0       0x40 ./Core/Src/i2c.o
 .debug_aranges
                0x00000120      0x200 ./Core/Src/main.o
 .debug_aranges
                0x00000320       0x78 ./Core/Src/spi.o
 .debug_aranges
                0x00000398       0x20 ./Core/Src/stm32h7xx_hal_msp.o
 .debug_aranges
                0x000003b8      0x100 ./Core/Src/stm32h7xx_it.o
 .debug_aranges
                0x000004b8       0x30 ./Core/Src/system_stm32h7xx.o
 .debug_aranges
                0x000004e8       0xf8 ./Core/Src/tim.o
 .debug_aranges
                0x000005e0       0xb0 ./Core/Src/usart.o
 .debug_aranges
                0x00000690       0x20 ./Core/Src/usb_otg.o
 .debug_aranges
                0x000006b0       0x28 ./Core/Startup/startup_stm32h753vitx.o
 .debug_aranges
                0x000006d8      0x198 ./Drivers/STM32H7xx_HAL_Driver/Src/stm32h7xx_hal.o
 .debug_aranges
                0x00000870      0x130 ./Drivers/STM32H7xx_HAL_Driver/Src/stm32h7xx_hal_cortex.o
 .debug_aranges
                0x000009a0       0x58 ./Drivers/STM32H7xx_HAL_Driver/Src/stm32h7xx_hal_gpio.o
 .debug_aranges
                0x000009f8      0x2a0 ./Drivers/STM32H7xx_HAL_Driver/Src/stm32h7xx_hal_i2c.o
 .debug_aranges
                0x00000c98       0x48 ./Drivers/STM32H7xx_HAL_Driver/Src/stm32h7xx_hal_i2c_ex.o
 .debug_aranges
                0x00000ce0       0x88 ./Drivers/STM32H7xx_HAL_Driver/Src/stm32h7xx_hal_rcc.o
 .debug_aranges
                0x00000d68       0x70 ./Drivers/STM32H7xx_HAL_Driver/Src/stm32h7xx_ll_gpio.o
 .debug_aranges
                0x00000dd8      0x320 ./Drivers/STM32H7xx_HAL_Driver/Src/stm32h7xx_ll_rcc.o
 .debug_aranges
                0x000010f8       0xa0 ./Drivers/STM32H7xx_HAL_Driver/Src/stm32h7xx_ll_spi.o
 .debug_aranges
                0x00001198      0x148 ./Drivers/STM32H7xx_HAL_Driver/Src/stm32h7xx_ll_tim.o
 .debug_aranges
                0x000012e0       0x88 ./Drivers/STM32H7xx_HAL_Driver/Src/stm32h7xx_ll_usart.o
 .debug_aranges
                0x00001368      0x168 ./Drivers/STM32H7xx_HAL_Driver/Src/stm32h7xx_ll_utils.o

.debug_rnglists
                0x00000000      0xfb2
 .debug_rnglists
                0x00000000       0x4b ./Core/Src/DRONE_CONFIG.o
 .debug_rnglists
                0x0000004b       0x32 ./Core/Src/dma.o
 .debug_rnglists
                0x0000007d       0x20 ./Core/Src/gpio.o
 .debug_rnglists
                0x0000009d       0x2d ./Core/Src/i2c.o
 .debug_rnglists
                0x000000ca      0x180 ./Core/Src/main.o
 .debug_rnglists
                0x0000024a       0x58 ./Core/Src/spi.o
 .debug_rnglists
                0x000002a2       0x13 ./Core/Src/stm32h7xx_hal_msp.o
 .debug_rnglists
                0x000002b5       0xbd ./Core/Src/stm32h7xx_it.o
 .debug_rnglists
                0x00000372       0x21 ./Core/Src/system_stm32h7xx.o
 .debug_rnglists
                0x00000393       0xbb ./Core/Src/tim.o
 .debug_rnglists
                0x0000044e       0x82 ./Core/Src/usart.o
 .debug_rnglists
                0x000004d0       0x13 ./Core/Src/usb_otg.o
 .debug_rnglists
                0x000004e3       0x19 ./Core/Startup/startup_stm32h753vitx.o
 .debug_rnglists
                0x000004fc      0x131 ./Drivers/STM32H7xx_HAL_Driver/Src/stm32h7xx_hal.o
 .debug_rnglists
                0x0000062d       0xe0 ./Drivers/STM32H7xx_HAL_Driver/Src/stm32h7xx_hal_cortex.o
 .debug_rnglists
                0x0000070d       0x3f ./Drivers/STM32H7xx_HAL_Driver/Src/stm32h7xx_hal_gpio.o
 .debug_rnglists
                0x0000074c      0x22a ./Drivers/STM32H7xx_HAL_Driver/Src/stm32h7xx_hal_i2c.o
 .debug_rnglists
                0x00000976       0x35 ./Drivers/STM32H7xx_HAL_Driver/Src/stm32h7xx_hal_i2c_ex.o
 .debug_rnglists
                0x000009ab       0x68 ./Drivers/STM32H7xx_HAL_Driver/Src/stm32h7xx_hal_rcc.o
 .debug_rnglists
                0x00000a13       0x51 ./Drivers/STM32H7xx_HAL_Driver/Src/stm32h7xx_ll_gpio.o
 .debug_rnglists
                0x00000a64      0x268 ./Drivers/STM32H7xx_HAL_Driver/Src/stm32h7xx_ll_rcc.o
 .debug_rnglists
                0x00000ccc       0x76 ./Drivers/STM32H7xx_HAL_Driver/Src/stm32h7xx_ll_spi.o
 .debug_rnglists
                0x00000d42       0xfe ./Drivers/STM32H7xx_HAL_Driver/Src/stm32h7xx_ll_tim.o
 .debug_rnglists
                0x00000e40       0x64 ./Drivers/STM32H7xx_HAL_Driver/Src/stm32h7xx_ll_usart.o
 .debug_rnglists
                0x00000ea4      0x10e ./Drivers/STM32H7xx_HAL_Driver/Src/stm32h7xx_ll_utils.o

.debug_macro    0x00000000    0x3dbe0
 .debug_macro   0x00000000      0x350 ./Core/Src/DRONE_CONFIG.o
 .debug_macro   0x00000350      0xafc ./Core/Src/DRONE_CONFIG.o
 .debug_macro   0x00000e4c      0x22c ./Core/Src/DRONE_CONFIG.o
 .debug_macro   0x00001078       0x2e ./Core/Src/DRONE_CONFIG.o
 .debug_macro   0x000010a6       0x3b ./Core/Src/DRONE_CONFIG.o
 .debug_macro   0x000010e1       0x22 ./Core/Src/DRONE_CONFIG.o
 .debug_macro   0x00001103       0x8e ./Core/Src/DRONE_CONFIG.o
 .debug_macro   0x00001191       0x51 ./Core/Src/DRONE_CONFIG.o
 .debug_macro   0x000011e2      0x103 ./Core/Src/DRONE_CONFIG.o
 .debug_macro   0x000012e5       0x6a ./Core/Src/DRONE_CONFIG.o
 .debug_macro   0x0000134f      0x1df ./Core/Src/DRONE_CONFIG.o
 .debug_macro   0x0000152e       0x1c ./Core/Src/DRONE_CONFIG.o
 .debug_macro   0x0000154a       0x22 ./Core/Src/DRONE_CONFIG.o
 .debug_macro   0x0000156c       0xfb ./Core/Src/DRONE_CONFIG.o
 .debug_macro   0x00001667     0x1305 ./Core/Src/DRONE_CONFIG.o
 .debug_macro   0x0000296c      0x11f ./Core/Src/DRONE_CONFIG.o
 .debug_macro   0x00002a8b       0x27 ./Core/Src/DRONE_CONFIG.o
 .debug_macro   0x00002ab2    0x261cc ./Core/Src/DRONE_CONFIG.o
 .debug_macro   0x00028c7e       0x6d ./Core/Src/DRONE_CONFIG.o
 .debug_macro   0x00028ceb     0x3d79 ./Core/Src/DRONE_CONFIG.o
 .debug_macro   0x0002ca64      0x190 ./Core/Src/DRONE_CONFIG.o
 .debug_macro   0x0002cbf4       0x61 ./Core/Src/DRONE_CONFIG.o
 .debug_macro   0x0002cc55       0x29 ./Core/Src/DRONE_CONFIG.o
 .debug_macro   0x0002cc7e       0x43 ./Core/Src/DRONE_CONFIG.o
 .debug_macro   0x0002ccc1       0x34 ./Core/Src/DRONE_CONFIG.o
 .debug_macro   0x0002ccf5      0x370 ./Core/Src/DRONE_CONFIG.o
 .debug_macro   0x0002d065       0x16 ./Core/Src/DRONE_CONFIG.o
 .debug_macro   0x0002d07b       0x4a ./Core/Src/DRONE_CONFIG.o
 .debug_macro   0x0002d0c5       0x34 ./Core/Src/DRONE_CONFIG.o
 .debug_macro   0x0002d0f9       0x10 ./Core/Src/DRONE_CONFIG.o
 .debug_macro   0x0002d109       0x58 ./Core/Src/DRONE_CONFIG.o
 .debug_macro   0x0002d161       0x8e ./Core/Src/DRONE_CONFIG.o
 .debug_macro   0x0002d1ef       0x1c ./Core/Src/DRONE_CONFIG.o
 .debug_macro   0x0002d20b      0x185 ./Core/Src/DRONE_CONFIG.o
 .debug_macro   0x0002d390      0x19b ./Core/Src/DRONE_CONFIG.o
 .debug_macro   0x0002d52b       0x5d ./Core/Src/DRONE_CONFIG.o
 .debug_macro   0x0002d588     0x240e ./Core/Src/DRONE_CONFIG.o
 .debug_macro   0x0002f996     0x102c ./Core/Src/DRONE_CONFIG.o
 .debug_macro   0x000309c2      0x154 ./Core/Src/DRONE_CONFIG.o
 .debug_macro   0x00030b16      0x114 ./Core/Src/DRONE_CONFIG.o
 .debug_macro   0x00030c2a      0x3b6 ./Core/Src/DRONE_CONFIG.o
 .debug_macro   0x00030fe0       0xac ./Core/Src/DRONE_CONFIG.o
 .debug_macro   0x0003108c      0x72d ./Core/Src/DRONE_CONFIG.o
 .debug_macro   0x000317b9      0x228 ./Core/Src/DRONE_CONFIG.o
 .debug_macro   0x000319e1       0x66 ./Core/Src/DRONE_CONFIG.o
 .debug_macro   0x00031a47      0x3bb ./Core/Src/DRONE_CONFIG.o
 .debug_macro   0x00031e02      0x3e4 ./Core/Src/DRONE_CONFIG.o
 .debug_macro   0x000321e6      0x275 ./Core/Src/DRONE_CONFIG.o
 .debug_macro   0x0003245b      0x3ca ./Core/Src/DRONE_CONFIG.o
 .debug_macro   0x00032825      0x408 ./Core/Src/DRONE_CONFIG.o
 .debug_macro   0x00032c2d       0x51 ./Core/Src/DRONE_CONFIG.o
 .debug_macro   0x00032c7e       0x4a ./Core/Src/DRONE_CONFIG.o
 .debug_macro   0x00032cc8      0x22c ./Core/Src/DRONE_CONFIG.o
 .debug_macro   0x00032ef4       0x67 ./Core/Src/DRONE_CONFIG.o
 .debug_macro   0x00032f5b       0xa5 ./Core/Src/DRONE_CONFIG.o
 .debug_macro   0x00033000      0x1c4 ./Core/Src/DRONE_CONFIG.o
 .debug_macro   0x000331c4      0x25e ./Core/Src/DRONE_CONFIG.o
 .debug_macro   0x00033422       0x35 ./Core/Src/DRONE_CONFIG.o
 .debug_macro   0x00033457      0x5ac ./Core/Src/DRONE_CONFIG.o
 .debug_macro   0x00033a03      0x79a ./Core/Src/DRONE_CONFIG.o
 .debug_macro   0x0003419d      0x1ae ./Core/Src/DRONE_CONFIG.o
 .debug_macro   0x0003434b      0x9dc ./Core/Src/DRONE_CONFIG.o
 .debug_macro   0x00034d27       0xd0 ./Core/Src/DRONE_CONFIG.o
 .debug_macro   0x00034df7      0x34b ./Core/Src/DRONE_CONFIG.o
 .debug_macro   0x00035142      0x36f ./Core/Src/DRONE_CONFIG.o
 .debug_macro   0x000354b1      0x287 ./Core/Src/DRONE_CONFIG.o
 .debug_macro   0x00035738      0x1e0 ./Core/Src/DRONE_CONFIG.o
 .debug_macro   0x00035918       0x46 ./Core/Src/DRONE_CONFIG.o
 .debug_macro   0x0003595e      0x1f8 ./Core/Src/DRONE_CONFIG.o
 .debug_macro   0x00035b56      0x631 ./Core/Src/DRONE_CONFIG.o
 .debug_macro   0x00036187      0xa79 ./Core/Src/DRONE_CONFIG.o
 .debug_macro   0x00036c00      0x40f ./Core/Src/DRONE_CONFIG.o
 .debug_macro   0x0003700f      0x165 ./Core/Src/DRONE_CONFIG.o
 .debug_macro   0x00037174       0xb8 ./Core/Src/DRONE_CONFIG.o
 .debug_macro   0x0003722c       0x7c ./Core/Src/DRONE_CONFIG.o
 .debug_macro   0x000372a8       0x28 ./Core/Src/DRONE_CONFIG.o
 .debug_macro   0x000372d0      0x32b ./Core/Src/dma.o
 .debug_macro   0x000375fb      0x32b ./Core/Src/gpio.o
 .debug_macro   0x00037926      0x32b ./Core/Src/i2c.o
 .debug_macro   0x00037c51      0x489 ./Core/Src/main.o
 .debug_macro   0x000380da       0x1c ./Core/Src/main.o
 .debug_macro   0x000380f6       0x3c ./Core/Src/main.o
 .debug_macro   0x00038132       0x10 ./Core/Src/main.o
 .debug_macro   0x00038142       0x1c ./Core/Src/main.o
 .debug_macro   0x0003815e       0x16 ./Core/Src/main.o
 .debug_macro   0x00038174      0x146 ./Core/Src/main.o
 .debug_macro   0x000382ba       0x16 ./Core/Src/main.o
 .debug_macro   0x000382d0       0x20 ./Core/Src/main.o
 .debug_macro   0x000382f0       0x7c ./Core/Src/main.o
 .debug_macro   0x0003836c      0x32b ./Core/Src/spi.o
 .debug_macro   0x00038697      0x321 ./Core/Src/stm32h7xx_hal_msp.o
 .debug_macro   0x000389b8      0x337 ./Core/Src/stm32h7xx_it.o
 .debug_macro   0x00038cef      0x280 ./Core/Src/system_stm32h7xx.o
 .debug_macro   0x00038f6f      0x32b ./Core/Src/tim.o
 .debug_macro   0x0003929a      0x32b ./Core/Src/usart.o
 .debug_macro   0x000395c5      0x32b ./Core/Src/usb_otg.o
 .debug_macro   0x000398f0      0x2aa ./Drivers/STM32H7xx_HAL_Driver/Src/stm32h7xx_hal.o
 .debug_macro   0x00039b9a      0x280 ./Drivers/STM32H7xx_HAL_Driver/Src/stm32h7xx_hal_cortex.o
 .debug_macro   0x00039e1a      0x287 ./Drivers/STM32H7xx_HAL_Driver/Src/stm32h7xx_hal_gpio.o
 .debug_macro   0x0003a0a1      0x34c ./Drivers/STM32H7xx_HAL_Driver/Src/stm32h7xx_hal_i2c.o
 .debug_macro   0x0003a3ed      0x280 ./Drivers/STM32H7xx_HAL_Driver/Src/stm32h7xx_hal_i2c_ex.o
 .debug_macro   0x0003a66d      0x2a4 ./Drivers/STM32H7xx_HAL_Driver/Src/stm32h7xx_hal_rcc.o
 .debug_macro   0x0003a911      0x2c2 ./Drivers/STM32H7xx_HAL_Driver/Src/stm32h7xx_ll_gpio.o
 .debug_macro   0x0003abd3      0x15f ./Drivers/STM32H7xx_HAL_Driver/Src/stm32h7xx_ll_gpio.o
 .debug_macro   0x0003ad32      0x2bc ./Drivers/STM32H7xx_HAL_Driver/Src/stm32h7xx_ll_rcc.o
 .debug_macro   0x0003afee      0x9d6 ./Drivers/STM32H7xx_HAL_Driver/Src/stm32h7xx_ll_rcc.o
 .debug_macro   0x0003b9c4      0x379 ./Drivers/STM32H7xx_HAL_Driver/Src/stm32h7xx_ll_spi.o
 .debug_macro   0x0003bd3d      0x62b ./Drivers/STM32H7xx_HAL_Driver/Src/stm32h7xx_ll_spi.o
 .debug_macro   0x0003c368      0x329 ./Drivers/STM32H7xx_HAL_Driver/Src/stm32h7xx_ll_tim.o
 .debug_macro   0x0003c691      0xa73 ./Drivers/STM32H7xx_HAL_Driver/Src/stm32h7xx_ll_tim.o
 .debug_macro   0x0003d104      0x2fb ./Drivers/STM32H7xx_HAL_Driver/Src/stm32h7xx_ll_usart.o
 .debug_macro   0x0003d3ff      0x409 ./Drivers/STM32H7xx_HAL_Driver/Src/stm32h7xx_ll_usart.o
 .debug_macro   0x0003d808      0x3d8 ./Drivers/STM32H7xx_HAL_Driver/Src/stm32h7xx_ll_utils.o

.debug_line     0x00000000    0x17af5
 .debug_line    0x00000000      0xc5f ./Core/Src/DRONE_CONFIG.o
 .debug_line    0x00000c5f      0xb51 ./Core/Src/dma.o
 .debug_line    0x000017b0      0xa65 ./Core/Src/gpio.o
 .debug_line    0x00002215      0xa81 ./Core/Src/i2c.o
 .debug_line    0x00002c96     0x14f9 ./Core/Src/main.o
 .debug_line    0x0000418f      0xbb8 ./Core/Src/spi.o
 .debug_line    0x00004d47      0x9b8 ./Core/Src/stm32h7xx_hal_msp.o
 .debug_line    0x000056ff      0xcca ./Core/Src/stm32h7xx_it.o
 .debug_line    0x000063c9      0xa75 ./Core/Src/system_stm32h7xx.o
 .debug_line    0x00006e3e     0x101c ./Core/Src/tim.o
 .debug_line    0x00007e5a      0xdd9 ./Core/Src/usart.o
 .debug_line    0x00008c33      0x9b8 ./Core/Src/usb_otg.o
 .debug_line    0x000095eb       0x7b ./Core/Startup/startup_stm32h753vitx.o
 .debug_line    0x00009666      0xe4e ./Drivers/STM32H7xx_HAL_Driver/Src/stm32h7xx_hal.o
 .debug_line    0x0000a4b4      0xe38 ./Drivers/STM32H7xx_HAL_Driver/Src/stm32h7xx_hal_cortex.o
 .debug_line    0x0000b2ec      0xcd7 ./Drivers/STM32H7xx_HAL_Driver/Src/stm32h7xx_hal_gpio.o
 .debug_line    0x0000bfc3     0x3bc5 ./Drivers/STM32H7xx_HAL_Driver/Src/stm32h7xx_hal_i2c.o
 .debug_line    0x0000fb88      0x9dc ./Drivers/STM32H7xx_HAL_Driver/Src/stm32h7xx_hal_i2c_ex.o
 .debug_line    0x00010564     0x14f5 ./Drivers/STM32H7xx_HAL_Driver/Src/stm32h7xx_hal_rcc.o
 .debug_line    0x00011a59      0xa87 ./Drivers/STM32H7xx_HAL_Driver/Src/stm32h7xx_ll_gpio.o
 .debug_line    0x000124e0     0x1f88 ./Drivers/STM32H7xx_HAL_Driver/Src/stm32h7xx_ll_rcc.o
 .debug_line    0x00014468      0xb93 ./Drivers/STM32H7xx_HAL_Driver/Src/stm32h7xx_ll_spi.o
 .debug_line    0x00014ffb     0x1020 ./Drivers/STM32H7xx_HAL_Driver/Src/stm32h7xx_ll_tim.o
 .debug_line    0x0001601b      0xb1f ./Drivers/STM32H7xx_HAL_Driver/Src/stm32h7xx_ll_usart.o
 .debug_line    0x00016b3a      0xfbb ./Drivers/STM32H7xx_HAL_Driver/Src/stm32h7xx_ll_utils.o

.debug_str      0x00000000   0x175b17
 .debug_str     0x00000000   0x175b17 ./Core/Src/DRONE_CONFIG.o
                             0x16a09b (size before relaxing)
 .debug_str     0x00175b17   0x16a829 ./Core/Src/dma.o
 .debug_str     0x00175b17   0x169eab ./Core/Src/gpio.o
 .debug_str     0x00175b17   0x16a4ef ./Core/Src/i2c.o
 .debug_str     0x00175b17   0x16b59e ./Core/Src/main.o
 .debug_str     0x00175b17   0x16a060 ./Core/Src/spi.o
 .debug_str     0x00175b17   0x169dc3 ./Core/Src/stm32h7xx_hal_msp.o
 .debug_str     0x00175b17   0x169f90 ./Core/Src/stm32h7xx_it.o
 .debug_str     0x00175b17   0x14efe4 ./Core/Src/system_stm32h7xx.o
 .debug_str     0x00175b17   0x16adc6 ./Core/Src/tim.o
 .debug_str     0x00175b17   0x16ab0b ./Core/Src/usart.o
 .debug_str     0x00175b17   0x169ba9 ./Core/Src/usb_otg.o
 .debug_str     0x00175b17       0x84 ./Core/Startup/startup_stm32h753vitx.o
 .debug_str     0x00175b17   0x14feca ./Drivers/STM32H7xx_HAL_Driver/Src/stm32h7xx_hal.o
 .debug_str     0x00175b17   0x14f905 ./Drivers/STM32H7xx_HAL_Driver/Src/stm32h7xx_hal_cortex.o
 .debug_str     0x00175b17   0x14ef5c ./Drivers/STM32H7xx_HAL_Driver/Src/stm32h7xx_hal_gpio.o
 .debug_str     0x00175b17   0x14fffd ./Drivers/STM32H7xx_HAL_Driver/Src/stm32h7xx_hal_i2c.o
 .debug_str     0x00175b17   0x14f3a1 ./Drivers/STM32H7xx_HAL_Driver/Src/stm32h7xx_hal_i2c_ex.o
 .debug_str     0x00175b17   0x14f340 ./Drivers/STM32H7xx_HAL_Driver/Src/stm32h7xx_hal_rcc.o
 .debug_str     0x00175b17   0x15114c ./Drivers/STM32H7xx_HAL_Driver/Src/stm32h7xx_ll_gpio.o
 .debug_str     0x00175b17   0x1586ba ./Drivers/STM32H7xx_HAL_Driver/Src/stm32h7xx_ll_rcc.o
 .debug_str     0x00175b17   0x15cf3d ./Drivers/STM32H7xx_HAL_Driver/Src/stm32h7xx_ll_spi.o
 .debug_str     0x00175b17   0x15713b ./Drivers/STM32H7xx_HAL_Driver/Src/stm32h7xx_ll_tim.o
 .debug_str     0x00175b17   0x159be4 ./Drivers/STM32H7xx_HAL_Driver/Src/stm32h7xx_ll_usart.o
 .debug_str     0x00175b17   0x15b578 ./Drivers/STM32H7xx_HAL_Driver/Src/stm32h7xx_ll_utils.o

.comment        0x00000000       0x43
 .comment       0x00000000       0x43 ./Core/Src/DRONE_CONFIG.o
                                 0x44 (size before relaxing)
 .comment       0x00000043       0x44 ./Core/Src/dma.o
 .comment       0x00000043       0x44 ./Core/Src/gpio.o
 .comment       0x00000043       0x44 ./Core/Src/i2c.o
 .comment       0x00000043       0x44 ./Core/Src/main.o
 .comment       0x00000043       0x44 ./Core/Src/spi.o
 .comment       0x00000043       0x44 ./Core/Src/stm32h7xx_hal_msp.o
 .comment       0x00000043       0x44 ./Core/Src/stm32h7xx_it.o
 .comment       0x00000043       0x44 ./Core/Src/system_stm32h7xx.o
 .comment       0x00000043       0x44 ./Core/Src/tim.o
 .comment       0x00000043       0x44 ./Core/Src/usart.o
 .comment       0x00000043       0x44 ./Core/Src/usb_otg.o
 .comment       0x00000043       0x44 ./Drivers/STM32H7xx_HAL_Driver/Src/stm32h7xx_hal.o
 .comment       0x00000043       0x44 ./Drivers/STM32H7xx_HAL_Driver/Src/stm32h7xx_hal_cortex.o
 .comment       0x00000043       0x44 ./Drivers/STM32H7xx_HAL_Driver/Src/stm32h7xx_hal_gpio.o
 .comment       0x00000043       0x44 ./Drivers/STM32H7xx_HAL_Driver/Src/stm32h7xx_hal_i2c.o
 .comment       0x00000043       0x44 ./Drivers/STM32H7xx_HAL_Driver/Src/stm32h7xx_hal_i2c_ex.o
 .comment       0x00000043       0x44 ./Drivers/STM32H7xx_HAL_Driver/Src/stm32h7xx_hal_rcc.o
 .comment       0x00000043       0x44 ./Drivers/STM32H7xx_HAL_Driver/Src/stm32h7xx_ll_gpio.o
 .comment       0x00000043       0x44 ./Drivers/STM32H7xx_HAL_Driver/Src/stm32h7xx_ll_rcc.o
 .comment       0x00000043       0x44 ./Drivers/STM32H7xx_HAL_Driver/Src/stm32h7xx_ll_spi.o
 .comment       0x00000043       0x44 ./Drivers/STM32H7xx_HAL_Driver/Src/stm32h7xx_ll_tim.o
 .comment       0x00000043       0x44 ./Drivers/STM32H7xx_HAL_Driver/Src/stm32h7xx_ll_usart.o
 .comment       0x00000043       0x44 ./Drivers/STM32H7xx_HAL_Driver/Src/stm32h7xx_ll_utils.o

.debug_frame    0x00000000     0x5658
 .debug_frame   0x00000000      0x18c ./Core/Src/DRONE_CONFIG.o
 .debug_frame   0x0000018c       0xec ./Core/Src/dma.o
 .debug_frame   0x00000278       0x84 ./Core/Src/gpio.o
 .debug_frame   0x000002fc       0xc0 ./Core/Src/i2c.o
 .debug_frame   0x000003bc      0x8c0 ./Core/Src/main.o
 .debug_frame   0x00000c7c      0x1e0 ./Core/Src/spi.o
 .debug_frame   0x00000e5c       0x38 ./Core/Src/stm32h7xx_hal_msp.o
 .debug_frame   0x00000e94      0x398 ./Core/Src/stm32h7xx_it.o
 .debug_frame   0x0000122c       0x78 ./Core/Src/system_stm32h7xx.o
 .debug_frame   0x000012a4      0x460 ./Core/Src/tim.o
 .debug_frame   0x00001704      0x2f0 ./Core/Src/usart.o
 .debug_frame   0x000019f4       0x30 ./Core/Src/usb_otg.o
 .debug_frame   0x00001a24      0x690 ./Drivers/STM32H7xx_HAL_Driver/Src/stm32h7xx_hal.o
 .debug_frame   0x000020b4      0x508 ./Drivers/STM32H7xx_HAL_Driver/Src/stm32h7xx_hal_cortex.o
 .debug_frame   0x000025bc      0x14c ./Drivers/STM32H7xx_HAL_Driver/Src/stm32h7xx_hal_gpio.o
 .debug_frame   0x00002708      0xc40 ./Drivers/STM32H7xx_HAL_Driver/Src/stm32h7xx_hal_i2c.o
 .debug_frame   0x00003348      0x100 ./Drivers/STM32H7xx_HAL_Driver/Src/stm32h7xx_hal_i2c_ex.o
 .debug_frame   0x00003448      0x1f8 ./Drivers/STM32H7xx_HAL_Driver/Src/stm32h7xx_hal_rcc.o
 .debug_frame   0x00003640      0x1c0 ./Drivers/STM32H7xx_HAL_Driver/Src/stm32h7xx_ll_gpio.o
 .debug_frame   0x00003800      0xd58 ./Drivers/STM32H7xx_HAL_Driver/Src/stm32h7xx_ll_rcc.o
 .debug_frame   0x00004558      0x2a8 ./Drivers/STM32H7xx_HAL_Driver/Src/stm32h7xx_ll_spi.o
 .debug_frame   0x00004800      0x5d0 ./Drivers/STM32H7xx_HAL_Driver/Src/stm32h7xx_ll_tim.o
 .debug_frame   0x00004dd0      0x238 ./Drivers/STM32H7xx_HAL_Driver/Src/stm32h7xx_ll_usart.o
 .debug_frame   0x00005008      0x604 ./Drivers/STM32H7xx_HAL_Driver/Src/stm32h7xx_ll_utils.o
 .debug_frame   0x0000560c       0x20 C:/ST/STM32CubeIDE_1.18.1/STM32CubeIDE/plugins/com.st.stm32cube.ide.mcu.externaltools.gnu-tools-for-stm32.13.3.rel1.win32_1.0.0.202411081344/tools/bin/../lib/gcc/arm-none-eabi/13.3.1/../../../../arm-none-eabi/lib/thumb/v7e-m+dp/hard\libc_nano.a(libc_a-memset.o)
 .debug_frame   0x0000562c       0x2c C:/ST/STM32CubeIDE_1.18.1/STM32CubeIDE/plugins/com.st.stm32cube.ide.mcu.externaltools.gnu-tools-for-stm32.13.3.rel1.win32_1.0.0.202411081344/tools/bin/../lib/gcc/arm-none-eabi/13.3.1/../../../../arm-none-eabi/lib/thumb/v7e-m+dp/hard\libc_nano.a(libc_a-init.o)

.debug_line_str
                0x00000000       0x68
 .debug_line_str
                0x00000000       0x68 ./Core/Startup/startup_stm32h753vitx.o
