../Drivers/STM32H7xx_HAL_Driver/Inc/stm32h7xx_ll_rcc.h:2895:22:LL_RCC_SetClockSource	24	static
../Drivers/STM32H7xx_HAL_Driver/Inc/stm32h7xx_ll_rcc.h:3273:22:LL_RCC_SetSPIClockSource	16	static
../Drivers/STM32H7xx_HAL_Driver/Inc/stm32h7xx_ll_bus.h:1384:22:LL_AHB4_GRP1_EnableClock	24	static
../Drivers/STM32H7xx_HAL_Driver/Inc/stm32h7xx_ll_bus.h:2480:22:LL_APB2_GRP1_EnableClock	24	static
../Drivers/STM32H7xx_HAL_Driver/Inc/stm32h7xx_ll_spi.h:555:22:LL_SPI_Enable	16	static
../Drivers/STM32H7xx_HAL_Driver/Inc/stm32h7xx_ll_spi.h:1116:22:LL_SPI_SetStandard	16	static
../Drivers/STM32H7xx_HAL_Driver/Inc/stm32h7xx_ll_spi.h:1466:22:LL_SPI_SetFIFOThreshold	16	static
../Drivers/STM32H7xx_HAL_Driver/Inc/stm32h7xx_ll_spi.h:1655:22:LL_SPI_EnableNSSPulseMgt	16	static
../Drivers/STM32H7xx_HAL_Driver/Inc/stm32h7xx_ll_spi.h:1830:26:LL_SPI_IsActiveFlag_TXC	16	static
../Drivers/STM32H7xx_HAL_Driver/Inc/stm32h7xx_ll_spi.h:1841:26:LL_SPI_IsActiveFlag_RXWNE	16	static
../Drivers/STM32H7xx_HAL_Driver/Inc/stm32h7xx_ll_spi.h:2450:25:LL_SPI_ReceiveData8	16	static
../Drivers/STM32H7xx_HAL_Driver/Inc/stm32h7xx_ll_spi.h:2489:22:LL_SPI_TransmitData8	16	static
../Drivers/STM32H7xx_HAL_Driver/Inc/stm32h7xx_ll_gpio.h:803:26:LL_GPIO_IsInputPinSet	16	static
../Drivers/STM32H7xx_HAL_Driver/Inc/stm32h7xx_ll_gpio.h:884:22:LL_GPIO_SetOutputPin	16	static
../Drivers/STM32H7xx_HAL_Driver/Inc/stm32h7xx_ll_gpio.h:913:22:LL_GPIO_ResetOutputPin	16	static
../Core/Src/BMI088.c:17:6:BMI088_SPI_GPIO_Initialization	72	static
../Core/Src/BMI088.c:117:22:BMI088_Transmit_Receive	16	static
../Core/Src/BMI088.c:131:9:BMI088_Readbyte	24	static
../Core/Src/BMI088.c:148:6:BMI088_Read_Buffer	32	static
../Core/Src/BMI088.c:165:6:BMI088_Writebyte	16	static
../Core/Src/BMI088.c:178:6:BMI088_Write_Buffer	24	static
../Core/Src/BMI088.c:192:5:BMI088_Initialization	8	static
../Core/Src/BMI088.c:292:6:BMI088_Get3AxisAccelRawData	24	static
../Core/Src/BMI088.c:319:6:BMI088_Get3AxisGyroRawData	24	static
../Core/Src/BMI088.c:346:6:BMI088_GetSensortime	24	static
../Core/Src/BMI088.c:369:6:BMI088_TempRawData	24	static
../Core/Src/BMI088.c:389:6:BMI088_Calculate_Accel_Temp	16	static
../Core/Src/BMI088.c:406:6:BMI088_Calculate_Gyro	16	static
../Core/Src/BMI088.c:418:5:BMI088_DataReady_ACCEL	8	static
../Core/Src/BMI088.c:426:5:BMI088_DataReady_GYRO	8	static
