../Drivers/STM32H7xx_HAL_Driver/Inc/stm32h7xx_ll_rcc.h:2895:22:LL_RCC_SetClockSource	24	static
../Drivers/STM32H7xx_HAL_Driver/Inc/stm32h7xx_ll_rcc.h:3273:22:LL_RCC_SetSPIClockSource	16	static
../Drivers/STM32H7xx_HAL_Driver/Inc/stm32h7xx_ll_bus.h:1384:22:LL_AHB4_GRP1_EnableClock	24	static
../Drivers/STM32H7xx_HAL_Driver/Inc/stm32h7xx_ll_bus.h:2480:22:LL_APB2_GRP1_EnableClock	24	static
../Drivers/STM32H7xx_HAL_Driver/Inc/stm32h7xx_ll_spi.h:555:22:LL_SPI_Enable	16	static
../Drivers/STM32H7xx_HAL_Driver/Inc/stm32h7xx_ll_spi.h:1116:22:LL_SPI_SetStandard	16	static
../Drivers/STM32H7xx_HAL_Driver/Inc/stm32h7xx_ll_spi.h:1466:22:LL_SPI_SetFIFOThreshold	16	static
../Drivers/STM32H7xx_HAL_Driver/Inc/stm32h7xx_ll_spi.h:1655:22:LL_SPI_EnableNSSPulseMgt	16	static
../Drivers/STM32H7xx_HAL_Driver/Inc/stm32h7xx_ll_spi.h:1830:26:LL_SPI_IsActiveFlag_TXC	16	static
../Drivers/STM32H7xx_HAL_Driver/Inc/stm32h7xx_ll_spi.h:1841:26:LL_SPI_IsActiveFlag_RXWNE	16	static
../Drivers/STM32H7xx_HAL_Driver/Inc/stm32h7xx_ll_spi.h:2450:25:LL_SPI_ReceiveData8	16	static
../Drivers/STM32H7xx_HAL_Driver/Inc/stm32h7xx_ll_spi.h:2489:22:LL_SPI_TransmitData8	16	static
../Drivers/STM32H7xx_HAL_Driver/Inc/stm32h7xx_ll_gpio.h:803:26:LL_GPIO_IsInputPinSet	16	static
../Drivers/STM32H7xx_HAL_Driver/Inc/stm32h7xx_ll_gpio.h:884:22:LL_GPIO_SetOutputPin	16	static
../Drivers/STM32H7xx_HAL_Driver/Inc/stm32h7xx_ll_gpio.h:913:22:LL_GPIO_ResetOutputPin	16	static
../Core/Src/ICM45686.c:17:6:ICM45686_SPI_GPIO_Initialization	72	static
../Core/Src/ICM45686.c:89:22:ICM45686_Transmit_Receive	16	static
../Core/Src/ICM45686.c:103:9:ICM45686_Readbyte	24	static
../Core/Src/ICM45686.c:122:6:ICM45686_Read_Buffer	32	static
../Core/Src/ICM45686.c:141:6:ICM45686_Writebyte	16	static
../Core/Src/ICM45686.c:156:6:ICM45686_Write_Buffer	24	static
../Core/Src/ICM45686.c:172:5:ICM45686_Initialization	8	static
../Core/Src/ICM45686.c:219:6:ICM45686_Get6AxisRawData	32	static
../Core/Src/ICM45686.c:247:6:ICM45686_Get3AxisGyroRawData	24	static
../Core/Src/ICM45686.c:269:6:ICM45686_Get3AxisAccRawData	24	static
../Core/Src/ICM45686.c:290:6:ICM45686_TempRawData	24	static
../Core/Src/ICM45686.c:308:6:ICM45686_Calculate_Accel_Gyro_Temp	24	static
../Core/Src/ICM45686.c:341:5:ICM45686_DataReady	8	static
