../Drivers/STM32H7xx_HAL_Driver/Inc/stm32h7xx_ll_rcc.h:2895:22:LL_RCC_SetClockSource	24	static
../Drivers/STM32H7xx_HAL_Driver/Inc/stm32h7xx_ll_rcc.h:3273:22:LL_RCC_SetSPIClockSource	16	static
../Drivers/STM32H7xx_HAL_Driver/Inc/stm32h7xx_ll_bus.h:1384:22:LL_AHB4_GRP1_EnableClock	24	static
../Drivers/STM32H7xx_HAL_Driver/Inc/stm32h7xx_ll_bus.h:2480:22:LL_APB2_GRP1_EnableClock	24	static
../Drivers/STM32H7xx_HAL_Driver/Inc/stm32h7xx_ll_spi.h:555:22:LL_SPI_Enable	16	static
../Drivers/STM32H7xx_HAL_Driver/Inc/stm32h7xx_ll_spi.h:1116:22:LL_SPI_SetStandard	16	static
../Drivers/STM32H7xx_HAL_Driver/Inc/stm32h7xx_ll_spi.h:1466:22:LL_SPI_SetFIFOThreshold	16	static
../Drivers/STM32H7xx_HAL_Driver/Inc/stm32h7xx_ll_spi.h:1655:22:LL_SPI_EnableNSSPulseMgt	16	static
../Drivers/STM32H7xx_HAL_Driver/Inc/stm32h7xx_ll_spi.h:1830:26:LL_SPI_IsActiveFlag_TXC	16	static
../Drivers/STM32H7xx_HAL_Driver/Inc/stm32h7xx_ll_spi.h:1841:26:LL_SPI_IsActiveFlag_RXWNE	16	static
../Drivers/STM32H7xx_HAL_Driver/Inc/stm32h7xx_ll_spi.h:2450:25:LL_SPI_ReceiveData8	16	static
../Drivers/STM32H7xx_HAL_Driver/Inc/stm32h7xx_ll_spi.h:2489:22:LL_SPI_TransmitData8	16	static
../Drivers/STM32H7xx_HAL_Driver/Inc/stm32h7xx_ll_gpio.h:803:26:LL_GPIO_IsInputPinSet	16	static
../Drivers/STM32H7xx_HAL_Driver/Inc/stm32h7xx_ll_gpio.h:884:22:LL_GPIO_SetOutputPin	16	static
../Drivers/STM32H7xx_HAL_Driver/Inc/stm32h7xx_ll_gpio.h:913:22:LL_GPIO_ResetOutputPin	16	static
../Core/Src/ICP20100.c:18:6:ICP20100_SPI_GPIO_Initialization	72	static
../Core/Src/ICP20100.c:90:22:IPC20100_Transmit_Receive	16	static
../Core/Src/ICP20100.c:104:9:ICP20100_Readbyte	24	static
../Core/Src/ICP20100.c:123:6:ICP20100_Read_Buffer	32	static
../Core/Src/ICP20100.c:142:6:ICP20100_Writebyte	16	static
../Core/Src/ICP20100.c:157:6:ICP20100_Write_Buffer	24	static
../Core/Src/ICP20100.c:173:5:ICP20100_Initialization	8	static
../Core/Src/ICP20100.c:205:6:ICP20100_Get_Raw_Pressure_And_Temp	16	static
../Core/Src/ICP20100.c:228:6:ICP20100_Get_Raw_Pressure	16	static
../Core/Src/ICP20100.c:248:6:ICP20100_Get_Raw_Temperature	16	static
../Core/Src/ICP20100.c:271:6:ICP20100_Get_Altitude	16	static
../Core/Src/ICP20100.c:284:6:ICP20100_Get_Altitude_Temp_Corrected	16	static
../Core/Src/ICP20100.c:299:5:ICP20100_DataReady	8	static
