../Drivers/STM32H7xx_HAL_Driver/Inc/stm32h7xx_ll_rcc.h:2895:22:LL_RCC_SetClockSource	24	static
../Drivers/STM32H7xx_HAL_Driver/Inc/stm32h7xx_ll_rcc.h:3273:22:LL_RCC_SetSPIClockSource	16	static
../Drivers/STM32H7xx_HAL_Driver/Inc/stm32h7xx_ll_bus.h:1384:22:LL_AHB4_GRP1_EnableClock	24	static
../Drivers/STM32H7xx_HAL_Driver/Inc/stm32h7xx_ll_bus.h:1862:22:LL_APB1_GRP1_EnableClock	24	static
../Drivers/STM32H7xx_HAL_Driver/Inc/stm32h7xx_ll_spi.h:555:22:LL_SPI_Enable	16	static
../Drivers/STM32H7xx_HAL_Driver/Inc/stm32h7xx_ll_spi.h:1116:22:LL_SPI_SetStandard	16	static
../Drivers/STM32H7xx_HAL_Driver/Inc/stm32h7xx_ll_spi.h:1466:22:LL_SPI_SetFIFOThreshold	16	static
../Drivers/STM32H7xx_HAL_Driver/Inc/stm32h7xx_ll_spi.h:1655:22:LL_SPI_EnableNSSPulseMgt	16	static
../Drivers/STM32H7xx_HAL_Driver/Inc/stm32h7xx_ll_spi.h:1830:26:LL_SPI_IsActiveFlag_TXC	16	static
../Drivers/STM32H7xx_HAL_Driver/Inc/stm32h7xx_ll_spi.h:1841:26:LL_SPI_IsActiveFlag_RXWNE	16	static
../Drivers/STM32H7xx_HAL_Driver/Inc/stm32h7xx_ll_spi.h:2450:25:LL_SPI_ReceiveData8	16	static
../Drivers/STM32H7xx_HAL_Driver/Inc/stm32h7xx_ll_spi.h:2489:22:LL_SPI_TransmitData8	16	static
../Drivers/STM32H7xx_HAL_Driver/Inc/stm32h7xx_ll_gpio.h:884:22:LL_GPIO_SetOutputPin	16	static
../Drivers/STM32H7xx_HAL_Driver/Inc/stm32h7xx_ll_gpio.h:913:22:LL_GPIO_ResetOutputPin	16	static
../Core/Src/MS5611.c:18:6:MS5611_SPI_GPIO_Initialization	72	static
../Core/Src/MS5611.c:84:22:MS5611_Transmit_Receive	16	static
../Core/Src/MS5611.c:98:9:MS5611_Readbyte	24	static
../Core/Src/MS5611.c:117:6:MS5611_Read_Buffer	32	static
../Core/Src/MS5611.c:136:6:MS5611_Writebyte	16	static
../Core/Src/MS5611.c:151:6:MS5611_Write_Buffer	24	static
../Core/Src/MS5611.c:167:6:MS5611_Read_Factory_Calibrated_Data	32	static
../Core/Src/MS5611.c:185:5:MS5611_Initialization	8	static
../Core/Src/MS5611.c:198:6:MS5611_Get_Raw_Pressure	24	static
../Core/Src/MS5611.c:213:6:MS5611_Get_Raw_Temperature	24	static
../Core/Src/MS5611.c:228:6:MS5611_Calculate_Temperature	312	static
../Core/Src/MS5611.c:272:6:MS5611_Calculate_Temperature_Compensated_Pressure	152	static
../Core/Src/MS5611.c:302:6:MS5611_Get_Altitude	16	static
