../Drivers/STM32H7xx_HAL_Driver/Inc/stm32h7xx_ll_tim.h:4203:22:LL_TIM_ClearFlag_UPDATE	16	static
../Drivers/STM32H7xx_HAL_Driver/Inc/stm32h7xx_ll_tim.h:4214:26:LL_TIM_IsActiveFlag_UPDATE	16	static
../Drivers/STM32H7xx_HAL_Driver/Inc/stm32h7xx_ll_usart.h:2998:26:LL_USART_IsActiveFlag_RXNE_RXFNE	16	static
../Drivers/STM32H7xx_HAL_Driver/Inc/stm32h7xx_ll_usart.h:3024:26:LL_USART_IsActiveFlag_TXE_TXFNF	16	static
../Drivers/STM32H7xx_HAL_Driver/Inc/stm32h7xx_ll_usart.h:4252:25:LL_USART_ReceiveData8	16	static
../Drivers/STM32H7xx_HAL_Driver/Inc/stm32h7xx_ll_usart.h:4275:22:LL_USART_TransmitData8	16	static
../Core/Src/stm32h7xx_it.c:108:6:NMI_Handler	4	static
../Core/Src/stm32h7xx_it.c:123:6:HardFault_Handler	4	static
../Core/Src/stm32h7xx_it.c:138:6:MemManage_Handler	4	static
../Core/Src/stm32h7xx_it.c:153:6:BusFault_Handler	4	static
../Core/Src/stm32h7xx_it.c:168:6:UsageFault_Handler	4	static
../Core/Src/stm32h7xx_it.c:183:6:SVC_Handler	4	static
../Core/Src/stm32h7xx_it.c:196:6:DebugMon_Handler	4	static
../Core/Src/stm32h7xx_it.c:209:6:PendSV_Handler	4	static
../Core/Src/stm32h7xx_it.c:222:6:SysTick_Handler	8	static
../Core/Src/stm32h7xx_it.c:243:6:USART2_IRQHandler	8	static
../Core/Src/stm32h7xx_it.c:268:6:USART3_IRQHandler	4	static
../Core/Src/stm32h7xx_it.c:281:6:UART4_IRQHandler	8	static
../Core/Src/stm32h7xx_it.c:358:6:TIM7_IRQHandler	8	static
../Core/Src/stm32h7xx_it.c:398:6:USART6_IRQHandler	8	static
