Archive member included to satisfy reference by file (symbol)

C:/ST/STM32CubeIDE_1.18.1/STM32CubeIDE/plugins/com.st.stm32cube.ide.mcu.externaltools.gnu-tools-for-stm32.13.3.rel1.win32_1.0.0.202411081344/tools/bin/../lib/gcc/arm-none-eabi/13.3.1/../../../../arm-none-eabi/lib/thumb/v7e-m+dp/hard\libc_nano.a(libc_a-exit.o)
                              C:/ST/STM32CubeIDE_1.18.1/STM32CubeIDE/plugins/com.st.stm32cube.ide.mcu.externaltools.gnu-tools-for-stm32.13.3.rel1.win32_1.0.0.202411081344/tools/bin/../lib/gcc/arm-none-eabi/13.3.1/../../../../arm-none-eabi/lib/thumb/v7e-m+dp/hard/crt0.o (exit)
C:/ST/STM32CubeIDE_1.18.1/STM32CubeIDE/plugins/com.st.stm32cube.ide.mcu.externaltools.gnu-tools-for-stm32.13.3.rel1.win32_1.0.0.202411081344/tools/bin/../lib/gcc/arm-none-eabi/13.3.1/../../../../arm-none-eabi/lib/thumb/v7e-m+dp/hard\libc_nano.a(libc_a-nano-vfprintf_float.o)
                              (_printf_float)
C:/ST/STM32CubeIDE_1.18.1/STM32CubeIDE/plugins/com.st.stm32cube.ide.mcu.externaltools.gnu-tools-for-stm32.13.3.rel1.win32_1.0.0.202411081344/tools/bin/../lib/gcc/arm-none-eabi/13.3.1/../../../../arm-none-eabi/lib/thumb/v7e-m+dp/hard\libc_nano.a(libc_a-nano-vfprintf_i.o)
                              C:/ST/STM32CubeIDE_1.18.1/STM32CubeIDE/plugins/com.st.stm32cube.ide.mcu.externaltools.gnu-tools-for-stm32.13.3.rel1.win32_1.0.0.202411081344/tools/bin/../lib/gcc/arm-none-eabi/13.3.1/../../../../arm-none-eabi/lib/thumb/v7e-m+dp/hard\libc_nano.a(libc_a-nano-vfprintf_float.o) (_printf_common)
C:/ST/STM32CubeIDE_1.18.1/STM32CubeIDE/plugins/com.st.stm32cube.ide.mcu.externaltools.gnu-tools-for-stm32.13.3.rel1.win32_1.0.0.202411081344/tools/bin/../lib/gcc/arm-none-eabi/13.3.1/../../../../arm-none-eabi/lib/thumb/v7e-m+dp/hard\libc_nano.a(libc_a-findfp.o)
                              C:/ST/STM32CubeIDE_1.18.1/STM32CubeIDE/plugins/com.st.stm32cube.ide.mcu.externaltools.gnu-tools-for-stm32.13.3.rel1.win32_1.0.0.202411081344/tools/bin/../lib/gcc/arm-none-eabi/13.3.1/../../../../arm-none-eabi/lib/thumb/v7e-m+dp/hard\libc_nano.a(libc_a-exit.o) (__stdio_exit_handler)
C:/ST/STM32CubeIDE_1.18.1/STM32CubeIDE/plugins/com.st.stm32cube.ide.mcu.externaltools.gnu-tools-for-stm32.13.3.rel1.win32_1.0.0.202411081344/tools/bin/../lib/gcc/arm-none-eabi/13.3.1/../../../../arm-none-eabi/lib/thumb/v7e-m+dp/hard\libc_nano.a(libc_a-fwalk.o)
                              C:/ST/STM32CubeIDE_1.18.1/STM32CubeIDE/plugins/com.st.stm32cube.ide.mcu.externaltools.gnu-tools-for-stm32.13.3.rel1.win32_1.0.0.202411081344/tools/bin/../lib/gcc/arm-none-eabi/13.3.1/../../../../arm-none-eabi/lib/thumb/v7e-m+dp/hard\libc_nano.a(libc_a-findfp.o) (_fwalk_sglue)
C:/ST/STM32CubeIDE_1.18.1/STM32CubeIDE/plugins/com.st.stm32cube.ide.mcu.externaltools.gnu-tools-for-stm32.13.3.rel1.win32_1.0.0.202411081344/tools/bin/../lib/gcc/arm-none-eabi/13.3.1/../../../../arm-none-eabi/lib/thumb/v7e-m+dp/hard\libc_nano.a(libc_a-printf.o)
                              ./Core/Src/main.o (printf)
C:/ST/STM32CubeIDE_1.18.1/STM32CubeIDE/plugins/com.st.stm32cube.ide.mcu.externaltools.gnu-tools-for-stm32.13.3.rel1.win32_1.0.0.202411081344/tools/bin/../lib/gcc/arm-none-eabi/13.3.1/../../../../arm-none-eabi/lib/thumb/v7e-m+dp/hard\libc_nano.a(libc_a-stdio.o)
                              C:/ST/STM32CubeIDE_1.18.1/STM32CubeIDE/plugins/com.st.stm32cube.ide.mcu.externaltools.gnu-tools-for-stm32.13.3.rel1.win32_1.0.0.202411081344/tools/bin/../lib/gcc/arm-none-eabi/13.3.1/../../../../arm-none-eabi/lib/thumb/v7e-m+dp/hard\libc_nano.a(libc_a-findfp.o) (__sread)
C:/ST/STM32CubeIDE_1.18.1/STM32CubeIDE/plugins/com.st.stm32cube.ide.mcu.externaltools.gnu-tools-for-stm32.13.3.rel1.win32_1.0.0.202411081344/tools/bin/../lib/gcc/arm-none-eabi/13.3.1/../../../../arm-none-eabi/lib/thumb/v7e-m+dp/hard\libc_nano.a(libc_a-memset.o)
                              C:/ST/STM32CubeIDE_1.18.1/STM32CubeIDE/plugins/com.st.stm32cube.ide.mcu.externaltools.gnu-tools-for-stm32.13.3.rel1.win32_1.0.0.202411081344/tools/bin/../lib/gcc/arm-none-eabi/13.3.1/../../../../arm-none-eabi/lib/thumb/v7e-m+dp/hard/crt0.o (memset)
C:/ST/STM32CubeIDE_1.18.1/STM32CubeIDE/plugins/com.st.stm32cube.ide.mcu.externaltools.gnu-tools-for-stm32.13.3.rel1.win32_1.0.0.202411081344/tools/bin/../lib/gcc/arm-none-eabi/13.3.1/../../../../arm-none-eabi/lib/thumb/v7e-m+dp/hard\libc_nano.a(libc_a-localeconv.o)
                              C:/ST/STM32CubeIDE_1.18.1/STM32CubeIDE/plugins/com.st.stm32cube.ide.mcu.externaltools.gnu-tools-for-stm32.13.3.rel1.win32_1.0.0.202411081344/tools/bin/../lib/gcc/arm-none-eabi/13.3.1/../../../../arm-none-eabi/lib/thumb/v7e-m+dp/hard\libc_nano.a(libc_a-nano-vfprintf_float.o) (_localeconv_r)
C:/ST/STM32CubeIDE_1.18.1/STM32CubeIDE/plugins/com.st.stm32cube.ide.mcu.externaltools.gnu-tools-for-stm32.13.3.rel1.win32_1.0.0.202411081344/tools/bin/../lib/gcc/arm-none-eabi/13.3.1/../../../../arm-none-eabi/lib/thumb/v7e-m+dp/hard\libc_nano.a(libc_a-closer.o)
[...]
Memory Configuration

Name             Origin             Length             Attributes
FLASH            0x08000000         0x00200000         xr
DTCMRAM          0x20000000         0x00020000         xrw
RAM_D1           0x24000000         0x00080000         xrw
RAM_D2           0x30000000         0x00048000         xrw
RAM_D3           0x38000000         0x00010000         xrw
ITCMRAM          0x00000000         0x00010000         xrw
*default*        0x00000000         0xffffffff

Linker script and memory map

LOAD C:/ST/STM32CubeIDE_1.18.1/STM32CubeIDE/plugins/com.st.stm32cube.ide.mcu.externaltools.gnu-tools-for-stm32.13.3.rel1.win32_1.0.0.202411081344/tools/bin/../lib/gcc/arm-none-eabi/13.3.1/thumb/v7e-m+dp/hard/crti.o
LOAD C:/ST/STM32CubeIDE_1.18.1/STM32CubeIDE/plugins/com.st.stm32cube.ide.mcu.externaltools.gnu-tools-for-stm32.13.3.rel1.win32_1.0.0.202411081344/tools/bin/../lib/gcc/arm-none-eabi/13.3.1/thumb/v7e-m+dp/hard/crtbegin.o
LOAD C:/ST/STM32CubeIDE_1.18.1/STM32CubeIDE/plugins/com.st.stm32cube.ide.mcu.externaltools.gnu-tools-for-stm32.13.3.rel1.win32_1.0.0.202411081344/tools/bin/../lib/gcc/arm-none-eabi/13.3.1/../../../../arm-none-eabi/lib/thumb/v7e-m+dp/hard/crt0.o
LOAD ./Core/Src/BMI088.o
LOAD ./Core/Src/ICM42688P.o
LOAD ./Core/Src/ICM45686.o
LOAD ./Core/Src/ICP20100.o
LOAD ./Core/Src/M9N.o
LOAD ./Core/Src/MS5611.o
LOAD ./Core/Src/main.o
LOAD ./Core/Src/stm32h7xx_hal_msp.o
LOAD ./Core/Src/stm32h7xx_it.o
LOAD ./Core/Src/syscalls.o
LOAD ./Core/Src/sysmem.o
LOAD ./Core/Src/system_stm32h7xx.o
LOAD ./Core/Startup/startup_stm32h743vitx.o
LOAD ./Drivers/STM32H7xx_HAL_Driver/Src/stm32h7xx_hal.o
LOAD ./Drivers/STM32H7xx_HAL_Driver/Src/stm32h7xx_hal_cortex.o
LOAD ./Drivers/STM32H7xx_HAL_Driver/Src/stm32h7xx_hal_dma.o
LOAD ./Drivers/STM32H7xx_HAL_Driver/Src/stm32h7xx_hal_dma_ex.o
LOAD ./Drivers/STM32H7xx_HAL_Driver/Src/stm32h7xx_hal_exti.o
LOAD ./Drivers/STM32H7xx_HAL_Driver/Src/stm32h7xx_hal_flash.o
LOAD ./Drivers/STM32H7xx_HAL_Driver/Src/stm32h7xx_hal_flash_ex.o
LOAD ./Drivers/STM32H7xx_HAL_Driver/Src/stm32h7xx_hal_gpio.o
LOAD ./Drivers/STM32H7xx_HAL_Driver/Src/stm32h7xx_hal_hsem.o
LOAD ./Drivers/STM32H7xx_HAL_Driver/Src/stm32h7xx_hal_i2c.o
LOAD ./Drivers/STM32H7xx_HAL_Driver/Src/stm32h7xx_hal_i2c_ex.o
LOAD ./Drivers/STM32H7xx_HAL_Driver/Src/stm32h7xx_hal_mdma.o
LOAD ./Drivers/STM32H7xx_HAL_Driver/Src/stm32h7xx_hal_pwr.o
LOAD ./Drivers/STM32H7xx_HAL_Driver/Src/stm32h7xx_hal_pwr_ex.o
LOAD ./Drivers/STM32H7xx_HAL_Driver/Src/stm32h7xx_hal_rcc.o
LOAD ./Drivers/STM32H7xx_HAL_Driver/Src/stm32h7xx_hal_rcc_ex.o
LOAD ./Drivers/STM32H7xx_HAL_Driver/Src/stm32h7xx_ll_bdma.o
LOAD ./Drivers/STM32H7xx_HAL_Driver/Src/stm32h7xx_ll_dma.o
LOAD ./Drivers/STM32H7xx_HAL_Driver/Src/stm32h7xx_ll_exti.o
LOAD ./Drivers/STM32H7xx_HAL_Driver/Src/stm32h7xx_ll_gpio.o
LOAD ./Drivers/STM32H7xx_HAL_Driver/Src/stm32h7xx_ll_rcc.o
LOAD ./Drivers/STM32H7xx_HAL_Driver/Src/stm32h7xx_ll_spi.o
LOAD ./Drivers/STM32H7xx_HAL_Driver/Src/stm32h7xx_ll_usart.o
LOAD ./Drivers/STM32H7xx_HAL_Driver/Src/stm32h7xx_ll_utils.o
START GROUP
LOAD C:/ST/STM32CubeIDE_1.18.1/STM32CubeIDE/plugins/com.st.stm32cube.ide.mcu.externaltools.gnu-tools-for-stm32.13.3.rel1.win32_1.0.0.202411081344/tools/bin/../lib/gcc/arm-none-eabi/13.3.1/../../../../arm-none-eabi/lib/thumb/v7e-m+dp/hard\libc_nano.a
LOAD C:/ST/STM32CubeIDE_1.18.1/STM32CubeIDE/plugins/com.st.stm32cube.ide.mcu.externaltools.gnu-tools-for-stm32.13.3.rel1.win32_1.0.0.202411081344/tools/bin/../lib/gcc/arm-none-eabi/13.3.1/../../../../arm-none-eabi/lib/thumb/v7e-m+dp/hard\libm.a
END GROUP
START GROUP
LOAD C:/ST/STM32CubeIDE_1.18.1/STM32CubeIDE/plugins/com.st.stm32cube.ide.mcu.externaltools.gnu-tools-for-stm32.13.3.rel1.win32_1.0.0.202411081344/tools/bin/../lib/gcc/arm-none-eabi/13.3.1/thumb/v7e-m+dp/hard\libgcc.a
LOAD C:/ST/STM32CubeIDE_1.18.1/STM32CubeIDE/plugins/com.st.stm32cube.ide.mcu.externaltools.gnu-tools-for-stm32.13.3.rel1.win32_1.0.0.202411081344/tools/bin/../lib/gcc/arm-none-eabi/13.3.1/../../../../arm-none-eabi/lib/thumb/v7e-m+dp/hard\libc_nano.a
END GROUP
START GROUP
LOAD C:/ST/STM32CubeIDE_1.18.1/STM32CubeIDE/plugins/com.st.stm32cube.ide.mcu.externaltools.gnu-tools-for-stm32.13.3.rel1.win32_1.0.0.202411081344/tools/bin/../lib/gcc/arm-none-eabi/13.3.1/thumb/v7e-m+dp/hard\libgcc.a
LOAD C:/ST/STM32CubeIDE_1.18.1/STM32CubeIDE/plugins/com.st.stm32cube.ide.mcu.externaltools.gnu-tools-for-stm32.13.3.rel1.win32_1.0.0.202411081344/tools/bin/../lib/gcc/arm-none-eabi/13.3.1/../../../../arm-none-eabi/lib/thumb/v7e-m+dp/hard\libc_nano.a
LOAD C:/ST/STM32CubeIDE_1.18.1/STM32CubeIDE/plugins/com.st.stm32cube.ide.mcu.externaltools.gnu-tools-for-stm32.13.3.rel1.win32_1.0.0.202411081344/tools/bin/../lib/gcc/arm-none-eabi/13.3.1/../../../../arm-none-eabi/lib/thumb/v7e-m+dp/hard\libnosys.a
END GROUP
START GROUP
LOAD C:/ST/STM32CubeIDE_1.18.1/STM32CubeIDE/plugins/com.st.stm32cube.ide.mcu.externaltools.gnu-tools-for-stm32.13.3.rel1.win32_1.0.0.202411081344/tools/bin/../lib/gcc/arm-none-eabi/13.3.1/thumb/v7e-m+dp/hard\libgcc.a
LOAD C:/ST/STM32CubeIDE_1.18.1/STM32CubeIDE/plugins/com.st.stm32cube.ide.mcu.externaltools.gnu-tools-for-stm32.13.3.rel1.win32_1.0.0.202411081344/tools/bin/../lib/gcc/arm-none-eabi/13.3.1/../../../../arm-none-eabi/lib/thumb/v7e-m+dp/hard\libc_nano.a
LOAD C:/ST/STM32CubeIDE_1.18.1/STM32CubeIDE/plugins/com.st.stm32cube.ide.mcu.externaltools.gnu-tools-for-stm32.13.3.rel1.win32_1.0.0.202411081344/tools/bin/../lib/gcc/arm-none-eabi/13.3.1/../../../../arm-none-eabi/lib/thumb/v7e-m+dp/hard\libnosys.a
END GROUP
LOAD C:/ST/STM32CubeIDE_1.18.1/STM32CubeIDE/plugins/com.st.stm32cube.ide.mcu.externaltools.gnu-tools-for-stm32.13.3.rel1.win32_1.0.0.202411081344/tools/bin/../lib/gcc/arm-none-eabi/13.3.1/thumb/v7e-m+dp/hard/crtend.o
LOAD C:/ST/STM32CubeIDE_1.18.1/STM32CubeIDE/plugins/com.st.stm32cube.ide.mcu.externaltools.gnu-tools-for-stm32.13.3.rel1.win32_1.0.0.202411081344/tools/bin/../lib/gcc/arm-none-eabi/13.3.1/thumb/v7e-m+dp/hard/crtn.o
                0x24080000                        _estack = (ORIGIN (RAM_D1) + LENGTH (RAM_D1))
                0x00000200                        _Min_Heap_Size = 0x200
                0x00000400                        _Min_Stack_Size = 0x400

.isr_vector     0x08000000      0x298
                0x08000000                        . = ALIGN (0x4)
 *(.isr_vector)
 .isr_vector    0x08000000      0x298 ./Core/Startup/startup_stm32h743vitx.o
                0x08000000                g_pfnVectors
                0x08000298                        . = ALIGN (0x4)

.text           0x080002a0     0x9fe0
                0x080002a0                        . = ALIGN (0x4)
 *(.text)
 .text          0x080002a0       0x40 C:/ST/STM32CubeIDE_1.18.1/STM32CubeIDE/plugins/com.st.stm32cube.ide.mcu.externaltools.gnu-tools-for-stm32.13.3.rel1.win32_1.0.0.202411081344/tools/bin/../lib/gcc/arm-none-eabi/13.3.1/thumb/v7e-m+dp/hard/crtbegin.o
 .text          0x080002e0       0xa0 C:/ST/STM32CubeIDE_1.18.1/STM32CubeIDE/plugins/com.st.stm32cube.ide.mcu.externaltools.gnu-tools-for-stm32.13.3.rel1.win32_1.0.0.202411081344/tools/bin/../lib/gcc/arm-none-eabi/13.3.1/../../../../arm-none-eabi/lib/thumb/v7e-m+dp/hard\libc_nano.a(libc_a-memchr.o)
                0x080002e0                memchr
 .text          0x08000380       0x10 C:/ST/STM32CubeIDE_1.18.1/STM32CubeIDE/plugins/com.st.stm32cube.ide.mcu.externaltools.gnu-tools-for-stm32.13.3.rel1.win32_1.0.0.202411081344/tools/bin/../lib/gcc/arm-none-eabi/13.3.1/../../../../arm-none-eabi/lib/thumb/v7e-m+dp/hard\libc_nano.a(libc_a-strlen.o)
                0x08000380                strlen
 .text          0x08000390      0x21c C:/ST/STM32CubeIDE_1.18.1/STM32CubeIDE/plugins/com.st.stm32cube.ide.mcu.externaltools.gnu-tools-for-stm32.13.3.rel1.win32_1.0.0.202411081344/tools/bin/../lib/gcc/arm-none-eabi/13.3.1/thumb/v7e-m+dp/hard\libgcc.a(_arm_addsubsf3.o)
                0x08000390                __aeabi_frsub
                0x08000398                __subsf3
                0x08000398                __aeabi_fsub
                0x0800039c                __aeabi_fadd
                0x0800039c                __addsf3
                0x080004fc                __aeabi_ui2f
                0x080004fc                __floatunsisf
                0x08000504                __aeabi_i2f
                0x08000504                __floatsisf
                0x08000520                __aeabi_ul2f
                0x08000520                __floatundisf
                0x08000530                __aeabi_l2f
                0x08000530                __floatdisf
 *(.text*)
 .text.LL_RCC_SetClockSource
                0x080005ac       0x54 ./Core/Src/BMI088.o
 .text.LL_RCC_SetSPIClockSource
                0x08000600       0x16 ./Core/Src/BMI088.o
 *fill*         0x08000616        0x2 
 .text.LL_AHB4_GRP1_EnableClock
                0x08000618       0x38 ./Core/Src/BMI088.o
 .text.LL_APB2_GRP1_EnableClock
                0x08000650       0x38 ./Core/Src/BMI088.o
 .text.LL_SPI_Enable
                0x08000688       0x20 ./Core/Src/BMI088.o
 .text.LL_SPI_SetStandard
                0x080006a8       0x26 ./Core/Src/BMI088.o
 .text.LL_SPI_SetFIFOThreshold
                0x080006ce       0x26 ./Core/Src/BMI088.o
 .text.LL_SPI_EnableNSSPulseMgt
                0x080006f4       0x20 ./Core/Src/BMI088.o
 .text.LL_SPI_IsActiveFlag_TXC
                0x08000714       0x28 ./Core/Src/BMI088.o
 .text.LL_SPI_IsActiveFlag_RXWNE
                0x0800073c       0x28 ./Core/Src/BMI088.o
 .text.LL_SPI_ReceiveData8
                0x08000764       0x1c ./Core/Src/BMI088.o
 .text.LL_SPI_TransmitData8
                0x08000780       0x20 ./Core/Src/BMI088.o
 .text.LL_GPIO_IsInputPinSet
                0x080007a0       0x2a ./Core/Src/BMI088.o
 .text.LL_GPIO_SetOutputPin
                0x080007ca       0x1c ./Core/Src/BMI088.o
 .text.LL_GPIO_ResetOutputPin
                0x080007e6       0x1e ./Core/Src/BMI088.o
 .text.BMI088_SPI_GPIO_Initialization
                0x08000804      0x184 ./Core/Src/BMI088.o
                0x08000804                BMI088_SPI_GPIO_Initialization
 .text.BMI088_Transmit_Receive
                0x08000988       0x44 ./Core/Src/BMI088.o
 .text.BMI088_Read_Buffer
                0x080009cc       0x52 ./Core/Src/BMI088.o
                0x080009cc                BMI088_Read_Buffer
 .text.BMI088_Writebyte
                0x08000a1e       0x2c ./Core/Src/BMI088.o
                0x08000a1e                BMI088_Writebyte
 .text.BMI088_Initialization
                0x08000a4a       0x8c ./Core/Src/BMI088.o
                0x08000a4a                BMI088_Initialization
 *fill*         0x08000ad6        0x2 
 .text.BMI088_Get3AxisAccelRawData
                0x08000ad8       0x74 ./Core/Src/BMI088.o
                0x08000ad8                BMI088_Get3AxisAccelRawData
 .text.BMI088_Get3AxisGyroRawData
                0x08000b4c       0x74 ./Core/Src/BMI088.o
                0x08000b4c                BMI088_Get3AxisGyroRawData
 .text.BMI088_TempRawData
                0x08000bc0       0x48 ./Core/Src/BMI088.o
                0x08000bc0                BMI088_TempRawData
 .text.BMI088_Calculate_Accel_Temp
                0x08000c08       0xc0 ./Core/Src/BMI088.o
                0x08000c08                BMI088_Calculate_Accel_Temp
 .text.BMI088_Calculate_Gyro
                0x08000cc8       0x90 ./Core/Src/BMI088.o
                0x08000cc8                BMI088_Calculate_Gyro
 .text.BMI088_DataReady_ACCEL
                0x08000d58       0x18 ./Core/Src/BMI088.o
                0x08000d58                BMI088_DataReady_ACCEL
 .text.BMI088_DataReady_GYRO
                0x08000d70       0x18 ./Core/Src/BMI088.o
                0x08000d70                BMI088_DataReady_GYRO
 .text.LL_RCC_SetClockSource
                0x08000d88       0x54 ./Core/Src/ICM42688P.o
 .text.LL_RCC_SetSPIClockSource
                0x08000ddc       0x16 ./Core/Src/ICM42688P.o
 *fill*         0x08000df2        0x2 
 .text.LL_AHB4_GRP1_EnableClock
                0x08000df4       0x38 ./Core/Src/ICM42688P.o
 .text.LL_APB2_GRP1_EnableClock
                0x08000e2c       0x38 ./Core/Src/ICM42688P.o
 .text.LL_SPI_Enable
                0x08000e64       0x20 ./Core/Src/ICM42688P.o
 .text.LL_SPI_SetStandard
                0x08000e84       0x26 ./Core/Src/ICM42688P.o
 .text.LL_SPI_SetFIFOThreshold
                0x08000eaa       0x26 ./Core/Src/ICM42688P.o
 .text.LL_SPI_EnableNSSPulseMgt
                0x08000ed0       0x20 ./Core/Src/ICM42688P.o
 .text.LL_SPI_IsActiveFlag_TXC
                0x08000ef0       0x28 ./Core/Src/ICM42688P.o
 .text.LL_SPI_IsActiveFlag_RXWNE
                0x08000f18       0x28 ./Core/Src/ICM42688P.o
 .text.LL_SPI_ReceiveData8
                0x08000f40       0x1c ./Core/Src/ICM42688P.o
 .text.LL_SPI_TransmitData8
                0x08000f5c       0x20 ./Core/Src/ICM42688P.o
 .text.LL_GPIO_IsInputPinSet
                0x08000f7c       0x2a ./Core/Src/ICM42688P.o
 .text.LL_GPIO_SetOutputPin
                0x08000fa6       0x1c ./Core/Src/ICM42688P.o
 .text.LL_GPIO_ResetOutputPin
                0x08000fc2       0x1e ./Core/Src/ICM42688P.o
 .text.ICM42688P_SPI_GPIO_Initialization
                0x08000fe0      0x110 ./Core/Src/ICM42688P.o
                0x08000fe0                ICM42688P_SPI_GPIO_Initialization
 .text.ICM42688P_Transmit_Receive
                0x080010f0       0x44 ./Core/Src/ICM42688P.o
 .text.ICM42688P_Read_Buffer
                0x08001134       0x60 ./Core/Src/ICM42688P.o
                0x08001134                ICM42688P_Read_Buffer
 .text.ICM42688P_Writebyte
                0x08001194       0x48 ./Core/Src/ICM42688P.o
                0x08001194                ICM42688P_Writebyte
 .text.ICM42688P_Initialization
                0x080011dc       0x54 ./Core/Src/ICM42688P.o
                0x080011dc                ICM42688P_Initialization
 .text.ICM42688P_Get6AxisRawData
                0x08001230       0xa0 ./Core/Src/ICM42688P.o
                0x08001230                ICM42688P_Get6AxisRawData
 .text.ICM42688P_TempRawData
                0x080012d0       0x32 ./Core/Src/ICM42688P.o
                0x080012d0                ICM42688P_TempRawData
 *fill*         0x08001302        0x2 
 .text.ICM42688P_Calculate_Accel_Gyro_Temp
                0x08001304      0x134 ./Core/Src/ICM42688P.o
                0x08001304                ICM42688P_Calculate_Accel_Gyro_Temp
 .text.ICM42688P_DataReady
                0x08001438       0x18 ./Core/Src/ICM42688P.o
                0x08001438                ICM42688P_DataReady
 .text.LL_RCC_SetClockSource
                0x08001450       0x54 ./Core/Src/ICM45686.o
 .text.LL_RCC_SetSPIClockSource
                0x080014a4       0x16 ./Core/Src/ICM45686.o
 *fill*         0x080014ba        0x2 
 .text.LL_AHB4_GRP1_EnableClock
                0x080014bc       0x38 ./Core/Src/ICM45686.o
 .text.LL_APB2_GRP1_EnableClock
                0x080014f4       0x38 ./Core/Src/ICM45686.o
 .text.LL_SPI_Enable
                0x0800152c       0x20 ./Core/Src/ICM45686.o
 .text.LL_SPI_SetStandard
                0x0800154c       0x26 ./Core/Src/ICM45686.o
 .text.LL_SPI_SetFIFOThreshold
                0x08001572       0x26 ./Core/Src/ICM45686.o
 .text.LL_SPI_EnableNSSPulseMgt
                0x08001598       0x20 ./Core/Src/ICM45686.o
 .text.LL_SPI_IsActiveFlag_TXC
                0x080015b8       0x28 ./Core/Src/ICM45686.o
 .text.LL_SPI_IsActiveFlag_RXWNE
                0x080015e0       0x28 ./Core/Src/ICM45686.o
 .text.LL_SPI_ReceiveData8
                0x08001608       0x1c ./Core/Src/ICM45686.o
 .text.LL_SPI_TransmitData8
                0x08001624       0x20 ./Core/Src/ICM45686.o
 .text.LL_GPIO_IsInputPinSet
                0x08001644       0x2a ./Core/Src/ICM45686.o
 .text.LL_GPIO_SetOutputPin
                0x0800166e       0x1c ./Core/Src/ICM45686.o
 .text.LL_GPIO_ResetOutputPin
                0x0800168a       0x1e ./Core/Src/ICM45686.o
 .text.ICM45686_SPI_GPIO_Initialization
                0x080016a8      0x110 ./Core/Src/ICM45686.o
                0x080016a8                ICM45686_SPI_GPIO_Initialization
 .text.ICM45686_Transmit_Receive
                0x080017b8       0x44 ./Core/Src/ICM45686.o
 .text.ICM45686_Read_Buffer
                0x080017fc       0x60 ./Core/Src/ICM45686.o
                0x080017fc                ICM45686_Read_Buffer
 .text.ICM45686_Writebyte
                0x0800185c       0x48 ./Core/Src/ICM45686.o
                0x0800185c                ICM45686_Writebyte
 .text.ICM45686_Initialization
                0x080018a4       0x54 ./Core/Src/ICM45686.o
                0x080018a4                ICM45686_Initialization
 .text.ICM45686_Get6AxisRawData
                0x080018f8       0xa0 ./Core/Src/ICM45686.o
                0x080018f8                ICM45686_Get6AxisRawData
 .text.ICM45686_TempRawData
                0x08001998       0x32 ./Core/Src/ICM45686.o
                0x08001998                ICM45686_TempRawData
 *fill*         0x080019ca        0x2 
 .text.ICM45686_Calculate_Accel_Gyro_Temp
                0x080019cc      0x134 ./Core/Src/ICM45686.o
                0x080019cc                ICM45686_Calculate_Accel_Gyro_Temp
 .text.ICM45686_DataReady
                0x08001b00       0x18 ./Core/Src/ICM45686.o
                0x08001b00                ICM45686_DataReady
 .text.LL_RCC_SetClockSource
                0x08001b18       0x54 ./Core/Src/ICP20100.o
 .text.LL_RCC_SetSPIClockSource
                0x08001b6c       0x16 ./Core/Src/ICP20100.o
 *fill*         0x08001b82        0x2 
 .text.LL_AHB4_GRP1_EnableClock
                0x08001b84       0x38 ./Core/Src/ICP20100.o
 .text.LL_APB2_GRP1_EnableClock
                0x08001bbc       0x38 ./Core/Src/ICP20100.o
 .text.LL_SPI_Enable
                0x08001bf4       0x20 ./Core/Src/ICP20100.o
 .text.LL_SPI_SetStandard
                0x08001c14       0x26 ./Core/Src/ICP20100.o
 .text.LL_SPI_SetFIFOThreshold
                0x08001c3a       0x26 ./Core/Src/ICP20100.o
 .text.LL_SPI_EnableNSSPulseMgt
                0x08001c60       0x20 ./Core/Src/ICP20100.o
 .text.LL_SPI_IsActiveFlag_TXC
                0x08001c80       0x28 ./Core/Src/ICP20100.o
 .text.LL_SPI_IsActiveFlag_RXWNE
                0x08001ca8       0x28 ./Core/Src/ICP20100.o
 .text.LL_SPI_ReceiveData8
                0x08001cd0       0x1c ./Core/Src/ICP20100.o
 .text.LL_SPI_TransmitData8
                0x08001cec       0x20 ./Core/Src/ICP20100.o
 .text.LL_GPIO_IsInputPinSet
                0x08001d0c       0x2a ./Core/Src/ICP20100.o
 .text.LL_GPIO_SetOutputPin
                0x08001d36       0x1c ./Core/Src/ICP20100.o
 .text.LL_GPIO_ResetOutputPin
                0x08001d52       0x1e ./Core/Src/ICP20100.o
 .text.ICP20100_SPI_GPIO_Initialization
                0x08001d70      0x10c ./Core/Src/ICP20100.o
                0x08001d70                ICP20100_SPI_GPIO_Initialization
 .text.IPC20100_Transmit_Receive
                0x08001e7c       0x44 ./Core/Src/ICP20100.o
 .text.ICP20100_Read_Buffer
                0x08001ec0       0x5c ./Core/Src/ICP20100.o
                0x08001ec0                ICP20100_Read_Buffer
 .text.ICP20100_Initialization
                0x08001f1c        0xe ./Core/Src/ICP20100.o
                0x08001f1c                ICP20100_Initialization
 .text.ICP20100_Get_Raw_Pressure_And_Temp
                0x08001f2a       0x26 ./Core/Src/ICP20100.o
                0x08001f2a                ICP20100_Get_Raw_Pressure_And_Temp
 .text.ICP20100_DataReady
                0x08001f50       0x18 ./Core/Src/ICP20100.o
                0x08001f50                ICP20100_DataReady
 .text.LL_USART_IsActiveFlag_TXE_TXFNF
                0x08001f68       0x26 ./Core/Src/M9N.o
 .text.LL_USART_TransmitData8
                0x08001f8e       0x1e ./Core/Src/M9N.o
 .text.M9N_TransmitData_USART6
                0x08001fac       0x4c ./Core/Src/M9N.o
                0x08001fac                M9N_TransmitData_USART6
 .text.UBX_NAV_POSLLH_Parsing
                0x08001ff8      0x162 ./Core/Src/M9N.o
                0x08001ff8                UBX_NAV_POSLLH_Parsing
 .text.UBX_Check_CHKSUM
                0x0800215a       0x74 ./Core/Src/M9N.o
                0x0800215a                UBX_Check_CHKSUM
 *fill*         0x080021ce        0x2 
 .text.M9N_Initialization
                0x080021d0       0x54 ./Core/Src/M9N.o
                0x080021d0                M9N_Initialization
 .text.M9N_USART6_Initialization
                0x08002224        0xe ./Core/Src/M9N.o
                0x08002224                M9N_USART6_Initialization
 *fill*         0x08002232        0x2 
 .text.LL_RCC_SetClockSource
                0x08002234       0x54 ./Core/Src/MS5611.o
 .text.LL_RCC_SetSPIClockSource
                0x08002288       0x16 ./Core/Src/MS5611.o
 *fill*         0x0800229e        0x2 
 .text.LL_AHB4_GRP1_EnableClock
                0x080022a0       0x38 ./Core/Src/MS5611.o
 .text.LL_APB1_GRP1_EnableClock
                0x080022d8       0x38 ./Core/Src/MS5611.o
 .text.LL_SPI_Enable
                0x08002310       0x20 ./Core/Src/MS5611.o
 .text.LL_SPI_SetStandard
                0x08002330       0x26 ./Core/Src/MS5611.o
 .text.LL_SPI_SetFIFOThreshold
                0x08002356       0x26 ./Core/Src/MS5611.o
 .text.LL_SPI_EnableNSSPulseMgt
                0x0800237c       0x20 ./Core/Src/MS5611.o
 .text.LL_SPI_IsActiveFlag_TXC
                0x0800239c       0x28 ./Core/Src/MS5611.o
 .text.LL_SPI_IsActiveFlag_RXWNE
                0x080023c4       0x28 ./Core/Src/MS5611.o
 .text.LL_SPI_ReceiveData8
                0x080023ec       0x1c ./Core/Src/MS5611.o
 .text.LL_SPI_TransmitData8
                0x08002408       0x20 ./Core/Src/MS5611.o
 .text.LL_GPIO_SetOutputPin
                0x08002428       0x1c ./Core/Src/MS5611.o
 .text.LL_GPIO_ResetOutputPin
                0x08002444       0x1e ./Core/Src/MS5611.o
 *fill*         0x08002462        0x2 
 .text.MS5611_SPI_GPIO_Initialization
                0x08002464       0xfc ./Core/Src/MS5611.o
                0x08002464                MS5611_SPI_GPIO_Initialization
 .text.MS5611_Transmit_Receive
                0x08002560       0x44 ./Core/Src/MS5611.o
 .text.MS5611_Read_Buffer
                0x080025a4       0x60 ./Core/Src/MS5611.o
                0x080025a4                MS5611_Read_Buffer
 .text.MS5611_Writebyte
                0x08002604       0x48 ./Core/Src/MS5611.o
                0x08002604                MS5611_Writebyte
 .text.MS5611_Read_Factory_Calibrated_Data
                0x0800264c       0xba ./Core/Src/MS5611.o
                0x0800264c                MS5611_Read_Factory_Calibrated_Data
 *fill*         0x08002706        0x2 
 .text.MS5611_Initialization
                0x08002708       0x18 ./Core/Src/MS5611.o
                0x08002708                MS5611_Initialization
 .text.MS5611_Get_Raw_Pressure
                0x08002720       0x3e ./Core/Src/MS5611.o
                0x08002720                MS5611_Get_Raw_Pressure
 .text.MS5611_Get_Raw_Temperature
                0x0800275e       0x3e ./Core/Src/MS5611.o
                0x0800275e                MS5611_Get_Raw_Temperature
 .text.MS5611_Calculate_Temperature
                0x0800279c      0x4dc ./Core/Src/MS5611.o
                0x0800279c                MS5611_Calculate_Temperature
 .text.MS5611_Calculate_Temperature_Compensated_Pressure
                0x08002c78      0x210 ./Core/Src/MS5611.o
                0x08002c78                MS5611_Calculate_Temperature_Compensated_Pressure
 .text.MS5611_Get_Altitude
                0x08002e88       0x68 ./Core/Src/MS5611.o
                0x08002e88                MS5611_Get_Altitude
 .text.__NVIC_GetPriorityGrouping
                0x08002ef0       0x1c ./Core/Src/main.o
 .text.__NVIC_EnableIRQ
                0x08002f0c       0x3c ./Core/Src/main.o
 .text.__NVIC_SetPriority
                0x08002f48       0x54 ./Core/Src/main.o
 .text.NVIC_EncodePriority
                0x08002f9c       0x66 ./Core/Src/main.o
 *fill*         0x08003002        0x2 
 .text.LL_RCC_HSE_EnableCSS
                0x08003004       0x20 ./Core/Src/main.o
 .text.LL_RCC_HSE_Enable
                0x08003024       0x20 ./Core/Src/main.o
 .text.LL_RCC_HSE_IsReady
                0x08003044       0x28 ./Core/Src/main.o
 .text.LL_RCC_HSI48_Enable
                0x0800306c       0x20 ./Core/Src/main.o
 .text.LL_RCC_HSI48_IsReady
                0x0800308c       0x28 ./Core/Src/main.o
 .text.LL_RCC_SetSysClkSource
                0x080030b4       0x28 ./Core/Src/main.o
 .text.LL_RCC_GetSysClkSource
                0x080030dc       0x1c ./Core/Src/main.o
 .text.LL_RCC_SetSysPrescaler
                0x080030f8       0x28 ./Core/Src/main.o
 .text.LL_RCC_SetAHBPrescaler
                0x08003120       0x28 ./Core/Src/main.o
 .text.LL_RCC_SetAPB1Prescaler
                0x08003148       0x28 ./Core/Src/main.o
 .text.LL_RCC_SetAPB2Prescaler
                0x08003170       0x28 ./Core/Src/main.o
 .text.LL_RCC_SetAPB3Prescaler
                0x08003198       0x28 ./Core/Src/main.o
 .text.LL_RCC_SetAPB4Prescaler
                0x080031c0       0x28 ./Core/Src/main.o
 .text.LL_RCC_SetClockSource
                0x080031e8       0x54 ./Core/Src/main.o
 .text.LL_RCC_SetUSARTClockSource
                0x0800323c       0x16 ./Core/Src/main.o
 .text.LL_RCC_SetSPIClockSource
                0x08003252       0x16 ./Core/Src/main.o
 .text.LL_RCC_PLL_SetSource
                0x08003268       0x28 ./Core/Src/main.o
 .text.LL_RCC_PLL1_Enable
                0x08003290       0x20 ./Core/Src/main.o
 .text.LL_RCC_PLL1_IsReady
                0x080032b0       0x28 ./Core/Src/main.o
 .text.LL_RCC_PLL1P_Enable
                0x080032d8       0x20 ./Core/Src/main.o
 .text.LL_RCC_PLL1R_Enable
                0x080032f8       0x20 ./Core/Src/main.o
 .text.LL_RCC_PLL1_SetVCOOutputRange
                0x08003318       0x2c ./Core/Src/main.o
 .text.LL_RCC_PLL1_SetVCOInputRange
                0x08003344       0x2c ./Core/Src/main.o
 .text.LL_RCC_PLL1_SetN
                0x08003370       0x30 ./Core/Src/main.o
 .text.LL_RCC_PLL1_SetM
                0x080033a0       0x2c ./Core/Src/main.o
 .text.LL_RCC_PLL1_SetP
                0x080033cc       0x2c ./Core/Src/main.o
 .text.LL_RCC_PLL1_SetQ
                0x080033f8       0x2c ./Core/Src/main.o
 .text.LL_RCC_PLL1_SetR
                0x08003424       0x2c ./Core/Src/main.o
 .text.LL_RCC_PLL3_Enable
                0x08003450       0x20 ./Core/Src/main.o
 .text.LL_RCC_PLL3_IsReady
                0x08003470       0x28 ./Core/Src/main.o
 .text.LL_RCC_PLL3P_Enable
                0x08003498       0x20 ./Core/Src/main.o
 .text.LL_RCC_PLL3_SetVCOOutputRange
                0x080034b8       0x2c ./Core/Src/main.o
 .text.LL_RCC_PLL3_SetVCOInputRange
                0x080034e4       0x2c ./Core/Src/main.o
 .text.LL_RCC_PLL3_SetN
                0x08003510       0x30 ./Core/Src/main.o
 .text.LL_RCC_PLL3_SetM
                0x08003540       0x2c ./Core/Src/main.o
 .text.LL_RCC_PLL3_SetP
                0x0800356c       0x2c ./Core/Src/main.o
 .text.LL_RCC_PLL3_SetQ
                0x08003598       0x2c ./Core/Src/main.o
 .text.LL_RCC_PLL3_SetR
                0x080035c4       0x2c ./Core/Src/main.o
 .text.LL_AHB4_GRP1_EnableClock
                0x080035f0       0x38 ./Core/Src/main.o
 .text.LL_APB1_GRP1_EnableClock
                0x08003628       0x38 ./Core/Src/main.o
 .text.LL_APB2_GRP1_EnableClock
                0x08003660       0x38 ./Core/Src/main.o
 .text.LL_APB4_GRP1_EnableClock
                0x08003698       0x38 ./Core/Src/main.o
 .text.LL_FLASH_SetLatency
                0x080036d0       0x28 ./Core/Src/main.o
 .text.LL_FLASH_GetLatency
                0x080036f8       0x1c ./Core/Src/main.o
 .text.LL_MPU_Enable
                0x08003714       0x30 ./Core/Src/main.o
 .text.LL_MPU_Disable
                0x08003744       0x20 ./Core/Src/main.o
 .text.LL_MPU_ConfigRegion
                0x08003764       0x40 ./Core/Src/main.o
 .text.LL_PWR_ConfigSupply
                0x080037a4       0x28 ./Core/Src/main.o
 .text.LL_PWR_SetRegulVoltageScaling
                0x080037cc       0x28 ./Core/Src/main.o
 .text.LL_PWR_IsActiveFlag_VOS
                0x080037f4       0x28 ./Core/Src/main.o
 .text.LL_SPI_SetStandard
                0x0800381c       0x26 ./Core/Src/main.o
 .text.LL_SPI_SetFIFOThreshold
                0x08003842       0x26 ./Core/Src/main.o
 .text.LL_SPI_EnableNSSPulseMgt
                0x08003868       0x20 ./Core/Src/main.o
 .text.LL_USART_Enable
                0x08003888       0x20 ./Core/Src/main.o
 .text.LL_USART_DisableFIFO
                0x080038a8       0x20 ./Core/Src/main.o
 .text.LL_USART_SetTXFIFOThreshold
                0x080038c8       0x4e ./Core/Src/main.o
 .text.LL_USART_SetRXFIFOThreshold
                0x08003916       0x4e ./Core/Src/main.o
 .text.LL_USART_ConfigAsyncMode
                0x08003964       0x2c ./Core/Src/main.o
 .text.LL_USART_IsActiveFlag_TXE_TXFNF
                0x08003990       0x26 ./Core/Src/main.o
 .text.LL_USART_IsActiveFlag_TEACK
                0x080039b6       0x28 ./Core/Src/main.o
 .text.LL_USART_IsActiveFlag_REACK
                0x080039de       0x28 ./Core/Src/main.o
 .text.LL_USART_EnableIT_RXNE_RXFNE
                0x08003a06       0x42 ./Core/Src/main.o
 .text.LL_USART_TransmitData8
                0x08003a48       0x1e ./Core/Src/main.o
 .text.LL_GPIO_ResetOutputPin
                0x08003a66       0x1e ./Core/Src/main.o
 .text._write   0x08003a84       0x4c ./Core/Src/main.o
                0x08003a84                _write
 .text.main     0x08003ad0      0x7dc ./Core/Src/main.o
                0x08003ad0                main
 .text.SystemClock_Config
                0x080042ac       0xfc ./Core/Src/main.o
                0x080042ac                SystemClock_Config
 .text.PeriphCommonClock_Config
                0x080043a8       0x48 ./Core/Src/main.o
                0x080043a8                PeriphCommonClock_Config
 .text.MX_I2C3_Init
                0x080043f0       0x80 ./Core/Src/main.o
 .text.MX_I2C4_Init
                0x08004470       0x80 ./Core/Src/main.o
 .text.MX_SPI1_Init
                0x080044f0       0xbc ./Core/Src/main.o
 .text.MX_SPI2_Init
                0x080045ac       0xc0 ./Core/Src/main.o
 .text.MX_SPI3_Init
                0x0800466c       0xc0 ./Core/Src/main.o
 .text.MX_SPI4_Init
                0x0800472c       0xc0 ./Core/Src/main.o
 .text.MX_SPI6_Init
                0x080047ec       0xbc ./Core/Src/main.o
 .text.MX_USART2_UART_Init
                0x080048a8       0xfc ./Core/Src/main.o
 .text.MX_USART3_UART_Init
                0x080049a4       0xfc ./Core/Src/main.o
 .text.MX_USART6_UART_Init
                0x08004aa0       0xf8 ./Core/Src/main.o
 .text.MX_USB_OTG_FS_USB_Init
                0x08004b98        0xe ./Core/Src/main.o
 *fill*         0x08004ba6        0x2 
 .text.MX_GPIO_Init
                0x08004ba8      0x16c ./Core/Src/main.o
 .text.MPU_Config
                0x08004d14       0x24 ./Core/Src/main.o
 .text.Error_Handler
                0x08004d38        0xc ./Core/Src/main.o
                0x08004d38                Error_Handler
 .text.LL_RCC_SetClockSource
                0x08004d44       0x54 ./Core/Src/stm32h7xx_hal_msp.o
 .text.LL_RCC_SetI2CClockSource
                0x08004d98       0x16 ./Core/Src/stm32h7xx_hal_msp.o
 *fill*         0x08004dae        0x2 
 .text.HAL_MspInit
                0x08004db0       0x34 ./Core/Src/stm32h7xx_hal_msp.o
                0x08004db0                HAL_MspInit
 .text.HAL_I2C_MspInit
                0x08004de4      0x160 ./Core/Src/stm32h7xx_hal_msp.o
                0x08004de4                HAL_I2C_MspInit
 .text.LL_USART_IsActiveFlag_RXNE_RXFNE
                0x08004f44       0x26 ./Core/Src/stm32h7xx_it.o
 .text.LL_USART_IsActiveFlag_TXE_TXFNF
                0x08004f6a       0x26 ./Core/Src/stm32h7xx_it.o
 .text.LL_USART_ReceiveData8
                0x08004f90       0x1a ./Core/Src/stm32h7xx_it.o
 .text.LL_USART_TransmitData8
                0x08004faa       0x1e ./Core/Src/stm32h7xx_it.o
 .text.NMI_Handler
                0x08004fc8        0x8 ./Core/Src/stm32h7xx_it.o
                0x08004fc8                NMI_Handler
 .text.HardFault_Handler
                0x08004fd0        0x8 ./Core/Src/stm32h7xx_it.o
                0x08004fd0                HardFault_Handler
 .text.MemManage_Handler
                0x08004fd8        0x8 ./Core/Src/stm32h7xx_it.o
                0x08004fd8                MemManage_Handler
 .text.BusFault_Handler
                0x08004fe0        0x8 ./Core/Src/stm32h7xx_it.o
                0x08004fe0                BusFault_Handler
 .text.UsageFault_Handler
                0x08004fe8        0x8 ./Core/Src/stm32h7xx_it.o
                0x08004fe8                UsageFault_Handler
 .text.SVC_Handler
                0x08004ff0        0xe ./Core/Src/stm32h7xx_it.o
                0x08004ff0                SVC_Handler
 .text.DebugMon_Handler
                0x08004ffe        0xe ./Core/Src/stm32h7xx_it.o
                0x08004ffe                DebugMon_Handler
 .text.PendSV_Handler
                0x0800500c        0xe ./Core/Src/stm32h7xx_it.o
                0x0800500c                PendSV_Handler
 .text.SysTick_Handler
                0x0800501a        0xc ./Core/Src/stm32h7xx_it.o
                0x0800501a                SysTick_Handler
 *fill*         0x08005026        0x2 
 .text.USART2_IRQHandler
                0x08005028       0x54 ./Core/Src/stm32h7xx_it.o
                0x08005028                USART2_IRQHandler
 .text.USART3_IRQHandler
                0x0800507c        0xe ./Core/Src/stm32h7xx_it.o
                0x0800507c                USART3_IRQHandler
 *fill*         0x0800508a        0x2 
 .text.USART6_IRQHandler
                0x0800508c       0xd4 ./Core/Src/stm32h7xx_it.o
                0x0800508c                USART6_IRQHandler
 .text._getpid  0x08005160       0x10 ./Core/Src/syscalls.o
                0x08005160                _getpid
 .text._kill    0x08005170       0x20 ./Core/Src/syscalls.o
                0x08005170                _kill
 .text._exit    0x08005190       0x16 ./Core/Src/syscalls.o
                0x08005190                _exit
 .text._read    0x080051a6       0x3a ./Core/Src/syscalls.o
                0x080051a6                _read
 .text._close   0x080051e0       0x18 ./Core/Src/syscalls.o
                0x080051e0                _close
 .text._fstat   0x080051f8       0x20 ./Core/Src/syscalls.o
                0x080051f8                _fstat
 .text._isatty  0x08005218       0x16 ./Core/Src/syscalls.o
                0x08005218                _isatty
 .text._lseek   0x0800522e       0x1a ./Core/Src/syscalls.o
                0x0800522e                _lseek
 .text._sbrk    0x08005248       0x6c ./Core/Src/sysmem.o
                0x08005248                _sbrk
 .text.SystemInit
                0x080052b4      0x140 ./Core/Src/system_stm32h7xx.o
                0x080052b4                SystemInit
 .text.ExitRun0Mode
                0x080053f4       0x30 ./Core/Src/system_stm32h7xx.o
                0x080053f4                ExitRun0Mode
 .text.Reset_Handler
                0x08005424       0x54 ./Core/Startup/startup_stm32h743vitx.o
                0x08005424                Reset_Handler
 .text.Default_Handler
                0x08005478        0x2 ./Core/Startup/startup_stm32h743vitx.o
                0x08005478                RTC_Alarm_IRQHandler
                0x08005478                EXTI2_IRQHandler
                0x08005478                TIM8_CC_IRQHandler
                0x08005478                HRTIM1_Master_IRQHandler
                0x08005478                UART8_IRQHandler
                0x08005478                SPI4_IRQHandler
                0x08005478                TIM1_CC_IRQHandler
                0x08005478                BDMA_Channel6_IRQHandler
                0x08005478                DMA2_Stream5_IRQHandler
                0x08005478                HRTIM1_FLT_IRQHandler
                0x08005478                JPEG_IRQHandler
                0x08005478                DMA1_Stream5_IRQHandler
                0x08005478                BDMA_Channel1_IRQHandler
                0x08005478                HRTIM1_TIMD_IRQHandler
                0x08005478                TAMP_STAMP_IRQHandler
                0x08005478                EXTI3_IRQHandler
                0x08005478                LPTIM4_IRQHandler
                0x08005478                TIM8_TRG_COM_TIM14_IRQHandler
                0x08005478                LPTIM2_IRQHandler
                0x08005478                DFSDM1_FLT1_IRQHandler
                0x08005478                DMAMUX2_OVR_IRQHandler
                0x08005478                TIM8_UP_TIM13_IRQHandler
                0x08005478                I2C3_ER_IRQHandler
                0x08005478                DFSDM1_FLT2_IRQHandler
                0x08005478                MDMA_IRQHandler
                0x08005478                LPTIM3_IRQHandler
                0x08005478                HSEM1_IRQHandler
                0x08005478                EXTI0_IRQHandler
                0x08005478                I2C2_EV_IRQHandler
                0x08005478                DMA1_Stream2_IRQHandler
                0x08005478                FPU_IRQHandler
                0x08005478                OTG_HS_WKUP_IRQHandler
                0x08005478                FDCAN1_IT1_IRQHandler
                0x08005478                LTDC_ER_IRQHandler
                0x08005478                DMA2_Stream2_IRQHandler
                0x08005478                HRTIM1_TIME_IRQHandler
                0x08005478                SPI1_IRQHandler
                0x08005478                TIM6_DAC_IRQHandler
                0x08005478                DCMI_IRQHandler
                0x08005478                HRTIM1_TIMC_IRQHandler
                0x08005478                DMA2_Stream3_IRQHandler
                0x08005478                SAI2_IRQHandler
                0x08005478                DFSDM1_FLT3_IRQHandler
                0x08005478                TIM17_IRQHandler
                0x08005478                BDMA_Channel7_IRQHandler
                0x08005478                LPTIM5_IRQHandler
                0x08005478                UART5_IRQHandler
                0x08005478                ADC3_IRQHandler
                0x08005478                DMA2_Stream0_IRQHandler
                0x08005478                TIM4_IRQHandler
                0x08005478                BDMA_Channel2_IRQHandler
                0x08005478                QUADSPI_IRQHandler
                0x08005478                I2C1_EV_IRQHandler
                0x08005478                DMA1_Stream6_IRQHandler
                0x08005478                DMAMUX1_OVR_IRQHandler
                0x08005478                DMA1_Stream1_IRQHandler
                0x08005478                TIM16_IRQHandler
                0x08005478                UART4_IRQHandler
                0x08005478                BDMA_Channel5_IRQHandler
                0x08005478                TIM3_IRQHandler
                0x08005478                RCC_IRQHandler
                0x08005478                TIM8_BRK_TIM12_IRQHandler
                0x08005478                TIM1_TRG_COM_IRQHandler
                0x08005478                Default_Handler
                0x08005478                ECC_IRQHandler
                0x08005478                CEC_IRQHandler
                0x08005478                EXTI15_10_IRQHandler
                0x08005478                BDMA_Channel0_IRQHandler
                0x08005478                ADC_IRQHandler
                0x08005478                DMA1_Stream7_IRQHandler
                0x08005478                HRTIM1_TIMA_IRQHandler
                0x08005478                SPI5_IRQHandler
                0x08005478                TIM7_IRQHandler
                0x08005478                SDMMC1_IRQHandler
                0x08005478                TIM5_IRQHandler
                0x08005478                DMA2_Stream7_IRQHandler
                0x08005478                TIM15_IRQHandler
                0x08005478                PVD_AVD_IRQHandler
                0x08005478                I2C3_EV_IRQHandler
                0x08005478                EXTI9_5_IRQHandler
                0x08005478                RTC_WKUP_IRQHandler
                0x08005478                LTDC_IRQHandler
                0x08005478                SAI3_IRQHandler
                0x08005478                ETH_WKUP_IRQHandler
                0x08005478                SPDIF_RX_IRQHandler
                0x08005478                SPI2_IRQHandler
                0x08005478                OTG_HS_EP1_IN_IRQHandler
                0x08005478                DMA1_Stream0_IRQHandler
                0x08005478                CRS_IRQHandler
                0x08005478                EXTI4_IRQHandler
                0x08005478                RNG_IRQHandler
                0x08005478                HRTIM1_TIMB_IRQHandler
                0x08005478                FDCAN2_IT1_IRQHandler
                0x08005478                ETH_IRQHandler
                0x08005478                TIM1_UP_IRQHandler
                0x08005478                BDMA_Channel4_IRQHandler
                0x08005478                OTG_HS_EP1_OUT_IRQHandler
                0x08005478                WWDG_IRQHandler
                0x08005478                SPI6_IRQHandler
                0x08005478                MDIOS_IRQHandler
                0x08005478                I2C4_EV_IRQHandler
                0x08005478                FDCAN2_IT0_IRQHandler
                0x08005478                LPUART1_IRQHandler
                0x08005478                FDCAN1_IT0_IRQHandler
                0x08005478                TIM2_IRQHandler
                0x08005478                OTG_FS_WKUP_IRQHandler
                0x08005478                OTG_HS_IRQHandler
                0x08005478                DMA2D_IRQHandler
                0x08005478                TIM1_BRK_IRQHandler
                0x08005478                EXTI1_IRQHandler
                0x08005478                SDMMC2_IRQHandler
                0x08005478                OTG_FS_EP1_OUT_IRQHandler
                0x08005478                BDMA_Channel3_IRQHandler
                0x08005478                UART7_IRQHandler
                0x08005478                MDIOS_WKUP_IRQHandler
                0x08005478                DFSDM1_FLT0_IRQHandler
                0x08005478                SAI4_IRQHandler
                0x08005478                I2C2_ER_IRQHandler
                0x08005478                DMA2_Stream1_IRQHandler
                0x08005478                FLASH_IRQHandler
                0x08005478                DMA2_Stream4_IRQHandler
                0x08005478                USART1_IRQHandler
                0x08005478                OTG_FS_IRQHandler
                0x08005478                SPI3_IRQHandler
                0x08005478                WAKEUP_PIN_IRQHandler
                0x08005478                DMA1_Stream4_IRQHandler
                0x08005478                OTG_FS_EP1_IN_IRQHandler
                0x08005478                I2C1_ER_IRQHandler
                0x08005478                FMC_IRQHandler
                0x08005478                FDCAN_CAL_IRQHandler
                0x08005478                SWPMI1_IRQHandler
                0x08005478                COMP1_IRQHandler
                0x08005478                LPTIM1_IRQHandler
                0x08005478                I2C4_ER_IRQHandler
                0x08005478                DMA2_Stream6_IRQHandler
                0x08005478                SAI1_IRQHandler
                0x08005478                DMA1_Stream3_IRQHandler
 *fill*         0x0800547a        0x2 
 .text.HAL_Init
                0x0800547c       0x78 ./Drivers/STM32H7xx_HAL_Driver/Src/stm32h7xx_hal.o
                0x0800547c                HAL_Init
 .text.HAL_InitTick
                0x080054f4       0x6c ./Drivers/STM32H7xx_HAL_Driver/Src/stm32h7xx_hal.o
                0x080054f4                HAL_InitTick
 .text.HAL_IncTick
                0x08005560       0x28 ./Drivers/STM32H7xx_HAL_Driver/Src/stm32h7xx_hal.o
                0x08005560                HAL_IncTick
 .text.HAL_GetTick
                0x08005588       0x18 ./Drivers/STM32H7xx_HAL_Driver/Src/stm32h7xx_hal.o
                0x08005588                HAL_GetTick
 .text.HAL_Delay
                0x080055a0       0x48 ./Drivers/STM32H7xx_HAL_Driver/Src/stm32h7xx_hal.o
                0x080055a0                HAL_Delay
 .text.__NVIC_SetPriorityGrouping
                0x080055e8       0x48 ./Drivers/STM32H7xx_HAL_Driver/Src/stm32h7xx_hal_cortex.o
 .text.__NVIC_GetPriorityGrouping
                0x08005630       0x1c ./Drivers/STM32H7xx_HAL_Driver/Src/stm32h7xx_hal_cortex.o
 .text.__NVIC_SetPriority
                0x0800564c       0x54 ./Drivers/STM32H7xx_HAL_Driver/Src/stm32h7xx_hal_cortex.o
 .text.NVIC_EncodePriority
                0x080056a0       0x66 ./Drivers/STM32H7xx_HAL_Driver/Src/stm32h7xx_hal_cortex.o
 *fill*         0x08005706        0x2 
 .text.SysTick_Config
                0x08005708       0x44 ./Drivers/STM32H7xx_HAL_Driver/Src/stm32h7xx_hal_cortex.o
 .text.HAL_NVIC_SetPriorityGrouping
                0x0800574c       0x16 ./Drivers/STM32H7xx_HAL_Driver/Src/stm32h7xx_hal_cortex.o
                0x0800574c                HAL_NVIC_SetPriorityGrouping
 .text.HAL_NVIC_SetPriority
                0x08005762       0x34 ./Drivers/STM32H7xx_HAL_Driver/Src/stm32h7xx_hal_cortex.o
                0x08005762                HAL_NVIC_SetPriority
 .text.HAL_SYSTICK_Config
                0x08005796       0x18 ./Drivers/STM32H7xx_HAL_Driver/Src/stm32h7xx_hal_cortex.o
                0x08005796                HAL_SYSTICK_Config
 *fill*         0x080057ae        0x2 
 .text.HAL_GPIO_Init
                0x080057b0      0x360 ./Drivers/STM32H7xx_HAL_Driver/Src/stm32h7xx_hal_gpio.o
                0x080057b0                HAL_GPIO_Init
 .text.HAL_I2C_Init
                0x08005b10      0x138 ./Drivers/STM32H7xx_HAL_Driver/Src/stm32h7xx_hal_i2c.o
                0x08005b10                HAL_I2C_Init
 .text.HAL_I2CEx_ConfigAnalogFilter
                0x08005c48       0x96 ./Drivers/STM32H7xx_HAL_Driver/Src/stm32h7xx_hal_i2c_ex.o
                0x08005c48                HAL_I2CEx_ConfigAnalogFilter
 .text.HAL_I2CEx_ConfigDigitalFilter
                0x08005cde       0x98 ./Drivers/STM32H7xx_HAL_Driver/Src/stm32h7xx_hal_i2c_ex.o
                0x08005cde                HAL_I2CEx_ConfigDigitalFilter
 *fill*         0x08005d76        0x2 
 .text.HAL_RCC_GetSysClockFreq
                0x08005d78      0x2f4 ./Drivers/STM32H7xx_HAL_Driver/Src/stm32h7xx_hal_rcc.o
                0x08005d78                HAL_RCC_GetSysClockFreq
 .text.LL_GPIO_SetPinMode
                0x0800606c       0x40 ./Drivers/STM32H7xx_HAL_Driver/Src/stm32h7xx_ll_gpio.o
 .text.LL_GPIO_SetPinOutputType
                0x080060ac       0x30 ./Drivers/STM32H7xx_HAL_Driver/Src/stm32h7xx_ll_gpio.o
 .text.LL_GPIO_SetPinSpeed
                0x080060dc       0x40 ./Drivers/STM32H7xx_HAL_Driver/Src/stm32h7xx_ll_gpio.o
 .text.LL_GPIO_SetPinPull
                0x0800611c       0x40 ./Drivers/STM32H7xx_HAL_Driver/Src/stm32h7xx_ll_gpio.o
 .text.LL_GPIO_SetAFPin_0_7
                0x0800615c       0x58 ./Drivers/STM32H7xx_HAL_Driver/Src/stm32h7xx_ll_gpio.o
 .text.LL_GPIO_SetAFPin_8_15
                0x080061b4       0x6c ./Drivers/STM32H7xx_HAL_Driver/Src/stm32h7xx_ll_gpio.o
 .text.LL_GPIO_Init
                0x08006220       0xdc ./Drivers/STM32H7xx_HAL_Driver/Src/stm32h7xx_ll_gpio.o
                0x08006220                LL_GPIO_Init
 .text.LL_RCC_HSE_IsReady
                0x080062fc       0x28 ./Drivers/STM32H7xx_HAL_Driver/Src/stm32h7xx_ll_rcc.o
 .text.LL_RCC_HSI_IsReady
                0x08006324       0x24 ./Drivers/STM32H7xx_HAL_Driver/Src/stm32h7xx_ll_rcc.o
 .text.LL_RCC_HSI_GetDivider
                0x08006348       0x1c ./Drivers/STM32H7xx_HAL_Driver/Src/stm32h7xx_ll_rcc.o
 .text.LL_RCC_CSI_IsReady
                0x08006364       0x28 ./Drivers/STM32H7xx_HAL_Driver/Src/stm32h7xx_ll_rcc.o
 .text.LL_RCC_LSE_IsReady
                0x0800638c       0x24 ./Drivers/STM32H7xx_HAL_Driver/Src/stm32h7xx_ll_rcc.o
 .text.LL_RCC_GetSysClkSource
                0x080063b0       0x1c ./Drivers/STM32H7xx_HAL_Driver/Src/stm32h7xx_ll_rcc.o
 .text.LL_RCC_GetSysPrescaler
                0x080063cc       0x1c ./Drivers/STM32H7xx_HAL_Driver/Src/stm32h7xx_ll_rcc.o
 .text.LL_RCC_GetAHBPrescaler
                0x080063e8       0x1c ./Drivers/STM32H7xx_HAL_Driver/Src/stm32h7xx_ll_rcc.o
 .text.LL_RCC_GetAPB1Prescaler
                0x08006404       0x1c ./Drivers/STM32H7xx_HAL_Driver/Src/stm32h7xx_ll_rcc.o
 .text.LL_RCC_GetAPB2Prescaler
                0x08006420       0x1c ./Drivers/STM32H7xx_HAL_Driver/Src/stm32h7xx_ll_rcc.o
 .text.LL_RCC_GetClockSource
                0x0800643c       0x4c ./Drivers/STM32H7xx_HAL_Driver/Src/stm32h7xx_ll_rcc.o
 .text.LL_RCC_GetUSARTClockSource
                0x08006488       0x18 ./Drivers/STM32H7xx_HAL_Driver/Src/stm32h7xx_ll_rcc.o
 .text.LL_RCC_PLL_GetSource
                0x080064a0       0x1c ./Drivers/STM32H7xx_HAL_Driver/Src/stm32h7xx_ll_rcc.o
 .text.LL_RCC_PLL1P_IsEnabled
                0x080064bc       0x28 ./Drivers/STM32H7xx_HAL_Driver/Src/stm32h7xx_ll_rcc.o
 .text.LL_RCC_PLL1Q_IsEnabled
                0x080064e4       0x28 ./Drivers/STM32H7xx_HAL_Driver/Src/stm32h7xx_ll_rcc.o
 .text.LL_RCC_PLL1R_IsEnabled
                0x0800650c       0x28 ./Drivers/STM32H7xx_HAL_Driver/Src/stm32h7xx_ll_rcc.o
 .text.LL_RCC_PLL1FRACN_IsEnabled
                0x08006534       0x24 ./Drivers/STM32H7xx_HAL_Driver/Src/stm32h7xx_ll_rcc.o
 .text.LL_RCC_PLL1_GetN
                0x08006558       0x1c ./Drivers/STM32H7xx_HAL_Driver/Src/stm32h7xx_ll_rcc.o
 .text.LL_RCC_PLL1_GetM
                0x08006574       0x1c ./Drivers/STM32H7xx_HAL_Driver/Src/stm32h7xx_ll_rcc.o
 .text.LL_RCC_PLL1_GetP
                0x08006590       0x20 ./Drivers/STM32H7xx_HAL_Driver/Src/stm32h7xx_ll_rcc.o
 .text.LL_RCC_PLL1_GetQ
                0x080065b0       0x20 ./Drivers/STM32H7xx_HAL_Driver/Src/stm32h7xx_ll_rcc.o
 .text.LL_RCC_PLL1_GetR
                0x080065d0       0x20 ./Drivers/STM32H7xx_HAL_Driver/Src/stm32h7xx_ll_rcc.o
 .text.LL_RCC_PLL1_GetFRACN
                0x080065f0       0x1c ./Drivers/STM32H7xx_HAL_Driver/Src/stm32h7xx_ll_rcc.o
 .text.LL_RCC_PLL2_IsReady
                0x0800660c       0x28 ./Drivers/STM32H7xx_HAL_Driver/Src/stm32h7xx_ll_rcc.o
 .text.LL_RCC_PLL2P_IsEnabled
                0x08006634       0x28 ./Drivers/STM32H7xx_HAL_Driver/Src/stm32h7xx_ll_rcc.o
 .text.LL_RCC_PLL2Q_IsEnabled
                0x0800665c       0x28 ./Drivers/STM32H7xx_HAL_Driver/Src/stm32h7xx_ll_rcc.o
 .text.LL_RCC_PLL2R_IsEnabled
                0x08006684       0x28 ./Drivers/STM32H7xx_HAL_Driver/Src/stm32h7xx_ll_rcc.o
 .text.LL_RCC_PLL2FRACN_IsEnabled
                0x080066ac       0x24 ./Drivers/STM32H7xx_HAL_Driver/Src/stm32h7xx_ll_rcc.o
 .text.LL_RCC_PLL2_GetN
                0x080066d0       0x1c ./Drivers/STM32H7xx_HAL_Driver/Src/stm32h7xx_ll_rcc.o
 .text.LL_RCC_PLL2_GetM
                0x080066ec       0x1c ./Drivers/STM32H7xx_HAL_Driver/Src/stm32h7xx_ll_rcc.o
 .text.LL_RCC_PLL2_GetP
                0x08006708       0x20 ./Drivers/STM32H7xx_HAL_Driver/Src/stm32h7xx_ll_rcc.o
 .text.LL_RCC_PLL2_GetQ
                0x08006728       0x20 ./Drivers/STM32H7xx_HAL_Driver/Src/stm32h7xx_ll_rcc.o
 .text.LL_RCC_PLL2_GetR
                0x08006748       0x20 ./Drivers/STM32H7xx_HAL_Driver/Src/stm32h7xx_ll_rcc.o
 .text.LL_RCC_PLL2_GetFRACN
                0x08006768       0x1c ./Drivers/STM32H7xx_HAL_Driver/Src/stm32h7xx_ll_rcc.o
 .text.LL_RCC_PLL3_IsReady
                0x08006784       0x28 ./Drivers/STM32H7xx_HAL_Driver/Src/stm32h7xx_ll_rcc.o
 .text.LL_RCC_PLL3P_IsEnabled
                0x080067ac       0x28 ./Drivers/STM32H7xx_HAL_Driver/Src/stm32h7xx_ll_rcc.o
 .text.LL_RCC_PLL3Q_IsEnabled
                0x080067d4       0x28 ./Drivers/STM32H7xx_HAL_Driver/Src/stm32h7xx_ll_rcc.o
 .text.LL_RCC_PLL3R_IsEnabled
                0x080067fc       0x28 ./Drivers/STM32H7xx_HAL_Driver/Src/stm32h7xx_ll_rcc.o
 .text.LL_RCC_PLL3FRACN_IsEnabled
                0x08006824       0x28 ./Drivers/STM32H7xx_HAL_Driver/Src/stm32h7xx_ll_rcc.o
 .text.LL_RCC_PLL3_GetN
                0x0800684c       0x1c ./Drivers/STM32H7xx_HAL_Driver/Src/stm32h7xx_ll_rcc.o
 .text.LL_RCC_PLL3_GetM
                0x08006868       0x1c ./Drivers/STM32H7xx_HAL_Driver/Src/stm32h7xx_ll_rcc.o
 .text.LL_RCC_PLL3_GetP
                0x08006884       0x20 ./Drivers/STM32H7xx_HAL_Driver/Src/stm32h7xx_ll_rcc.o
 .text.LL_RCC_PLL3_GetQ
                0x080068a4       0x20 ./Drivers/STM32H7xx_HAL_Driver/Src/stm32h7xx_ll_rcc.o
 .text.LL_RCC_PLL3_GetR
                0x080068c4       0x20 ./Drivers/STM32H7xx_HAL_Driver/Src/stm32h7xx_ll_rcc.o
 .text.LL_RCC_PLL3_GetFRACN
                0x080068e4       0x1c ./Drivers/STM32H7xx_HAL_Driver/Src/stm32h7xx_ll_rcc.o
 .text.LL_RCC_GetPLL1ClockFreq
                0x08006900      0x130 ./Drivers/STM32H7xx_HAL_Driver/Src/stm32h7xx_ll_rcc.o
                0x08006900                LL_RCC_GetPLL1ClockFreq
 .text.LL_RCC_GetPLL2ClockFreq
                0x08006a30      0x130 ./Drivers/STM32H7xx_HAL_Driver/Src/stm32h7xx_ll_rcc.o
                0x08006a30                LL_RCC_GetPLL2ClockFreq
 .text.LL_RCC_GetPLL3ClockFreq
                0x08006b60      0x134 ./Drivers/STM32H7xx_HAL_Driver/Src/stm32h7xx_ll_rcc.o
                0x08006b60                LL_RCC_GetPLL3ClockFreq
 .text.LL_RCC_CalcPLLClockFreq
                0x08006c94       0x80 ./Drivers/STM32H7xx_HAL_Driver/Src/stm32h7xx_ll_rcc.o
                0x08006c94                LL_RCC_CalcPLLClockFreq
 .text.LL_RCC_GetUSARTClockFreq
                0x08006d14      0x1dc ./Drivers/STM32H7xx_HAL_Driver/Src/stm32h7xx_ll_rcc.o
                0x08006d14                LL_RCC_GetUSARTClockFreq
 .text.RCC_GetSystemClockFreq
                0x08006ef0       0xc4 ./Drivers/STM32H7xx_HAL_Driver/Src/stm32h7xx_ll_rcc.o
 .text.RCC_GetHCLKClockFreq
                0x08006fb4       0x2c ./Drivers/STM32H7xx_HAL_Driver/Src/stm32h7xx_ll_rcc.o
 .text.RCC_GetPCLK1ClockFreq
                0x08006fe0       0x30 ./Drivers/STM32H7xx_HAL_Driver/Src/stm32h7xx_ll_rcc.o
 .text.RCC_GetPCLK2ClockFreq
                0x08007010       0x30 ./Drivers/STM32H7xx_HAL_Driver/Src/stm32h7xx_ll_rcc.o
 .text.LL_SPI_IsEnabled
                0x08007040       0x26 ./Drivers/STM32H7xx_HAL_Driver/Src/stm32h7xx_ll_spi.o
 .text.LL_SPI_SetInternalSSLevel
                0x08007066       0x26 ./Drivers/STM32H7xx_HAL_Driver/Src/stm32h7xx_ll_spi.o
 .text.LL_SPI_GetNSSPolarity
                0x0800708c       0x1c ./Drivers/STM32H7xx_HAL_Driver/Src/stm32h7xx_ll_spi.o
 .text.LL_SPI_SetCRCPolynomial
                0x080070a8       0x1c ./Drivers/STM32H7xx_HAL_Driver/Src/stm32h7xx_ll_spi.o
 .text.LL_SPI_Init
                0x080070c4       0xfc ./Drivers/STM32H7xx_HAL_Driver/Src/stm32h7xx_ll_spi.o
                0x080070c4                LL_SPI_Init
 .text.LL_USART_IsEnabled
                0x080071c0       0x26 ./Drivers/STM32H7xx_HAL_Driver/Src/stm32h7xx_ll_usart.o
 .text.LL_USART_SetPrescaler
                0x080071e6       0x28 ./Drivers/STM32H7xx_HAL_Driver/Src/stm32h7xx_ll_usart.o
 .text.LL_USART_SetStopBitsLength
                0x0800720e       0x26 ./Drivers/STM32H7xx_HAL_Driver/Src/stm32h7xx_ll_usart.o
 .text.LL_USART_SetHWFlowCtrl
                0x08007234       0x26 ./Drivers/STM32H7xx_HAL_Driver/Src/stm32h7xx_ll_usart.o
 *fill*         0x0800725a        0x2 
 .text.LL_USART_SetBaudRate
                0x0800725c       0xa0 ./Drivers/STM32H7xx_HAL_Driver/Src/stm32h7xx_ll_usart.o
 .text.LL_USART_Init
                0x080072fc      0x154 ./Drivers/STM32H7xx_HAL_Driver/Src/stm32h7xx_ll_usart.o
                0x080072fc                LL_USART_Init
 .text.LL_SetSystemCoreClock
                0x08007450       0x20 ./Drivers/STM32H7xx_HAL_Driver/Src/stm32h7xx_ll_utils.o
                0x08007450                LL_SetSystemCoreClock
 .text.__cvt    0x08007470       0xa8 C:/ST/STM32CubeIDE_1.18.1/STM32CubeIDE/plugins/com.st.stm32cube.ide.mcu.externaltools.gnu-tools-for-stm32.13.3.rel1.win32_1.0.0.202411081344/tools/bin/../lib/gcc/arm-none-eabi/13.3.1/../../../../arm-none-eabi/lib/thumb/v7e-m+dp/hard\libc_nano.a(libc_a-nano-vfprintf_float.o)
                0x08007470                __cvt
 .text.__exponent
                0x08007518       0x74 C:/ST/STM32CubeIDE_1.18.1/STM32CubeIDE/plugins/com.st.stm32cube.ide.mcu.externaltools.gnu-tools-for-stm32.13.3.rel1.win32_1.0.0.202411081344/tools/bin/../lib/gcc/arm-none-eabi/13.3.1/../../../../arm-none-eabi/lib/thumb/v7e-m+dp/hard\libc_nano.a(libc_a-nano-vfprintf_float.o)
                0x08007518                __exponent
 *fill*         0x0800758c        0x4 
 .text._printf_float
                0x08007590      0x434 C:/ST/STM32CubeIDE_1.18.1/STM32CubeIDE/plugins/com.st.stm32cube.ide.mcu.externaltools.gnu-tools-for-stm32.13.3.rel1.win32_1.0.0.202411081344/tools/bin/../lib/gcc/arm-none-eabi/13.3.1/../../../../arm-none-eabi/lib/thumb/v7e-m+dp/hard\libc_nano.a(libc_a-nano-vfprintf_float.o)
                0x08007590                _printf_float
 .text._printf_common
                0x080079c4       0xda C:/ST/STM32CubeIDE_1.18.1/STM32CubeIDE/plugins/com.st.stm32cube.ide.mcu.externaltools.gnu-tools-for-stm32.13.3.rel1.win32_1.0.0.202411081344/tools/bin/../lib/gcc/arm-none-eabi/13.3.1/../../../../arm-none-eabi/lib/thumb/v7e-m+dp/hard\libc_nano.a(libc_a-nano-vfprintf_i.o)
                0x080079c4                _printf_common
 *fill*         0x08007a9e        0x2 
 .text._printf_i
                0x08007aa0      0x23c C:/ST/STM32CubeIDE_1.18.1/STM32CubeIDE/plugins/com.st.stm32cube.ide.mcu.externaltools.gnu-tools-for-stm32.13.3.rel1.win32_1.0.0.202411081344/tools/bin/../lib/gcc/arm-none-eabi/13.3.1/../../../../arm-none-eabi/lib/thumb/v7e-m+dp/hard\libc_nano.a(libc_a-nano-vfprintf_i.o)
                0x08007aa0                _printf_i
 .text.std      0x08007cdc       0x6c C:/ST/STM32CubeIDE_1.18.1/STM32CubeIDE/plugins/com.st.stm32cube.ide.mcu.externaltools.gnu-tools-for-stm32.13.3.rel1.win32_1.0.0.202411081344/tools/bin/../lib/gcc/arm-none-eabi/13.3.1/../../../../arm-none-eabi/lib/thumb/v7e-m+dp/hard\libc_nano.a(libc_a-findfp.o)
 .text.stdio_exit_handler
                0x08007d48       0x18 C:/ST/STM32CubeIDE_1.18.1/STM32CubeIDE/plugins/com.st.stm32cube.ide.mcu.externaltools.gnu-tools-for-stm32.13.3.rel1.win32_1.0.0.202411081344/tools/bin/../lib/gcc/arm-none-eabi/13.3.1/../../../../arm-none-eabi/lib/thumb/v7e-m+dp/hard\libc_nano.a(libc_a-findfp.o)
 .text.cleanup_stdio
                0x08007d60       0x40 C:/ST/STM32CubeIDE_1.18.1/STM32CubeIDE/plugins/com.st.stm32cube.ide.mcu.externaltools.gnu-tools-for-stm32.13.3.rel1.win32_1.0.0.202411081344/tools/bin/../lib/gcc/arm-none-eabi/13.3.1/../../../../arm-none-eabi/lib/thumb/v7e-m+dp/hard\libc_nano.a(libc_a-findfp.o)
 .text.global_stdio_init.part.0
                0x08007da0       0x3c C:/ST/STM32CubeIDE_1.18.1/STM32CubeIDE/plugins/com.st.stm32cube.ide.mcu.externaltools.gnu-tools-for-stm32.13.3.rel1.win32_1.0.0.202411081344/tools/bin/../lib/gcc/arm-none-eabi/13.3.1/../../../../arm-none-eabi/lib/thumb/v7e-m+dp/hard\libc_nano.a(libc_a-findfp.o)
 .text.__sfp_lock_acquire
                0x08007ddc        0xc C:/ST/STM32CubeIDE_1.18.1/STM32CubeIDE/plugins/com.st.stm32cube.ide.mcu.externaltools.gnu-tools-for-stm32.13.3.rel1.win32_1.0.0.202411081344/tools/bin/../lib/gcc/arm-none-eabi/13.3.1/../../../../arm-none-eabi/lib/thumb/v7e-m+dp/hard\libc_nano.a(libc_a-findfp.o)
                0x08007ddc                __sfp_lock_acquire
 .text.__sfp_lock_release
                0x08007de8        0xc C:/ST/STM32CubeIDE_1.18.1/STM32CubeIDE/plugins/com.st.stm32cube.ide.mcu.externaltools.gnu-tools-for-stm32.13.3.rel1.win32_1.0.0.202411081344/tools/bin/../lib/gcc/arm-none-eabi/13.3.1/../../../../arm-none-eabi/lib/thumb/v7e-m+dp/hard\libc_nano.a(libc_a-findfp.o)
                0x08007de8                __sfp_lock_release
 .text.__sinit  0x08007df4       0x30 C:/ST/STM32CubeIDE_1.18.1/STM32CubeIDE/plugins/com.st.stm32cube.ide.mcu.externaltools.gnu-tools-for-stm32.13.3.rel1.win32_1.0.0.202411081344/tools/bin/../lib/gcc/arm-none-eabi/13.3.1/../../../../arm-none-eabi/lib/thumb/v7e-m+dp/hard\libc_nano.a(libc_a-findfp.o)
                0x08007df4                __sinit
 .text._fwalk_sglue
                0x08007e24       0x3c C:/ST/STM32CubeIDE_1.18.1/STM32CubeIDE/plugins/com.st.stm32cube.ide.mcu.externaltools.gnu-tools-for-stm32.13.3.rel1.win32_1.0.0.202411081344/tools/bin/../lib/gcc/arm-none-eabi/13.3.1/../../../../arm-none-eabi/lib/thumb/v7e-m+dp/hard\libc_nano.a(libc_a-fwalk.o)
                0x08007e24                _fwalk_sglue
 .text.printf   0x08007e60       0x24 C:/ST/STM32CubeIDE_1.18.1/STM32CubeIDE/plugins/com.st.stm32cube.ide.mcu.externaltools.gnu-tools-for-stm32.13.3.rel1.win32_1.0.0.202411081344/tools/bin/../lib/gcc/arm-none-eabi/13.3.1/../../../../arm-none-eabi/lib/thumb/v7e-m+dp/hard\libc_nano.a(libc_a-printf.o)
                0x08007e60                iprintf
                0x08007e60                printf
 .text.__sread  0x08007e84       0x22 C:/ST/STM32CubeIDE_1.18.1/STM32CubeIDE/plugins/com.st.stm32cube.ide.mcu.externaltools.gnu-tools-for-stm32.13.3.rel1.win32_1.0.0.202411081344/tools/bin/../lib/gcc/arm-none-eabi/13.3.1/../../../../arm-none-eabi/lib/thumb/v7e-m+dp/hard\libc_nano.a(libc_a-stdio.o)
                0x08007e84                __sread
 .text.__swrite
                0x08007ea6       0x38 C:/ST/STM32CubeIDE_1.18.1/STM32CubeIDE/plugins/com.st.stm32cube.ide.mcu.externaltools.gnu-tools-for-stm32.13.3.rel1.win32_1.0.0.202411081344/tools/bin/../lib/gcc/arm-none-eabi/13.3.1/../../../../arm-none-eabi/lib/thumb/v7e-m+dp/hard\libc_nano.a(libc_a-stdio.o)
                0x08007ea6                __swrite
 .text.__sseek  0x08007ede       0x24 C:/ST/STM32CubeIDE_1.18.1/STM32CubeIDE/plugins/com.st.stm32cube.ide.mcu.externaltools.gnu-tools-for-stm32.13.3.rel1.win32_1.0.0.202411081344/tools/bin/../lib/gcc/arm-none-eabi/13.3.1/../../../../arm-none-eabi/lib/thumb/v7e-m+dp/hard\libc_nano.a(libc_a-stdio.o)
                0x08007ede                __sseek
 .text.__sclose
                0x08007f02        0x8 C:/ST/STM32CubeIDE_1.18.1/STM32CubeIDE/plugins/com.st.stm32cube.ide.mcu.externaltools.gnu-tools-for-stm32.13.3.rel1.win32_1.0.0.202411081344/tools/bin/../lib/gcc/arm-none-eabi/13.3.1/../../../../arm-none-eabi/lib/thumb/v7e-m+dp/hard\libc_nano.a(libc_a-stdio.o)
                0x08007f02                __sclose
 .text.memset   0x08007f0a       0x10 C:/ST/STM32CubeIDE_1.18.1/STM32CubeIDE/plugins/com.st.stm32cube.ide.mcu.externaltools.gnu-tools-for-stm32.13.3.rel1.win32_1.0.0.202411081344/tools/bin/../lib/gcc/arm-none-eabi/13.3.1/../../../../arm-none-eabi/lib/thumb/v7e-m+dp/hard\libc_nano.a(libc_a-memset.o)
                0x08007f0a                memset
 *fill*         0x08007f1a        0x2 
 .text._localeconv_r
                0x08007f1c        0x8 C:/ST/STM32CubeIDE_1.18.1/STM32CubeIDE/plugins/com.st.stm32cube.ide.mcu.externaltools.gnu-tools-for-stm32.13.3.rel1.win32_1.0.0.202411081344/tools/bin/../lib/gcc/arm-none-eabi/13.3.1/../../../../arm-none-eabi/lib/thumb/v7e-m+dp/hard\libc_nano.a(libc_a-localeconv.o)
                0x08007f1c                _localeconv_r
 .text._close_r
                0x08007f24       0x20 C:/ST/STM32CubeIDE_1.18.1/STM32CubeIDE/plugins/com.st.stm32cube.ide.mcu.externaltools.gnu-tools-for-stm32.13.3.rel1.win32_1.0.0.202411081344/tools/bin/../lib/gcc/arm-none-eabi/13.3.1/../../../../arm-none-eabi/lib/thumb/v7e-m+dp/hard\libc_nano.a(libc_a-closer.o)
                0x08007f24                _close_r
 .text._lseek_r
                0x08007f44       0x24 C:/ST/STM32CubeIDE_1.18.1/STM32CubeIDE/plugins/com.st.stm32cube.ide.mcu.externaltools.gnu-tools-for-stm32.13.3.rel1.win32_1.0.0.202411081344/tools/bin/../lib/gcc/arm-none-eabi/13.3.1/../../../../arm-none-eabi/lib/thumb/v7e-m+dp/hard\libc_nano.a(libc_a-lseekr.o)
                0x08007f44                _lseek_r
 .text._read_r  0x08007f68       0x24 C:/ST/STM32CubeIDE_1.18.1/STM32CubeIDE/plugins/com.st.stm32cube.ide.mcu.externaltools.gnu-tools-for-stm32.13.3.rel1.win32_1.0.0.202411081344/tools/bin/../lib/gcc/arm-none-eabi/13.3.1/../../../../arm-none-eabi/lib/thumb/v7e-m+dp/hard\libc_nano.a(libc_a-readr.o)
                0x08007f68                _read_r
 .text._write_r
                0x08007f8c       0x24 C:/ST/STM32CubeIDE_1.18.1/STM32CubeIDE/plugins/com.st.stm32cube.ide.mcu.externaltools.gnu-tools-for-stm32.13.3.rel1.win32_1.0.0.202411081344/tools/bin/../lib/gcc/arm-none-eabi/13.3.1/../../../../arm-none-eabi/lib/thumb/v7e-m+dp/hard\libc_nano.a(libc_a-writer.o)
                0x08007f8c                _write_r
 .text.__errno  0x08007fb0        0xc C:/ST/STM32CubeIDE_1.18.1/STM32CubeIDE/plugins/com.st.stm32cube.ide.mcu.externaltools.gnu-tools-for-stm32.13.3.rel1.win32_1.0.0.202411081344/tools/bin/../lib/gcc/arm-none-eabi/13.3.1/../../../../arm-none-eabi/lib/thumb/v7e-m+dp/hard\libc_nano.a(libc_a-errno.o)
                0x08007fb0                __errno
 .text.__libc_init_array
                0x08007fbc       0x48 C:/ST/STM32CubeIDE_1.18.1/STM32CubeIDE/plugins/com.st.stm32cube.ide.mcu.externaltools.gnu-tools-for-stm32.13.3.rel1.win32_1.0.0.202411081344/tools/bin/../lib/gcc/arm-none-eabi/13.3.1/../../../../arm-none-eabi/lib/thumb/v7e-m+dp/hard\libc_nano.a(libc_a-init.o)
                0x08007fbc                __libc_init_array
 .text.__retarget_lock_init_recursive
                0x08008004        0x2 C:/ST/STM32CubeIDE_1.18.1/STM32CubeIDE/plugins/com.st.stm32cube.ide.mcu.externaltools.gnu-tools-for-stm32.13.3.rel1.win32_1.0.0.202411081344/tools/bin/../lib/gcc/arm-none-eabi/13.3.1/../../../../arm-none-eabi/lib/thumb/v7e-m+dp/hard\libc_nano.a(libc_a-lock.o)
                0x08008004                __retarget_lock_init_recursive
 .text.__retarget_lock_acquire_recursive
                0x08008006        0x2 C:/ST/STM32CubeIDE_1.18.1/STM32CubeIDE/plugins/com.st.stm32cube.ide.mcu.externaltools.gnu-tools-for-stm32.13.3.rel1.win32_1.0.0.202411081344/tools/bin/../lib/gcc/arm-none-eabi/13.3.1/../../../../arm-none-eabi/lib/thumb/v7e-m+dp/hard\libc_nano.a(libc_a-lock.o)
                0x08008006                __retarget_lock_acquire_recursive
 .text.__retarget_lock_release_recursive
                0x08008008        0x2 C:/ST/STM32CubeIDE_1.18.1/STM32CubeIDE/plugins/com.st.stm32cube.ide.mcu.externaltools.gnu-tools-for-stm32.13.3.rel1.win32_1.0.0.202411081344/tools/bin/../lib/gcc/arm-none-eabi/13.3.1/../../../../arm-none-eabi/lib/thumb/v7e-m+dp/hard\libc_nano.a(libc_a-lock.o)
                0x08008008                __retarget_lock_release_recursive
 .text.quorem   0x0800800a      0x110 C:/ST/STM32CubeIDE_1.18.1/STM32CubeIDE/plugins/com.st.stm32cube.ide.mcu.externaltools.gnu-tools-for-stm32.13.3.rel1.win32_1.0.0.202411081344/tools/bin/../lib/gcc/arm-none-eabi/13.3.1/../../../../arm-none-eabi/lib/thumb/v7e-m+dp/hard\libc_nano.a(libc_a-dtoa.o)
 *fill*         0x0800811a        0x6 
 .text._dtoa_r  0x08008120      0xabc C:/ST/STM32CubeIDE_1.18.1/STM32CubeIDE/plugins/com.st.stm32cube.ide.mcu.externaltools.gnu-tools-for-stm32.13.3.rel1.win32_1.0.0.202411081344/tools/bin/../lib/gcc/arm-none-eabi/13.3.1/../../../../arm-none-eabi/lib/thumb/v7e-m+dp/hard\libc_nano.a(libc_a-dtoa.o)
                0x08008120                _dtoa_r
 .text._free_r  0x08008bdc       0x94 C:/ST/STM32CubeIDE_1.18.1/STM32CubeIDE/plugins/com.st.stm32cube.ide.mcu.externaltools.gnu-tools-for-stm32.13.3.rel1.win32_1.0.0.202411081344/tools/bin/../lib/gcc/arm-none-eabi/13.3.1/../../../../arm-none-eabi/lib/thumb/v7e-m+dp/hard\libc_nano.a(libc_a-freer.o)
                0x08008bdc                _free_r
 .text.malloc   0x08008c70       0x10 C:/ST/STM32CubeIDE_1.18.1/STM32CubeIDE/plugins/com.st.stm32cube.ide.mcu.externaltools.gnu-tools-for-stm32.13.3.rel1.win32_1.0.0.202411081344/tools/bin/../lib/gcc/arm-none-eabi/13.3.1/../../../../arm-none-eabi/lib/thumb/v7e-m+dp/hard\libc_nano.a(libc_a-malloc.o)
                0x08008c70                malloc
 .text.sbrk_aligned
                0x08008c80       0x44 C:/ST/STM32CubeIDE_1.18.1/STM32CubeIDE/plugins/com.st.stm32cube.ide.mcu.externaltools.gnu-tools-for-stm32.13.3.rel1.win32_1.0.0.202411081344/tools/bin/../lib/gcc/arm-none-eabi/13.3.1/../../../../arm-none-eabi/lib/thumb/v7e-m+dp/hard\libc_nano.a(libc_a-mallocr.o)
 .text._malloc_r
                0x08008cc4      0x100 C:/ST/STM32CubeIDE_1.18.1/STM32CubeIDE/plugins/com.st.stm32cube.ide.mcu.externaltools.gnu-tools-for-stm32.13.3.rel1.win32_1.0.0.202411081344/tools/bin/../lib/gcc/arm-none-eabi/13.3.1/../../../../arm-none-eabi/lib/thumb/v7e-m+dp/hard\libc_nano.a(libc_a-mallocr.o)
                0x08008cc4                _malloc_r
 .text.__malloc_lock
                0x08008dc4        0xc C:/ST/STM32CubeIDE_1.18.1/STM32CubeIDE/plugins/com.st.stm32cube.ide.mcu.externaltools.gnu-tools-for-stm32.13.3.rel1.win32_1.0.0.202411081344/tools/bin/../lib/gcc/arm-none-eabi/13.3.1/../../../../arm-none-eabi/lib/thumb/v7e-m+dp/hard\libc_nano.a(libc_a-mlock.o)
                0x08008dc4                __malloc_lock
 .text.__malloc_unlock
                0x08008dd0        0xc C:/ST/STM32CubeIDE_1.18.1/STM32CubeIDE/plugins/com.st.stm32cube.ide.mcu.externaltools.gnu-tools-for-stm32.13.3.rel1.win32_1.0.0.202411081344/tools/bin/../lib/gcc/arm-none-eabi/13.3.1/../../../../arm-none-eabi/lib/thumb/v7e-m+dp/hard\libc_nano.a(libc_a-mlock.o)
                0x08008dd0                __malloc_unlock
 .text._Balloc  0x08008ddc       0x80 C:/ST/STM32CubeIDE_1.18.1/STM32CubeIDE/plugins/com.st.stm32cube.ide.mcu.externaltools.gnu-tools-for-stm32.13.3.rel1.win32_1.0.0.202411081344/tools/bin/../lib/gcc/arm-none-eabi/13.3.1/../../../../arm-none-eabi/lib/thumb/v7e-m+dp/hard\libc_nano.a(libc_a-mprec.o)
                0x08008ddc                _Balloc
 .text._Bfree   0x08008e5c       0x44 C:/ST/STM32CubeIDE_1.18.1/STM32CubeIDE/plugins/com.st.stm32cube.ide.mcu.externaltools.gnu-tools-for-stm32.13.3.rel1.win32_1.0.0.202411081344/tools/bin/../lib/gcc/arm-none-eabi/13.3.1/../../../../arm-none-eabi/lib/thumb/v7e-m+dp/hard\libc_nano.a(libc_a-mprec.o)
                0x08008e5c                _Bfree
 .text.__multadd
                0x08008ea0       0x8c C:/ST/STM32CubeIDE_1.18.1/STM32CubeIDE/plugins/com.st.stm32cube.ide.mcu.externaltools.gnu-tools-for-stm32.13.3.rel1.win32_1.0.0.202411081344/tools/bin/../lib/gcc/arm-none-eabi/13.3.1/../../../../arm-none-eabi/lib/thumb/v7e-m+dp/hard\libc_nano.a(libc_a-mprec.o)
                0x08008ea0                __multadd
 .text.__hi0bits
                0x08008f2c       0x3e C:/ST/STM32CubeIDE_1.18.1/STM32CubeIDE/plugins/com.st.stm32cube.ide.mcu.externaltools.gnu-tools-for-stm32.13.3.rel1.win32_1.0.0.202411081344/tools/bin/../lib/gcc/arm-none-eabi/13.3.1/../../../../arm-none-eabi/lib/thumb/v7e-m+dp/hard\libc_nano.a(libc_a-mprec.o)
                0x08008f2c                __hi0bits
 .text.__lo0bits
                0x08008f6a       0x5a C:/ST/STM32CubeIDE_1.18.1/STM32CubeIDE/plugins/com.st.stm32cube.ide.mcu.externaltools.gnu-tools-for-stm32.13.3.rel1.win32_1.0.0.202411081344/tools/bin/../lib/gcc/arm-none-eabi/13.3.1/../../../../arm-none-eabi/lib/thumb/v7e-m+dp/hard\libc_nano.a(libc_a-mprec.o)
                0x08008f6a                __lo0bits
 .text.__i2b    0x08008fc4       0x2c C:/ST/STM32CubeIDE_1.18.1/STM32CubeIDE/plugins/com.st.stm32cube.ide.mcu.externaltools.gnu-tools-for-stm32.13.3.rel1.win32_1.0.0.202411081344/tools/bin/../lib/gcc/arm-none-eabi/13.3.1/../../../../arm-none-eabi/lib/thumb/v7e-m+dp/hard\libc_nano.a(libc_a-mprec.o)
                0x08008fc4                __i2b
 .text.__multiply
                0x08008ff0      0x144 C:/ST/STM32CubeIDE_1.18.1/STM32CubeIDE/plugins/com.st.stm32cube.ide.mcu.externaltools.gnu-tools-for-stm32.13.3.rel1.win32_1.0.0.202411081344/tools/bin/../lib/gcc/arm-none-eabi/13.3.1/../../../../arm-none-eabi/lib/thumb/v7e-m+dp/hard\libc_nano.a(libc_a-mprec.o)
                0x08008ff0                __multiply
 .text.__pow5mult
                0x08009134       0xb4 C:/ST/STM32CubeIDE_1.18.1/STM32CubeIDE/plugins/com.st.stm32cube.ide.mcu.externaltools.gnu-tools-for-stm32.13.3.rel1.win32_1.0.0.202411081344/tools/bin/../lib/gcc/arm-none-eabi/13.3.1/../../../../arm-none-eabi/lib/thumb/v7e-m+dp/hard\libc_nano.a(libc_a-mprec.o)
                0x08009134                __pow5mult
 .text.__lshift
                0x080091e8       0xd8 C:/ST/STM32CubeIDE_1.18.1/STM32CubeIDE/plugins/com.st.stm32cube.ide.mcu.externaltools.gnu-tools-for-stm32.13.3.rel1.win32_1.0.0.202411081344/tools/bin/../lib/gcc/arm-none-eabi/13.3.1/../../../../arm-none-eabi/lib/thumb/v7e-m+dp/hard\libc_nano.a(libc_a-mprec.o)
                0x080091e8                __lshift
 .text.__mcmp   0x080092c0       0x36 C:/ST/STM32CubeIDE_1.18.1/STM32CubeIDE/plugins/com.st.stm32cube.ide.mcu.externaltools.gnu-tools-for-stm32.13.3.rel1.win32_1.0.0.202411081344/tools/bin/../lib/gcc/arm-none-eabi/13.3.1/../../../../arm-none-eabi/lib/thumb/v7e-m+dp/hard\libc_nano.a(libc_a-mprec.o)
                0x080092c0                __mcmp
 *fill*         0x080092f6        0x2 
 .text.__mdiff  0x080092f8      0x128 C:/ST/STM32CubeIDE_1.18.1/STM32CubeIDE/plugins/com.st.stm32cube.ide.mcu.externaltools.gnu-tools-for-stm32.13.3.rel1.win32_1.0.0.202411081344/tools/bin/../lib/gcc/arm-none-eabi/13.3.1/../../../../arm-none-eabi/lib/thumb/v7e-m+dp/hard\libc_nano.a(libc_a-mprec.o)
                0x080092f8                __mdiff
 .text.__d2b    0x08009420       0xb0 C:/ST/STM32CubeIDE_1.18.1/STM32CubeIDE/plugins/com.st.stm32cube.ide.mcu.externaltools.gnu-tools-for-stm32.13.3.rel1.win32_1.0.0.202411081344/tools/bin/../lib/gcc/arm-none-eabi/13.3.1/../../../../arm-none-eabi/lib/thumb/v7e-m+dp/hard\libc_nano.a(libc_a-mprec.o)
                0x08009420                __d2b
 .text.__sfputc_r
                0x080094d0       0x2e C:/ST/STM32CubeIDE_1.18.1/STM32CubeIDE/plugins/com.st.stm32cube.ide.mcu.externaltools.gnu-tools-for-stm32.13.3.rel1.win32_1.0.0.202411081344/tools/bin/../lib/gcc/arm-none-eabi/13.3.1/../../../../arm-none-eabi/lib/thumb/v7e-m+dp/hard\libc_nano.a(libc_a-nano-vfprintf.o)
 .text.__sfputs_r
                0x080094fe       0x24 C:/ST/STM32CubeIDE_1.18.1/STM32CubeIDE/plugins/com.st.stm32cube.ide.mcu.externaltools.gnu-tools-for-stm32.13.3.rel1.win32_1.0.0.202411081344/tools/bin/../lib/gcc/arm-none-eabi/13.3.1/../../../../arm-none-eabi/lib/thumb/v7e-m+dp/hard\libc_nano.a(libc_a-nano-vfprintf.o)
                0x080094fe                __sfputs_r
 *fill*         0x08009522        0x2 
 .text._vfprintf_r
                0x08009524      0x230 C:/ST/STM32CubeIDE_1.18.1/STM32CubeIDE/plugins/com.st.stm32cube.ide.mcu.externaltools.gnu-tools-for-stm32.13.3.rel1.win32_1.0.0.202411081344/tools/bin/../lib/gcc/arm-none-eabi/13.3.1/../../../../arm-none-eabi/lib/thumb/v7e-m+dp/hard\libc_nano.a(libc_a-nano-vfprintf.o)
                0x08009524                _vfprintf_r
                0x08009524                _vfiprintf_r
 .text.__sflush_r
                0x08009754      0x108 C:/ST/STM32CubeIDE_1.18.1/STM32CubeIDE/plugins/com.st.stm32cube.ide.mcu.externaltools.gnu-tools-for-stm32.13.3.rel1.win32_1.0.0.202411081344/tools/bin/../lib/gcc/arm-none-eabi/13.3.1/../../../../arm-none-eabi/lib/thumb/v7e-m+dp/hard\libc_nano.a(libc_a-fflush.o)
                0x08009754                __sflush_r
 .text._fflush_r
                0x0800985c       0x50 C:/ST/STM32CubeIDE_1.18.1/STM32CubeIDE/plugins/com.st.stm32cube.ide.mcu.externaltools.gnu-tools-for-stm32.13.3.rel1.win32_1.0.0.202411081344/tools/bin/../lib/gcc/arm-none-eabi/13.3.1/../../../../arm-none-eabi/lib/thumb/v7e-m+dp/hard\libc_nano.a(libc_a-fflush.o)
                0x0800985c                _fflush_r
 .text.__swbuf_r
                0x080098ac       0x7c C:/ST/STM32CubeIDE_1.18.1/STM32CubeIDE/plugins/com.st.stm32cube.ide.mcu.externaltools.gnu-tools-for-stm32.13.3.rel1.win32_1.0.0.202411081344/tools/bin/../lib/gcc/arm-none-eabi/13.3.1/../../../../arm-none-eabi/lib/thumb/v7e-m+dp/hard\libc_nano.a(libc_a-wbuf.o)
                0x080098ac                __swbuf_r
 .text.__swsetup_r
                0x08009928       0xac C:/ST/STM32CubeIDE_1.18.1/STM32CubeIDE/plugins/com.st.stm32cube.ide.mcu.externaltools.gnu-tools-for-stm32.13.3.rel1.win32_1.0.0.202411081344/tools/bin/../lib/gcc/arm-none-eabi/13.3.1/../../../../arm-none-eabi/lib/thumb/v7e-m+dp/hard\libc_nano.a(libc_a-wsetup.o)
                0x08009928                __swsetup_r
 .text._sbrk_r  0x080099d4       0x20 C:/ST/STM32CubeIDE_1.18.1/STM32CubeIDE/plugins/com.st.stm32cube.ide.mcu.externaltools.gnu-tools-for-stm32.13.3.rel1.win32_1.0.0.202411081344/tools/bin/../lib/gcc/arm-none-eabi/13.3.1/../../../../arm-none-eabi/lib/thumb/v7e-m+dp/hard\libc_nano.a(libc_a-sbrkr.o)
                0x080099d4                _sbrk_r
 .text.memcpy   0x080099f4       0x1c C:/ST/STM32CubeIDE_1.18.1/STM32CubeIDE/plugins/com.st.stm32cube.ide.mcu.externaltools.gnu-tools-for-stm32.13.3.rel1.win32_1.0.0.202411081344/tools/bin/../lib/gcc/arm-none-eabi/13.3.1/../../../../arm-none-eabi/lib/thumb/v7e-m+dp/hard\libc_nano.a(libc_a-memcpy-stub.o)
                0x080099f4                memcpy
 .text.__assert_func
                0x08009a10       0x3c C:/ST/STM32CubeIDE_1.18.1/STM32CubeIDE/plugins/com.st.stm32cube.ide.mcu.externaltools.gnu-tools-for-stm32.13.3.rel1.win32_1.0.0.202411081344/tools/bin/../lib/gcc/arm-none-eabi/13.3.1/../../../../arm-none-eabi/lib/thumb/v7e-m+dp/hard\libc_nano.a(libc_a-assert.o)
                0x08009a10                __assert_func
 .text._calloc_r
                0x08009a4c       0x28 C:/ST/STM32CubeIDE_1.18.1/STM32CubeIDE/plugins/com.st.stm32cube.ide.mcu.externaltools.gnu-tools-for-stm32.13.3.rel1.win32_1.0.0.202411081344/tools/bin/../lib/gcc/arm-none-eabi/13.3.1/../../../../arm-none-eabi/lib/thumb/v7e-m+dp/hard\libc_nano.a(libc_a-callocr.o)
                0x08009a4c                _calloc_r
 .text.__ascii_mbtowc
                0x08009a74       0x24 C:/ST/STM32CubeIDE_1.18.1/STM32CubeIDE/plugins/com.st.stm32cube.ide.mcu.externaltools.gnu-tools-for-stm32.13.3.rel1.win32_1.0.0.202411081344/tools/bin/../lib/gcc/arm-none-eabi/13.3.1/../../../../arm-none-eabi/lib/thumb/v7e-m+dp/hard\libc_nano.a(libc_a-mbtowc_r.o)
                0x08009a74                __ascii_mbtowc
 .text.__ascii_wctomb
                0x08009a98       0x1a C:/ST/STM32CubeIDE_1.18.1/STM32CubeIDE/plugins/com.st.stm32cube.ide.mcu.externaltools.gnu-tools-for-stm32.13.3.rel1.win32_1.0.0.202411081344/tools/bin/../lib/gcc/arm-none-eabi/13.3.1/../../../../arm-none-eabi/lib/thumb/v7e-m+dp/hard\libc_nano.a(libc_a-wctomb_r.o)
                0x08009a98                __ascii_wctomb
 *fill*         0x08009ab2        0x2 
 .text.fprintf  0x08009ab4       0x24 C:/ST/STM32CubeIDE_1.18.1/STM32CubeIDE/plugins/com.st.stm32cube.ide.mcu.externaltools.gnu-tools-for-stm32.13.3.rel1.win32_1.0.0.202411081344/tools/bin/../lib/gcc/arm-none-eabi/13.3.1/../../../../arm-none-eabi/lib/thumb/v7e-m+dp/hard\libc_nano.a(libc_a-fprintf.o)
                0x08009ab4                fiprintf
                0x08009ab4                fprintf
 .text.__swhatbuf_r
                0x08009ad8       0x4c C:/ST/STM32CubeIDE_1.18.1/STM32CubeIDE/plugins/com.st.stm32cube.ide.mcu.externaltools.gnu-tools-for-stm32.13.3.rel1.win32_1.0.0.202411081344/tools/bin/../lib/gcc/arm-none-eabi/13.3.1/../../../../arm-none-eabi/lib/thumb/v7e-m+dp/hard\libc_nano.a(libc_a-makebuf.o)
                0x08009ad8                __swhatbuf_r
 .text.__smakebuf_r
                0x08009b24       0x78 C:/ST/STM32CubeIDE_1.18.1/STM32CubeIDE/plugins/com.st.stm32cube.ide.mcu.externaltools.gnu-tools-for-stm32.13.3.rel1.win32_1.0.0.202411081344/tools/bin/../lib/gcc/arm-none-eabi/13.3.1/../../../../arm-none-eabi/lib/thumb/v7e-m+dp/hard\libc_nano.a(libc_a-makebuf.o)
                0x08009b24                __smakebuf_r
 .text._fstat_r
                0x08009b9c       0x24 C:/ST/STM32CubeIDE_1.18.1/STM32CubeIDE/plugins/com.st.stm32cube.ide.mcu.externaltools.gnu-tools-for-stm32.13.3.rel1.win32_1.0.0.202411081344/tools/bin/../lib/gcc/arm-none-eabi/13.3.1/../../../../arm-none-eabi/lib/thumb/v7e-m+dp/hard\libc_nano.a(libc_a-fstatr.o)
                0x08009b9c                _fstat_r
 .text._isatty_r
                0x08009bc0       0x20 C:/ST/STM32CubeIDE_1.18.1/STM32CubeIDE/plugins/com.st.stm32cube.ide.mcu.externaltools.gnu-tools-for-stm32.13.3.rel1.win32_1.0.0.202411081344/tools/bin/../lib/gcc/arm-none-eabi/13.3.1/../../../../arm-none-eabi/lib/thumb/v7e-m+dp/hard\libc_nano.a(libc_a-isattyr.o)
                0x08009bc0                _isatty_r
 .text.abort    0x08009be0        0xe C:/ST/STM32CubeIDE_1.18.1/STM32CubeIDE/plugins/com.st.stm32cube.ide.mcu.externaltools.gnu-tools-for-stm32.13.3.rel1.win32_1.0.0.202411081344/tools/bin/../lib/gcc/arm-none-eabi/13.3.1/../../../../arm-none-eabi/lib/thumb/v7e-m+dp/hard\libc_nano.a(libc_a-abort.o)
                0x08009be0                abort
 .text._raise_r
                0x08009bee       0x50 C:/ST/STM32CubeIDE_1.18.1/STM32CubeIDE/plugins/com.st.stm32cube.ide.mcu.externaltools.gnu-tools-for-stm32.13.3.rel1.win32_1.0.0.202411081344/tools/bin/../lib/gcc/arm-none-eabi/13.3.1/../../../../arm-none-eabi/lib/thumb/v7e-m+dp/hard\libc_nano.a(libc_a-signal.o)
                0x08009bee                _raise_r
 *fill*         0x08009c3e        0x2 
 .text.raise    0x08009c40       0x10 C:/ST/STM32CubeIDE_1.18.1/STM32CubeIDE/plugins/com.st.stm32cube.ide.mcu.externaltools.gnu-tools-for-stm32.13.3.rel1.win32_1.0.0.202411081344/tools/bin/../lib/gcc/arm-none-eabi/13.3.1/../../../../arm-none-eabi/lib/thumb/v7e-m+dp/hard\libc_nano.a(libc_a-signal.o)
                0x08009c40                raise
 .text._kill_r  0x08009c50       0x24 C:/ST/STM32CubeIDE_1.18.1/STM32CubeIDE/plugins/com.st.stm32cube.ide.mcu.externaltools.gnu-tools-for-stm32.13.3.rel1.win32_1.0.0.202411081344/tools/bin/../lib/gcc/arm-none-eabi/13.3.1/../../../../arm-none-eabi/lib/thumb/v7e-m+dp/hard\libc_nano.a(libc_a-signalr.o)
                0x08009c50                _kill_r
 .text._getpid_r
                0x08009c74        0x4 C:/ST/STM32CubeIDE_1.18.1/STM32CubeIDE/plugins/com.st.stm32cube.ide.mcu.externaltools.gnu-tools-for-stm32.13.3.rel1.win32_1.0.0.202411081344/tools/bin/../lib/gcc/arm-none-eabi/13.3.1/../../../../arm-none-eabi/lib/thumb/v7e-m+dp/hard\libc_nano.a(libc_a-signalr.o)
                0x08009c74                _getpid_r
 .text.checkint
                0x08009c78       0x68 C:/ST/STM32CubeIDE_1.18.1/STM32CubeIDE/plugins/com.st.stm32cube.ide.mcu.externaltools.gnu-tools-for-stm32.13.3.rel1.win32_1.0.0.202411081344/tools/bin/../lib/gcc/arm-none-eabi/13.3.1/../../../../arm-none-eabi/lib/thumb/v7e-m+dp/hard\libm.a(libm_a-pow.o)
 .text.pow      0x08009ce0      0x4a0 C:/ST/STM32CubeIDE_1.18.1/STM32CubeIDE/plugins/com.st.stm32cube.ide.mcu.externaltools.gnu-tools-for-stm32.13.3.rel1.win32_1.0.0.202411081344/tools/bin/../lib/gcc/arm-none-eabi/13.3.1/../../../../arm-none-eabi/lib/thumb/v7e-m+dp/hard\libm.a(libm_a-pow.o)
                0x08009ce0                pow
 .text.with_errno
                0x0800a180       0x1c C:/ST/STM32CubeIDE_1.18.1/STM32CubeIDE/plugins/com.st.stm32cube.ide.mcu.externaltools.gnu-tools-for-stm32.13.3.rel1.win32_1.0.0.202411081344/tools/bin/../lib/gcc/arm-none-eabi/13.3.1/../../../../arm-none-eabi/lib/thumb/v7e-m+dp/hard\libm.a(libm_a-math_err.o)
 .text.xflow    0x0800a19c       0x22 C:/ST/STM32CubeIDE_1.18.1/STM32CubeIDE/plugins/com.st.stm32cube.ide.mcu.externaltools.gnu-tools-for-stm32.13.3.rel1.win32_1.0.0.202411081344/tools/bin/../lib/gcc/arm-none-eabi/13.3.1/../../../../arm-none-eabi/lib/thumb/v7e-m+dp/hard\libm.a(libm_a-math_err.o)
 *fill*         0x0800a1be        0x2 
 .text.__math_uflow
                0x0800a1c0       0x10 C:/ST/STM32CubeIDE_1.18.1/STM32CubeIDE/plugins/com.st.stm32cube.ide.mcu.externaltools.gnu-tools-for-stm32.13.3.rel1.win32_1.0.0.202411081344/tools/bin/../lib/gcc/arm-none-eabi/13.3.1/../../../../arm-none-eabi/lib/thumb/v7e-m+dp/hard\libm.a(libm_a-math_err.o)
                0x0800a1c0                __math_uflow
 .text.__math_oflow
                0x0800a1d0       0x10 C:/ST/STM32CubeIDE_1.18.1/STM32CubeIDE/plugins/com.st.stm32cube.ide.mcu.externaltools.gnu-tools-for-stm32.13.3.rel1.win32_1.0.0.202411081344/tools/bin/../lib/gcc/arm-none-eabi/13.3.1/../../../../arm-none-eabi/lib/thumb/v7e-m+dp/hard\libm.a(libm_a-math_err.o)
                0x0800a1d0                __math_oflow
 .text.__math_divzero
                0x0800a1e0       0x30 C:/ST/STM32CubeIDE_1.18.1/STM32CubeIDE/plugins/com.st.stm32cube.ide.mcu.externaltools.gnu-tools-for-stm32.13.3.rel1.win32_1.0.0.202411081344/tools/bin/../lib/gcc/arm-none-eabi/13.3.1/../../../../arm-none-eabi/lib/thumb/v7e-m+dp/hard\libm.a(libm_a-math_err.o)
                0x0800a1e0                __math_divzero
 .text.__math_invalid
                0x0800a210       0x1e C:/ST/STM32CubeIDE_1.18.1/STM32CubeIDE/plugins/com.st.stm32cube.ide.mcu.externaltools.gnu-tools-for-stm32.13.3.rel1.win32_1.0.0.202411081344/tools/bin/../lib/gcc/arm-none-eabi/13.3.1/../../../../arm-none-eabi/lib/thumb/v7e-m+dp/hard\libm.a(libm_a-math_err.o)
                0x0800a210                __math_invalid
 .text.__math_check_uflow
                0x0800a22e       0x12 C:/ST/STM32CubeIDE_1.18.1/STM32CubeIDE/plugins/com.st.stm32cube.ide.mcu.externaltools.gnu-tools-for-stm32.13.3.rel1.win32_1.0.0.202411081344/tools/bin/../lib/gcc/arm-none-eabi/13.3.1/../../../../arm-none-eabi/lib/thumb/v7e-m+dp/hard\libm.a(libm_a-math_err.o)
                0x0800a22e                __math_check_uflow
 .text.__math_check_oflow
                0x0800a240       0x28 C:/ST/STM32CubeIDE_1.18.1/STM32CubeIDE/plugins/com.st.stm32cube.ide.mcu.externaltools.gnu-tools-for-stm32.13.3.rel1.win32_1.0.0.202411081344/tools/bin/../lib/gcc/arm-none-eabi/13.3.1/../../../../arm-none-eabi/lib/thumb/v7e-m+dp/hard\libm.a(libm_a-math_err.o)
                0x0800a240                __math_check_oflow
 *(.glue_7)
 .glue_7        0x0800a268        0x0 linker stubs
 *(.glue_7t)
 .glue_7t       0x0800a268        0x0 linker stubs
 *(.eh_frame)
 .eh_frame      0x0800a268        0x0 C:/ST/STM32CubeIDE_1.18.1/STM32CubeIDE/plugins/com.st.stm32cube.ide.mcu.externaltools.gnu-tools-for-stm32.13.3.rel1.win32_1.0.0.202411081344/tools/bin/../lib/gcc/arm-none-eabi/13.3.1/thumb/v7e-m+dp/hard/crtbegin.o
 *(.init)
 .init          0x0800a268        0x4 C:/ST/STM32CubeIDE_1.18.1/STM32CubeIDE/plugins/com.st.stm32cube.ide.mcu.externaltools.gnu-tools-for-stm32.13.3.rel1.win32_1.0.0.202411081344/tools/bin/../lib/gcc/arm-none-eabi/13.3.1/thumb/v7e-m+dp/hard/crti.o
                0x0800a268                _init
 .init          0x0800a26c        0x8 C:/ST/STM32CubeIDE_1.18.1/STM32CubeIDE/plugins/com.st.stm32cube.ide.mcu.externaltools.gnu-tools-for-stm32.13.3.rel1.win32_1.0.0.202411081344/tools/bin/../lib/gcc/arm-none-eabi/13.3.1/thumb/v7e-m+dp/hard/crtn.o
 *(.fini)
 .fini          0x0800a274        0x4 C:/ST/STM32CubeIDE_1.18.1/STM32CubeIDE/plugins/com.st.stm32cube.ide.mcu.externaltools.gnu-tools-for-stm32.13.3.rel1.win32_1.0.0.202411081344/tools/bin/../lib/gcc/arm-none-eabi/13.3.1/thumb/v7e-m+dp/hard/crti.o
                0x0800a274                _fini
 .fini          0x0800a278        0x8 C:/ST/STM32CubeIDE_1.18.1/STM32CubeIDE/plugins/com.st.stm32cube.ide.mcu.externaltools.gnu-tools-for-stm32.13.3.rel1.win32_1.0.0.202411081344/tools/bin/../lib/gcc/arm-none-eabi/13.3.1/thumb/v7e-m+dp/hard/crtn.o
                0x0800a280                        . = ALIGN (0x4)
                0x0800a280                        _etext = .

.vfp11_veneer   0x0800a280        0x0
 .vfp11_veneer  0x0800a280        0x0 linker stubs

.v4_bx          0x0800a280        0x0
 .v4_bx         0x0800a280        0x0 linker stubs

.iplt           0x0800a280        0x0
 .iplt          0x0800a280        0x0 C:/ST/STM32CubeIDE_1.18.1/STM32CubeIDE/plugins/com.st.stm32cube.ide.mcu.externaltools.gnu-tools-for-stm32.13.3.rel1.win32_1.0.0.202411081344/tools/bin/../lib/gcc/arm-none-eabi/13.3.1/thumb/v7e-m+dp/hard/crtbegin.o

.rodata         0x0800a280     0x1d28
                0x0800a280                        . = ALIGN (0x4)
 *(.rodata)
 .rodata        0x0800a280       0x54 ./Core/Src/main.o
 *(.rodata*)
 .rodata.UBX_CFG_PRT
                0x0800a2d4       0x1c ./Core/Src/M9N.o
                0x0800a2d4                UBX_CFG_PRT
 .rodata.UBX_CFG_MSG
                0x0800a2f0       0x10 ./Core/Src/M9N.o
                0x0800a2f0                UBX_CFG_MSG
 .rodata.UBX_CFG_RATE
                0x0800a300        0xe ./Core/Src/M9N.o
                0x0800a300                UBX_CFG_RATE
 *fill*         0x0800a30e        0x2 
 .rodata.UBX_CFG_CFG
                0x0800a310       0x15 ./Core/Src/M9N.o
                0x0800a310                UBX_CFG_CFG
 *fill*         0x0800a325        0x3 
 .rodata.D1CorePrescTable
                0x0800a328       0x10 ./Core/Src/system_stm32h7xx.o
                0x0800a328                D1CorePrescTable
 .rodata.LL_RCC_PrescTable
                0x0800a338       0x10 ./Drivers/STM32H7xx_HAL_Driver/Src/stm32h7xx_ll_rcc.o
                0x0800a338                LL_RCC_PrescTable
 .rodata.USART_PRESCALER_TAB
                0x0800a348       0x30 ./Drivers/STM32H7xx_HAL_Driver/Src/stm32h7xx_ll_usart.o
 .rodata._printf_float.str1.1
                0x0800a378      0x171 C:/ST/STM32CubeIDE_1.18.1/STM32CubeIDE/plugins/com.st.stm32cube.ide.mcu.externaltools.gnu-tools-for-stm32.13.3.rel1.win32_1.0.0.202411081344/tools/bin/../lib/gcc/arm-none-eabi/13.3.1/../../../../arm-none-eabi/lib/thumb/v7e-m+dp/hard\libc_nano.a(libc_a-nano-vfprintf_float.o)
                                 0x12 (size before relaxing)
 .rodata._printf_i.str1.1
                0x0800a4e9       0x22 C:/ST/STM32CubeIDE_1.18.1/STM32CubeIDE/plugins/com.st.stm32cube.ide.mcu.externaltools.gnu-tools-for-stm32.13.3.rel1.win32_1.0.0.202411081344/tools/bin/../lib/gcc/arm-none-eabi/13.3.1/../../../../arm-none-eabi/lib/thumb/v7e-m+dp/hard\libc_nano.a(libc_a-nano-vfprintf_i.o)
 .rodata._dtoa_r.str1.1
                0x0800a4e9       0x8f C:/ST/STM32CubeIDE_1.18.1/STM32CubeIDE/plugins/com.st.stm32cube.ide.mcu.externaltools.gnu-tools-for-stm32.13.3.rel1.win32_1.0.0.202411081344/tools/bin/../lib/gcc/arm-none-eabi/13.3.1/../../../../arm-none-eabi/lib/thumb/v7e-m+dp/hard\libc_nano.a(libc_a-dtoa.o)
 .rodata._Balloc.str1.1
                0x0800a4e9       0x70 C:/ST/STM32CubeIDE_1.18.1/STM32CubeIDE/plugins/com.st.stm32cube.ide.mcu.externaltools.gnu-tools-for-stm32.13.3.rel1.win32_1.0.0.202411081344/tools/bin/../lib/gcc/arm-none-eabi/13.3.1/../../../../arm-none-eabi/lib/thumb/v7e-m+dp/hard\libc_nano.a(libc_a-mprec.o)
 .rodata.__multadd.str1.1
                0x0800a4e9       0x11 C:/ST/STM32CubeIDE_1.18.1/STM32CubeIDE/plugins/com.st.stm32cube.ide.mcu.externaltools.gnu-tools-for-stm32.13.3.rel1.win32_1.0.0.202411081344/tools/bin/../lib/gcc/arm-none-eabi/13.3.1/../../../../arm-none-eabi/lib/thumb/v7e-m+dp/hard\libc_nano.a(libc_a-mprec.o)
 *fill*         0x0800a4e9        0x3 
 .rodata.p05.0  0x0800a4ec        0xc C:/ST/STM32CubeIDE_1.18.1/STM32CubeIDE/plugins/com.st.stm32cube.ide.mcu.externaltools.gnu-tools-for-stm32.13.3.rel1.win32_1.0.0.202411081344/tools/bin/../lib/gcc/arm-none-eabi/13.3.1/../../../../arm-none-eabi/lib/thumb/v7e-m+dp/hard\libc_nano.a(libc_a-mprec.o)
 .rodata.__mprec_bigtens
                0x0800a4f8       0x28 C:/ST/STM32CubeIDE_1.18.1/STM32CubeIDE/plugins/com.st.stm32cube.ide.mcu.externaltools.gnu-tools-for-stm32.13.3.rel1.win32_1.0.0.202411081344/tools/bin/../lib/gcc/arm-none-eabi/13.3.1/../../../../arm-none-eabi/lib/thumb/v7e-m+dp/hard\libc_nano.a(libc_a-mprec.o)
                0x0800a4f8                __mprec_bigtens
 .rodata.__mprec_tens
                0x0800a520       0xc8 C:/ST/STM32CubeIDE_1.18.1/STM32CubeIDE/plugins/com.st.stm32cube.ide.mcu.externaltools.gnu-tools-for-stm32.13.3.rel1.win32_1.0.0.202411081344/tools/bin/../lib/gcc/arm-none-eabi/13.3.1/../../../../arm-none-eabi/lib/thumb/v7e-m+dp/hard\libc_nano.a(libc_a-mprec.o)
                0x0800a520                __mprec_tens
 .rodata._vfprintf_r.str1.1
                0x0800a5e8       0x11 C:/ST/STM32CubeIDE_1.18.1/STM32CubeIDE/plugins/com.st.stm32cube.ide.mcu.externaltools.gnu-tools-for-stm32.13.3.rel1.win32_1.0.0.202411081344/tools/bin/../lib/gcc/arm-none-eabi/13.3.1/../../../../arm-none-eabi/lib/thumb/v7e-m+dp/hard\libc_nano.a(libc_a-nano-vfprintf.o)
 .rodata._setlocale_r.str1.1
                0x0800a5e8        0x9 C:/ST/STM32CubeIDE_1.18.1/STM32CubeIDE/plugins/com.st.stm32cube.ide.mcu.externaltools.gnu-tools-for-stm32.13.3.rel1.win32_1.0.0.202411081344/tools/bin/../lib/gcc/arm-none-eabi/13.3.1/../../../../arm-none-eabi/lib/thumb/v7e-m+dp/hard\libc_nano.a(libc_a-locale.o)
 .rodata.str1.1
                0x0800a5e8        0x2 C:/ST/STM32CubeIDE_1.18.1/STM32CubeIDE/plugins/com.st.stm32cube.ide.mcu.externaltools.gnu-tools-for-stm32.13.3.rel1.win32_1.0.0.202411081344/tools/bin/../lib/gcc/arm-none-eabi/13.3.1/../../../../arm-none-eabi/lib/thumb/v7e-m+dp/hard\libc_nano.a(libc_a-locale.o)
 .rodata.__assert_func.str1.1
                0x0800a5e8       0x3d C:/ST/STM32CubeIDE_1.18.1/STM32CubeIDE/plugins/com.st.stm32cube.ide.mcu.externaltools.gnu-tools-for-stm32.13.3.rel1.win32_1.0.0.202411081344/tools/bin/../lib/gcc/arm-none-eabi/13.3.1/../../../../arm-none-eabi/lib/thumb/v7e-m+dp/hard\libc_nano.a(libc_a-assert.o)
 .rodata._ctype_
                0x0800a5e8      0x101 C:/ST/STM32CubeIDE_1.18.1/STM32CubeIDE/plugins/com.st.stm32cube.ide.mcu.externaltools.gnu-tools-for-stm32.13.3.rel1.win32_1.0.0.202411081344/tools/bin/../lib/gcc/arm-none-eabi/13.3.1/../../../../arm-none-eabi/lib/thumb/v7e-m+dp/hard\libc_nano.a(libc_a-ctype_.o)
                0x0800a5e8                _ctype_
 *fill*         0x0800a6e9        0x7 
 .rodata.__pow_log_data
                0x0800a6f0     0x1048 C:/ST/STM32CubeIDE_1.18.1/STM32CubeIDE/plugins/com.st.stm32cube.ide.mcu.externaltools.gnu-tools-for-stm32.13.3.rel1.win32_1.0.0.202411081344/tools/bin/../lib/gcc/arm-none-eabi/13.3.1/../../../../arm-none-eabi/lib/thumb/v7e-m+dp/hard\libm.a(libm_a-pow_log_data.o)
                0x0800a6f0                __pow_log_data
 .rodata.__exp_data