Archive member included to satisfy reference by file (symbol)

C:/ST/STM32CubeIDE_1.18.1/STM32CubeIDE/plugins/com.st.stm32cube.ide.mcu.externaltools.gnu-tools-for-stm32.13.3.rel1.win32_1.0.0.202411081344/tools/bin/../lib/gcc/arm-none-eabi/13.3.1/../../../../arm-none-eabi/lib/thumb/v7e-m+dp/hard\libc_nano.a(libc_a-exit.o)
                              C:/ST/STM32CubeIDE_1.18.1/STM32CubeIDE/plugins/com.st.stm32cube.ide.mcu.externaltools.gnu-tools-for-stm32.13.3.rel1.win32_1.0.0.202411081344/tools/bin/../lib/gcc/arm-none-eabi/13.3.1/../../../../arm-none-eabi/lib/thumb/v7e-m+dp/hard/crt0.o (exit)
C:/ST/STM32CubeIDE_1.18.1/STM32CubeIDE/plugins/com.st.stm32cube.ide.mcu.externaltools.gnu-tools-for-stm32.13.3.rel1.win32_1.0.0.202411081344/tools/bin/../lib/gcc/arm-none-eabi/13.3.1/../../../../arm-none-eabi/lib/thumb/v7e-m+dp/hard\libc_nano.a(libc_a-nano-vfprintf_float.o)
                              (_printf_float)
C:/ST/STM32CubeIDE_1.18.1/STM32CubeIDE/plugins/com.st.stm32cube.ide.mcu.externaltools.gnu-tools-for-stm32.13.3.rel1.win32_1.0.0.202411081344/tools/bin/../lib/gcc/arm-none-eabi/13.3.1/../../../../arm-none-eabi/lib/thumb/v7e-m+dp/hard\libc_nano.a(libc_a-nano-vfprintf_i.o)
                              C:/ST/STM32CubeIDE_1.18.1/STM32CubeIDE/plugins/com.st.stm32cube.ide.mcu.externaltools.gnu-tools-for-stm32.13.3.rel1.win32_1.0.0.202411081344/tools/bin/../lib/gcc/arm-none-eabi/13.3.1/../../../../arm-none-eabi/lib/thumb/v7e-m+dp/hard\libc_nano.a(libc_a-nano-vfprintf_float.o) (_printf_common)
C:/ST/STM32CubeIDE_1.18.1/STM32CubeIDE/plugins/com.st.stm32cube.ide.mcu.externaltools.gnu-tools-for-stm32.13.3.rel1.win32_1.0.0.202411081344/tools/bin/../lib/gcc/arm-none-eabi/13.3.1/../../../../arm-none-eabi/lib/thumb/v7e-m+dp/hard\libc_nano.a(libc_a-findfp.o)
                              C:/ST/STM32CubeIDE_1.18.1/STM32CubeIDE/plugins/com.st.stm32cube.ide.mcu.externaltools.gnu-tools-for-stm32.13.3.rel1.win32_1.0.0.202411081344/tools/bin/../lib/gcc/arm-none-eabi/13.3.1/../../../../arm-none-eabi/lib/thumb/v7e-m+dp/hard\libc_nano.a(libc_a-exit.o) (__stdio_exit_handler)
C:/ST/STM32CubeIDE_1.18.1/STM32CubeIDE/plugins/com.st.stm32cube.ide.mcu.externaltools.gnu-tools-for-stm32.13.3.rel1.win32_1.0.0.202411081344/tools/bin/../lib/gcc/arm-none-eabi/13.3.1/../../../../arm-none-eabi/lib/thumb/v7e-m+dp/hard\libc_nano.a(libc_a-fwalk.o)
                              C:/ST/STM32CubeIDE_1.18.1/STM32CubeIDE/plugins/com.st.stm32cube.ide.mcu.externaltools.gnu-tools-for-stm32.13.3.rel1.win32_1.0.0.202411081344/tools/bin/../lib/gcc/arm-none-eabi/13.3.1/../../../../arm-none-eabi/lib/thumb/v7e-m+dp/hard\libc_nano.a(libc_a-findfp.o) (_fwalk_sglue)
C:/ST/STM32CubeIDE_1.18.1/STM32CubeIDE/plugins/com.st.stm32cube.ide.mcu.externaltools.gnu-tools-for-stm32.13.3.rel1.win32_1.0.0.202411081344/tools/bin/../lib/gcc/arm-none-eabi/13.3.1/../../../../arm-none-eabi/lib/thumb/v7e-m+dp/hard\libc_nano.a(libc_a-printf.o)
                              ./Core/Src/main.o (printf)
C:/ST/STM32CubeIDE_1.18.1/STM32CubeIDE/plugins/com.st.stm32cube.ide.mcu.externaltools.gnu-tools-for-stm32.13.3.rel1.win32_1.0.0.202411081344/tools/bin/../lib/gcc/arm-none-eabi/13.3.1/../../../../arm-none-eabi/lib/thumb/v7e-m+dp/hard\libc_nano.a(libc_a-stdio.o)
                              C:/ST/STM32CubeIDE_1.18.1/STM32CubeIDE/plugins/com.st.stm32cube.ide.mcu.externaltools.gnu-tools-for-stm32.13.3.rel1.win32_1.0.0.202411081344/tools/bin/../lib/gcc/arm-none-eabi/13.3.1/../../../../arm-none-eabi/lib/thumb/v7e-m+dp/hard\libc_nano.a(libc_a-findfp.o) (__sread)
C:/ST/STM32CubeIDE_1.18.1/STM32CubeIDE/plugins/com.st.stm32cube.ide.mcu.externaltools.gnu-tools-for-stm32.13.3.rel1.win32_1.0.0.202411081344/tools/bin/../lib/gcc/arm-none-eabi/13.3.1/../../../../arm-none-eabi/lib/thumb/v7e-m+dp/hard\libc_nano.a(libc_a-memset.o)
                              C:/ST/STM32CubeIDE_1.18.1/STM32CubeIDE/plugins/com.st.stm32cube.ide.mcu.externaltools.gnu-tools-for-stm32.13.3.rel1.win32_1.0.0.202411081344/tools/bin/../lib/gcc/arm-none-eabi/13.3.1/../../../../arm-none-eabi/lib/thumb/v7e-m+dp/hard/crt0.o (memset)
C:/ST/STM32CubeIDE_1.18.1/STM32CubeIDE/plugins/com.st.stm32cube.ide.mcu.externaltools.gnu-tools-for-stm32.13.3.rel1.win32_1.0.0.202411081344/tools/bin/../lib/gcc/arm-none-eabi/13.3.1/../../../../arm-none-eabi/lib/thumb/v7e-m+dp/hard\libc_nano.a(libc_a-localeconv.o)
                              C:/ST/STM32CubeIDE_1.18.1/STM32CubeIDE/plugins/com.st.stm32cube.ide.mcu.externaltools.gnu-tools-for-stm32.13.3.rel1.win32_1.0.0.202411081344/tools/bin/../lib/gcc/arm-none-eabi/13.3.1/../../../../arm-none-eabi/lib/thumb/v7e-m+dp/hard\libc_nano.a(libc_a-nano-vfprintf_float.o) (_localeconv_r)
C:/ST/STM32CubeIDE_1.18.1/STM32CubeIDE/plugins/com.st.stm32cube.ide.mcu.externaltools.gnu-tools-for-stm32.13.3.rel1.win32_1.0.0.202411081344/tools/bin/../lib/gcc/arm-none-eabi/13.3.1/../../../../arm-none-eabi/lib/thumb/v7e-m+dp/hard\libc_nano.a(libc_a-closer.o)
[...]
Memory Configuration

Name             Origin             Length             Attributes
FLASH            0x08000000         0x00200000         xr
DTCMRAM          0x20000000         0x00020000         xrw
RAM_D1           0x24000000         0x00080000         xrw
RAM_D2           0x30000000         0x00048000         xrw
RAM_D3           0x38000000         0x00010000         xrw
ITCMRAM          0x00000000         0x00010000         xrw
*default*        0x00000000         0xffffffff

Linker script and memory map

LOAD C:/ST/STM32CubeIDE_1.18.1/STM32CubeIDE/plugins/com.st.stm32cube.ide.mcu.externaltools.gnu-tools-for-stm32.13.3.rel1.win32_1.0.0.202411081344/tools/bin/../lib/gcc/arm-none-eabi/13.3.1/thumb/v7e-m+dp/hard/crti.o
LOAD C:/ST/STM32CubeIDE_1.18.1/STM32CubeIDE/plugins/com.st.stm32cube.ide.mcu.externaltools.gnu-tools-for-stm32.13.3.rel1.win32_1.0.0.202411081344/tools/bin/../lib/gcc/arm-none-eabi/13.3.1/thumb/v7e-m+dp/hard/crtbegin.o
LOAD C:/ST/STM32CubeIDE_1.18.1/STM32CubeIDE/plugins/com.st.stm32cube.ide.mcu.externaltools.gnu-tools-for-stm32.13.3.rel1.win32_1.0.0.202411081344/tools/bin/../lib/gcc/arm-none-eabi/13.3.1/../../../../arm-none-eabi/lib/thumb/v7e-m+dp/hard/crt0.o
LOAD ./Core/Src/BMI088.o
LOAD ./Core/Src/CRSF.o
LOAD ./Core/Src/IBUS.o
LOAD ./Core/Src/ICM42688P.o
LOAD ./Core/Src/ICM45686.o
LOAD ./Core/Src/ICP20100.o
LOAD ./Core/Src/M9N.o
LOAD ./Core/Src/MS5611.o
LOAD ./Core/Src/PID.o
LOAD ./Core/Src/SBUS.o
LOAD ./Core/Src/ekf_imu.o
LOAD ./Core/Src/gpio.o
LOAD ./Core/Src/i2c.o
LOAD ./Core/Src/main.o
LOAD ./Core/Src/memorymap.o
LOAD ./Core/Src/spi.o
LOAD ./Core/Src/stm32h7xx_hal_msp.o
LOAD ./Core/Src/stm32h7xx_it.o
LOAD ./Core/Src/syscalls.o
LOAD ./Core/Src/sysmem.o
LOAD ./Core/Src/system_stm32h7xx.o
LOAD ./Core/Src/tim.o
LOAD ./Core/Src/usart.o
LOAD ./Core/Src/usb_otg.o
LOAD ./Core/Startup/startup_stm32h743vitx.o
LOAD ./Drivers/STM32H7xx_HAL_Driver/Src/stm32h7xx_hal.o
LOAD ./Drivers/STM32H7xx_HAL_Driver/Src/stm32h7xx_hal_cortex.o
LOAD ./Drivers/STM32H7xx_HAL_Driver/Src/stm32h7xx_hal_dma.o
LOAD ./Drivers/STM32H7xx_HAL_Driver/Src/stm32h7xx_hal_dma_ex.o
LOAD ./Drivers/STM32H7xx_HAL_Driver/Src/stm32h7xx_hal_exti.o
LOAD ./Drivers/STM32H7xx_HAL_Driver/Src/stm32h7xx_hal_flash.o
LOAD ./Drivers/STM32H7xx_HAL_Driver/Src/stm32h7xx_hal_flash_ex.o
LOAD ./Drivers/STM32H7xx_HAL_Driver/Src/stm32h7xx_hal_gpio.o
LOAD ./Drivers/STM32H7xx_HAL_Driver/Src/stm32h7xx_hal_hsem.o
LOAD ./Drivers/STM32H7xx_HAL_Driver/Src/stm32h7xx_hal_i2c.o
LOAD ./Drivers/STM32H7xx_HAL_Driver/Src/stm32h7xx_hal_i2c_ex.o
LOAD ./Drivers/STM32H7xx_HAL_Driver/Src/stm32h7xx_hal_mdma.o
LOAD ./Drivers/STM32H7xx_HAL_Driver/Src/stm32h7xx_hal_pwr.o
LOAD ./Drivers/STM32H7xx_HAL_Driver/Src/stm32h7xx_hal_pwr_ex.o
LOAD ./Drivers/STM32H7xx_HAL_Driver/Src/stm32h7xx_hal_rcc.o
LOAD ./Drivers/STM32H7xx_HAL_Driver/Src/stm32h7xx_hal_rcc_ex.o
LOAD ./Drivers/STM32H7xx_HAL_Driver/Src/stm32h7xx_ll_bdma.o
LOAD ./Drivers/STM32H7xx_HAL_Driver/Src/stm32h7xx_ll_dma.o
LOAD ./Drivers/STM32H7xx_HAL_Driver/Src/stm32h7xx_ll_exti.o
LOAD ./Drivers/STM32H7xx_HAL_Driver/Src/stm32h7xx_ll_gpio.o
LOAD ./Drivers/STM32H7xx_HAL_Driver/Src/stm32h7xx_ll_rcc.o
LOAD ./Drivers/STM32H7xx_HAL_Driver/Src/stm32h7xx_ll_spi.o
LOAD ./Drivers/STM32H7xx_HAL_Driver/Src/stm32h7xx_ll_tim.o
LOAD ./Drivers/STM32H7xx_HAL_Driver/Src/stm32h7xx_ll_usart.o
LOAD ./Drivers/STM32H7xx_HAL_Driver/Src/stm32h7xx_ll_utils.o
START GROUP
LOAD C:/ST/STM32CubeIDE_1.18.1/STM32CubeIDE/plugins/com.st.stm32cube.ide.mcu.externaltools.gnu-tools-for-stm32.13.3.rel1.win32_1.0.0.202411081344/tools/bin/../lib/gcc/arm-none-eabi/13.3.1/../../../../arm-none-eabi/lib/thumb/v7e-m+dp/hard\libc_nano.a
LOAD C:/ST/STM32CubeIDE_1.18.1/STM32CubeIDE/plugins/com.st.stm32cube.ide.mcu.externaltools.gnu-tools-for-stm32.13.3.rel1.win32_1.0.0.202411081344/tools/bin/../lib/gcc/arm-none-eabi/13.3.1/../../../../arm-none-eabi/lib/thumb/v7e-m+dp/hard\libm.a
END GROUP
START GROUP
LOAD C:/ST/STM32CubeIDE_1.18.1/STM32CubeIDE/plugins/com.st.stm32cube.ide.mcu.externaltools.gnu-tools-for-stm32.13.3.rel1.win32_1.0.0.202411081344/tools/bin/../lib/gcc/arm-none-eabi/13.3.1/thumb/v7e-m+dp/hard\libgcc.a
LOAD C:/ST/STM32CubeIDE_1.18.1/STM32CubeIDE/plugins/com.st.stm32cube.ide.mcu.externaltools.gnu-tools-for-stm32.13.3.rel1.win32_1.0.0.202411081344/tools/bin/../lib/gcc/arm-none-eabi/13.3.1/../../../../arm-none-eabi/lib/thumb/v7e-m+dp/hard\libc_nano.a
END GROUP
START GROUP
LOAD C:/ST/STM32CubeIDE_1.18.1/STM32CubeIDE/plugins/com.st.stm32cube.ide.mcu.externaltools.gnu-tools-for-stm32.13.3.rel1.win32_1.0.0.202411081344/tools/bin/../lib/gcc/arm-none-eabi/13.3.1/thumb/v7e-m+dp/hard\libgcc.a
LOAD C:/ST/STM32CubeIDE_1.18.1/STM32CubeIDE/plugins/com.st.stm32cube.ide.mcu.externaltools.gnu-tools-for-stm32.13.3.rel1.win32_1.0.0.202411081344/tools/bin/../lib/gcc/arm-none-eabi/13.3.1/../../../../arm-none-eabi/lib/thumb/v7e-m+dp/hard\libc_nano.a
LOAD C:/ST/STM32CubeIDE_1.18.1/STM32CubeIDE/plugins/com.st.stm32cube.ide.mcu.externaltools.gnu-tools-for-stm32.13.3.rel1.win32_1.0.0.202411081344/tools/bin/../lib/gcc/arm-none-eabi/13.3.1/../../../../arm-none-eabi/lib/thumb/v7e-m+dp/hard\libnosys.a
END GROUP
START GROUP
LOAD C:/ST/STM32CubeIDE_1.18.1/STM32CubeIDE/plugins/com.st.stm32cube.ide.mcu.externaltools.gnu-tools-for-stm32.13.3.rel1.win32_1.0.0.202411081344/tools/bin/../lib/gcc/arm-none-eabi/13.3.1/thumb/v7e-m+dp/hard\libgcc.a
LOAD C:/ST/STM32CubeIDE_1.18.1/STM32CubeIDE/plugins/com.st.stm32cube.ide.mcu.externaltools.gnu-tools-for-stm32.13.3.rel1.win32_1.0.0.202411081344/tools/bin/../lib/gcc/arm-none-eabi/13.3.1/../../../../arm-none-eabi/lib/thumb/v7e-m+dp/hard\libc_nano.a
LOAD C:/ST/STM32CubeIDE_1.18.1/STM32CubeIDE/plugins/com.st.stm32cube.ide.mcu.externaltools.gnu-tools-for-stm32.13.3.rel1.win32_1.0.0.202411081344/tools/bin/../lib/gcc/arm-none-eabi/13.3.1/../../../../arm-none-eabi/lib/thumb/v7e-m+dp/hard\libnosys.a
END GROUP
LOAD C:/ST/STM32CubeIDE_1.18.1/STM32CubeIDE/plugins/com.st.stm32cube.ide.mcu.externaltools.gnu-tools-for-stm32.13.3.rel1.win32_1.0.0.202411081344/tools/bin/../lib/gcc/arm-none-eabi/13.3.1/thumb/v7e-m+dp/hard/crtend.o
LOAD C:/ST/STM32CubeIDE_1.18.1/STM32CubeIDE/plugins/com.st.stm32cube.ide.mcu.externaltools.gnu-tools-for-stm32.13.3.rel1.win32_1.0.0.202411081344/tools/bin/../lib/gcc/arm-none-eabi/13.3.1/thumb/v7e-m+dp/hard/crtn.o
                0x24080000                        _estack = (ORIGIN (RAM_D1) + LENGTH (RAM_D1))
                0x00000200                        _Min_Heap_Size = 0x200
                0x00000400                        _Min_Stack_Size = 0x400

.isr_vector     0x08000000      0x298
                0x08000000                        . = ALIGN (0x4)
 *(.isr_vector)
 .isr_vector    0x08000000      0x298 ./Core/Startup/startup_stm32h743vitx.o
                0x08000000                g_pfnVectors
                0x08000298                        . = ALIGN (0x4)

.text           0x080002a0     0xc4c0
                0x080002a0                        . = ALIGN (0x4)
 *(.text)
 .text          0x080002a0       0x40 C:/ST/STM32CubeIDE_1.18.1/STM32CubeIDE/plugins/com.st.stm32cube.ide.mcu.externaltools.gnu-tools-for-stm32.13.3.rel1.win32_1.0.0.202411081344/tools/bin/../lib/gcc/arm-none-eabi/13.3.1/thumb/v7e-m+dp/hard/crtbegin.o
 .text          0x080002e0       0xa0 C:/ST/STM32CubeIDE_1.18.1/STM32CubeIDE/plugins/com.st.stm32cube.ide.mcu.externaltools.gnu-tools-for-stm32.13.3.rel1.win32_1.0.0.202411081344/tools/bin/../lib/gcc/arm-none-eabi/13.3.1/../../../../arm-none-eabi/lib/thumb/v7e-m+dp/hard\libc_nano.a(libc_a-memchr.o)
                0x080002e0                memchr
 .text          0x08000380       0x10 C:/ST/STM32CubeIDE_1.18.1/STM32CubeIDE/plugins/com.st.stm32cube.ide.mcu.externaltools.gnu-tools-for-stm32.13.3.rel1.win32_1.0.0.202411081344/tools/bin/../lib/gcc/arm-none-eabi/13.3.1/../../../../arm-none-eabi/lib/thumb/v7e-m+dp/hard\libc_nano.a(libc_a-strlen.o)
                0x08000380                strlen
 .text          0x08000390      0x21c C:/ST/STM32CubeIDE_1.18.1/STM32CubeIDE/plugins/com.st.stm32cube.ide.mcu.externaltools.gnu-tools-for-stm32.13.3.rel1.win32_1.0.0.202411081344/tools/bin/../lib/gcc/arm-none-eabi/13.3.1/thumb/v7e-m+dp/hard\libgcc.a(_arm_addsubsf3.o)
                0x08000390                __aeabi_frsub
                0x08000398                __subsf3
                0x08000398                __aeabi_fsub
                0x0800039c                __aeabi_fadd
                0x0800039c                __addsf3
                0x080004fc                __aeabi_ui2f
                0x080004fc                __floatunsisf
                0x08000504                __aeabi_i2f
                0x08000504                __floatsisf
                0x08000520                __aeabi_ul2f
                0x08000520                __floatundisf
                0x08000530                __aeabi_l2f
                0x08000530                __floatdisf
 *(.text*)
 .text.LL_RCC_SetClockSource
                0x080005ac       0x54 ./Core/Src/BMI088.o
 .text.LL_RCC_SetSPIClockSource
                0x08000600       0x16 ./Core/Src/BMI088.o
 *fill*         0x08000616        0x2 
 .text.LL_AHB4_GRP1_EnableClock
                0x08000618       0x38 ./Core/Src/BMI088.o
 .text.LL_APB2_GRP1_EnableClock
                0x08000650       0x38 ./Core/Src/BMI088.o
 .text.LL_SPI_Enable
                0x08000688       0x20 ./Core/Src/BMI088.o
 .text.LL_SPI_SetStandard
                0x080006a8       0x26 ./Core/Src/BMI088.o
 .text.LL_SPI_SetFIFOThreshold
                0x080006ce       0x26 ./Core/Src/BMI088.o
 .text.LL_SPI_EnableNSSPulseMgt
                0x080006f4       0x20 ./Core/Src/BMI088.o
 .text.LL_SPI_IsActiveFlag_TXC
                0x08000714       0x28 ./Core/Src/BMI088.o
 .text.LL_SPI_IsActiveFlag_RXWNE
                0x0800073c       0x28 ./Core/Src/BMI088.o
 .text.LL_SPI_ReceiveData8
                0x08000764       0x1c ./Core/Src/BMI088.o
 .text.LL_SPI_TransmitData8
                0x08000780       0x20 ./Core/Src/BMI088.o
 .text.LL_GPIO_IsInputPinSet
                0x080007a0       0x2a ./Core/Src/BMI088.o
 .text.LL_GPIO_SetOutputPin
                0x080007ca       0x1c ./Core/Src/BMI088.o
 .text.LL_GPIO_ResetOutputPin
                0x080007e6       0x1e ./Core/Src/BMI088.o
 .text.BMI088_SPI_GPIO_Initialization
                0x08000804      0x184 ./Core/Src/BMI088.o
                0x08000804                BMI088_SPI_GPIO_Initialization
 .text.BMI088_Transmit_Receive
                0x08000988       0x44 ./Core/Src/BMI088.o
 .text.BMI088_Read_Buffer
                0x080009cc       0x52 ./Core/Src/BMI088.o
                0x080009cc                BMI088_Read_Buffer
 .text.BMI088_Writebyte
                0x08000a1e       0x2c ./Core/Src/BMI088.o
                0x08000a1e                BMI088_Writebyte
 .text.BMI088_Initialization
                0x08000a4a       0x8c ./Core/Src/BMI088.o
                0x08000a4a                BMI088_Initialization
 *fill*         0x08000ad6        0x2 
 .text.BMI088_Get3AxisAccelRawData
                0x08000ad8       0x74 ./Core/Src/BMI088.o
                0x08000ad8                BMI088_Get3AxisAccelRawData
 .text.BMI088_Get3AxisGyroRawData
                0x08000b4c       0x74 ./Core/Src/BMI088.o
                0x08000b4c                BMI088_Get3AxisGyroRawData
 .text.BMI088_TempRawData
                0x08000bc0       0x48 ./Core/Src/BMI088.o
                0x08000bc0                BMI088_TempRawData
 .text.BMI088_Calculate_Accel_Temp
                0x08000c08       0xc0 ./Core/Src/BMI088.o
                0x08000c08                BMI088_Calculate_Accel_Temp
 .text.BMI088_Calculate_Gyro
                0x08000cc8       0x90 ./Core/Src/BMI088.o
                0x08000cc8                BMI088_Calculate_Gyro
 .text.BMI088_DataReady_ACCEL
                0x08000d58       0x18 ./Core/Src/BMI088.o
                0x08000d58                BMI088_DataReady_ACCEL
 .text.BMI088_DataReady_GYRO
                0x08000d70       0x18 ./Core/Src/BMI088.o
                0x08000d70                BMI088_DataReady_GYRO
 .text.IBUS_Check_CHKSUM
                0x08000d88       0x6a ./Core/Src/IBUS.o
                0x08000d88                IBUS_Check_CHKSUM
 .text.IBUS_Parsing
                0x08000df2       0xfc ./Core/Src/IBUS.o
                0x08000df2                IBUS_Parsing
 .text.IBUS_isActiveFailsafe
                0x08000eee       0x22 ./Core/Src/IBUS.o
                0x08000eee                IBUS_isActiveFailsafe
 .text.LL_RCC_SetClockSource
                0x08000f10       0x54 ./Core/Src/ICM42688P.o
 .text.LL_RCC_SetSPIClockSource
                0x08000f64       0x16 ./Core/Src/ICM42688P.o
 *fill*         0x08000f7a        0x2 
 .text.LL_AHB4_GRP1_EnableClock
                0x08000f7c       0x38 ./Core/Src/ICM42688P.o
 .text.LL_APB2_GRP1_EnableClock
                0x08000fb4       0x38 ./Core/Src/ICM42688P.o
 .text.LL_SPI_Enable
                0x08000fec       0x20 ./Core/Src/ICM42688P.o
 .text.LL_SPI_SetStandard
                0x0800100c       0x26 ./Core/Src/ICM42688P.o
 .text.LL_SPI_SetFIFOThreshold
                0x08001032       0x26 ./Core/Src/ICM42688P.o
 .text.LL_SPI_EnableNSSPulseMgt
                0x08001058       0x20 ./Core/Src/ICM42688P.o
 .text.LL_SPI_IsActiveFlag_TXC
                0x08001078       0x28 ./Core/Src/ICM42688P.o
 .text.LL_SPI_IsActiveFlag_RXWNE
                0x080010a0       0x28 ./Core/Src/ICM42688P.o
 .text.LL_SPI_ReceiveData8
                0x080010c8       0x1c ./Core/Src/ICM42688P.o
 .text.LL_SPI_TransmitData8
                0x080010e4       0x20 ./Core/Src/ICM42688P.o
 .text.LL_GPIO_IsInputPinSet
                0x08001104       0x2a ./Core/Src/ICM42688P.o
 .text.LL_GPIO_SetOutputPin
                0x0800112e       0x1c ./Core/Src/ICM42688P.o
 .text.LL_GPIO_ResetOutputPin
                0x0800114a       0x1e ./Core/Src/ICM42688P.o
 .text.ICM42688P_SPI_GPIO_Initialization
                0x08001168      0x110 ./Core/Src/ICM42688P.o
                0x08001168                ICM42688P_SPI_GPIO_Initialization
 .text.ICM42688P_Transmit_Receive
                0x08001278       0x44 ./Core/Src/ICM42688P.o
 .text.ICM42688P_Read_Buffer
                0x080012bc       0x60 ./Core/Src/ICM42688P.o
                0x080012bc                ICM42688P_Read_Buffer
 .text.ICM42688P_Writebyte
                0x0800131c       0x48 ./Core/Src/ICM42688P.o
                0x0800131c                ICM42688P_Writebyte
 .text.ICM42688P_Initialization
                0x08001364       0x54 ./Core/Src/ICM42688P.o
                0x08001364                ICM42688P_Initialization
 .text.ICM42688P_Get6AxisRawData
                0x080013b8       0xa0 ./Core/Src/ICM42688P.o
                0x080013b8                ICM42688P_Get6AxisRawData
 .text.ICM42688P_TempRawData
                0x08001458       0x32 ./Core/Src/ICM42688P.o
                0x08001458                ICM42688P_TempRawData
 *fill*         0x0800148a        0x2 
 .text.ICM42688P_Calculate_Accel_Gyro_Temp
                0x0800148c      0x134 ./Core/Src/ICM42688P.o
                0x0800148c                ICM42688P_Calculate_Accel_Gyro_Temp
 .text.ICM42688P_DataReady
                0x080015c0       0x18 ./Core/Src/ICM42688P.o
                0x080015c0                ICM42688P_DataReady
 .text.LL_RCC_SetClockSource
                0x080015d8       0x54 ./Core/Src/ICM45686.o
 .text.LL_RCC_SetSPIClockSource
                0x0800162c       0x16 ./Core/Src/ICM45686.o
 *fill*         0x08001642        0x2 
 .text.LL_AHB4_GRP1_EnableClock
                0x08001644       0x38 ./Core/Src/ICM45686.o
 .text.LL_APB2_GRP1_EnableClock
                0x0800167c       0x38 ./Core/Src/ICM45686.o
 .text.LL_SPI_Enable
                0x080016b4       0x20 ./Core/Src/ICM45686.o
 .text.LL_SPI_SetStandard
                0x080016d4       0x26 ./Core/Src/ICM45686.o
 .text.LL_SPI_SetFIFOThreshold
                0x080016fa       0x26 ./Core/Src/ICM45686.o
 .text.LL_SPI_EnableNSSPulseMgt
                0x08001720       0x20 ./Core/Src/ICM45686.o
 .text.LL_SPI_IsActiveFlag_TXC
                0x08001740       0x28 ./Core/Src/ICM45686.o
 .text.LL_SPI_IsActiveFlag_RXWNE
                0x08001768       0x28 ./Core/Src/ICM45686.o
 .text.LL_SPI_ReceiveData8
                0x08001790       0x1c ./Core/Src/ICM45686.o
 .text.LL_SPI_TransmitData8
                0x080017ac       0x20 ./Core/Src/ICM45686.o
 .text.LL_GPIO_IsInputPinSet
                0x080017cc       0x2a ./Core/Src/ICM45686.o
 .text.LL_GPIO_SetOutputPin
                0x080017f6       0x1c ./Core/Src/ICM45686.o
 .text.LL_GPIO_ResetOutputPin
                0x08001812       0x1e ./Core/Src/ICM45686.o
 .text.ICM45686_SPI_GPIO_Initialization
                0x08001830      0x110 ./Core/Src/ICM45686.o
                0x08001830                ICM45686_SPI_GPIO_Initialization
 .text.ICM45686_Transmit_Receive
                0x08001940       0x44 ./Core/Src/ICM45686.o
 .text.ICM45686_Read_Buffer
                0x08001984       0x60 ./Core/Src/ICM45686.o
                0x08001984                ICM45686_Read_Buffer
 .text.ICM45686_Writebyte
                0x080019e4       0x48 ./Core/Src/ICM45686.o
                0x080019e4                ICM45686_Writebyte
 .text.ICM45686_Initialization
                0x08001a2c       0x54 ./Core/Src/ICM45686.o
                0x08001a2c                ICM45686_Initialization
 .text.ICM45686_Get6AxisRawData
                0x08001a80       0xa0 ./Core/Src/ICM45686.o
                0x08001a80                ICM45686_Get6AxisRawData
 .text.ICM45686_TempRawData
                0x08001b20       0x32 ./Core/Src/ICM45686.o
                0x08001b20                ICM45686_TempRawData
 *fill*         0x08001b52        0x2 
 .text.ICM45686_Calculate_Accel_Gyro_Temp
                0x08001b54      0x134 ./Core/Src/ICM45686.o
                0x08001b54                ICM45686_Calculate_Accel_Gyro_Temp
 .text.ICM45686_DataReady
                0x08001c88       0x18 ./Core/Src/ICM45686.o
                0x08001c88                ICM45686_DataReady
 .text.LL_RCC_SetClockSource
                0x08001ca0       0x54 ./Core/Src/ICP20100.o
 .text.LL_RCC_SetSPIClockSource
                0x08001cf4       0x16 ./Core/Src/ICP20100.o
 *fill*         0x08001d0a        0x2 
 .text.LL_AHB4_GRP1_EnableClock
                0x08001d0c       0x38 ./Core/Src/ICP20100.o
 .text.LL_APB2_GRP1_EnableClock
                0x08001d44       0x38 ./Core/Src/ICP20100.o
 .text.LL_SPI_Enable
                0x08001d7c       0x20 ./Core/Src/ICP20100.o
 .text.LL_SPI_SetStandard
                0x08001d9c       0x26 ./Core/Src/ICP20100.o
 .text.LL_SPI_SetFIFOThreshold
                0x08001dc2       0x26 ./Core/Src/ICP20100.o
 .text.LL_SPI_EnableNSSPulseMgt
                0x08001de8       0x20 ./Core/Src/ICP20100.o
 .text.LL_SPI_IsActiveFlag_TXC
                0x08001e08       0x28 ./Core/Src/ICP20100.o
 .text.LL_SPI_IsActiveFlag_RXWNE
                0x08001e30       0x28 ./Core/Src/ICP20100.o
 .text.LL_SPI_ReceiveData8
                0x08001e58       0x1c ./Core/Src/ICP20100.o
 .text.LL_SPI_TransmitData8
                0x08001e74       0x20 ./Core/Src/ICP20100.o
 .text.LL_GPIO_IsInputPinSet
                0x08001e94       0x2a ./Core/Src/ICP20100.o
 .text.LL_GPIO_SetOutputPin
                0x08001ebe       0x1c ./Core/Src/ICP20100.o
 .text.LL_GPIO_ResetOutputPin
                0x08001eda       0x1e ./Core/Src/ICP20100.o
 .text.ICP20100_SPI_GPIO_Initialization
                0x08001ef8      0x10c ./Core/Src/ICP20100.o
                0x08001ef8                ICP20100_SPI_GPIO_Initialization
 .text.IPC20100_Transmit_Receive
                0x08002004       0x44 ./Core/Src/ICP20100.o
 .text.ICP20100_Read_Buffer
                0x08002048       0x5c ./Core/Src/ICP20100.o
                0x08002048                ICP20100_Read_Buffer
 .text.ICP20100_Initialization
                0x080020a4        0xe ./Core/Src/ICP20100.o
                0x080020a4                ICP20100_Initialization
 .text.ICP20100_Get_Raw_Pressure_And_Temp
                0x080020b2       0x26 ./Core/Src/ICP20100.o
                0x080020b2                ICP20100_Get_Raw_Pressure_And_Temp
 .text.ICP20100_DataReady
                0x080020d8       0x18 ./Core/Src/ICP20100.o
                0x080020d8                ICP20100_DataReady
 .text.LL_USART_IsActiveFlag_TXE_TXFNF
                0x080020f0       0x26 ./Core/Src/M9N.o
 .text.LL_USART_TransmitData8
                0x08002116       0x1e ./Core/Src/M9N.o
 .text.M9N_TransmitData_USART6
                0x08002134       0x4c ./Core/Src/M9N.o
                0x08002134                M9N_TransmitData_USART6
 .text.UBX_NAV_POSLLH_Parsing
                0x08002180      0x162 ./Core/Src/M9N.o
                0x08002180                UBX_NAV_POSLLH_Parsing
 .text.UBX_Check_CHKSUM
                0x080022e2       0x74 ./Core/Src/M9N.o
                0x080022e2                UBX_Check_CHKSUM
 *fill*         0x08002356        0x2 
 .text.M9N_Initialization
                0x08002358       0x54 ./Core/Src/M9N.o
                0x08002358                M9N_Initialization
 .text.M9N_USART6_Initialization
                0x080023ac        0xe ./Core/Src/M9N.o
                0x080023ac                M9N_USART6_Initialization
 *fill*         0x080023ba        0x2 
 .text.LL_RCC_SetClockSource
                0x080023bc       0x54 ./Core/Src/MS5611.o
 .text.LL_RCC_SetSPIClockSource
                0x08002410       0x16 ./Core/Src/MS5611.o
 *fill*         0x08002426        0x2 
 .text.LL_AHB4_GRP1_EnableClock
                0x08002428       0x38 ./Core/Src/MS5611.o
 .text.LL_APB1_GRP1_EnableClock
                0x08002460       0x38 ./Core/Src/MS5611.o
 .text.LL_SPI_Enable
                0x08002498       0x20 ./Core/Src/MS5611.o
 .text.LL_SPI_SetStandard
                0x080024b8       0x26 ./Core/Src/MS5611.o
 .text.LL_SPI_SetFIFOThreshold
                0x080024de       0x26 ./Core/Src/MS5611.o
 .text.LL_SPI_EnableNSSPulseMgt
                0x08002504       0x20 ./Core/Src/MS5611.o
 .text.LL_SPI_IsActiveFlag_TXC
                0x08002524       0x28 ./Core/Src/MS5611.o
 .text.LL_SPI_IsActiveFlag_RXWNE
                0x0800254c       0x28 ./Core/Src/MS5611.o
 .text.LL_SPI_ReceiveData8
                0x08002574       0x1c ./Core/Src/MS5611.o
 .text.LL_SPI_TransmitData8
                0x08002590       0x20 ./Core/Src/MS5611.o
 .text.LL_GPIO_SetOutputPin
                0x080025b0       0x1c ./Core/Src/MS5611.o
 .text.LL_GPIO_ResetOutputPin
                0x080025cc       0x1e ./Core/Src/MS5611.o
 *fill*         0x080025ea        0x2 
 .text.MS5611_SPI_GPIO_Initialization
                0x080025ec       0xfc ./Core/Src/MS5611.o
                0x080025ec                MS5611_SPI_GPIO_Initialization
 .text.MS5611_Transmit_Receive
                0x080026e8       0x44 ./Core/Src/MS5611.o
 .text.MS5611_Read_Buffer
                0x0800272c       0x60 ./Core/Src/MS5611.o
                0x0800272c                MS5611_Read_Buffer
 .text.MS5611_Writebyte
                0x0800278c       0x48 ./Core/Src/MS5611.o
                0x0800278c                MS5611_Writebyte
 .text.MS5611_Read_Factory_Calibrated_Data
                0x080027d4       0xba ./Core/Src/MS5611.o
                0x080027d4                MS5611_Read_Factory_Calibrated_Data
 *fill*         0x0800288e        0x2 
 .text.MS5611_Initialization
                0x08002890       0x18 ./Core/Src/MS5611.o
                0x08002890                MS5611_Initialization
 .text.MS5611_Get_Raw_Pressure
                0x080028a8       0x3e ./Core/Src/MS5611.o
                0x080028a8                MS5611_Get_Raw_Pressure
 .text.MS5611_Get_Raw_Temperature
                0x080028e6       0x3e ./Core/Src/MS5611.o
                0x080028e6                MS5611_Get_Raw_Temperature
 .text.MS5611_Calculate_Temperature
                0x08002924      0x4dc ./Core/Src/MS5611.o
                0x08002924                MS5611_Calculate_Temperature
 .text.MS5611_Calculate_Temperature_Compensated_Pressure
                0x08002e00      0x210 ./Core/Src/MS5611.o
                0x08002e00                MS5611_Calculate_Temperature_Compensated_Pressure
 .text.MS5611_Get_Altitude
                0x08003010       0x68 ./Core/Src/MS5611.o
                0x08003010                MS5611_Get_Altitude
 .text.PIDController_Init
                0x08003078       0x3c ./Core/Src/PID.o
                0x08003078                PIDController_Init
 .text.PIDController_Init_All
                0x080030b4       0x44 ./Core/Src/PID.o
                0x080030b4                PIDController_Init_All
 .text.PIDController_Init_Constants
                0x080030f8       0xb0 ./Core/Src/PID.o
                0x080030f8                PIDController_Init_Constants
 .text.Double_Loop_PID_Calculation
                0x080031a8      0x274 ./Core/Src/PID.o
                0x080031a8                Double_Loop_PID_Calculation
 .text.Single_Loop_Heading_PID_Calculation
                0x0800341c      0x134 ./Core/Src/PID.o
                0x0800341c                Single_Loop_Heading_PID_Calculation
 .text.Single_Loop_Rate_PID_Calculation
                0x08003550       0xec ./Core/Src/PID.o
                0x08003550                Single_Loop_Rate_PID_Calculation
 .text.Reset_PID_Integral
                0x0800363c       0x1c ./Core/Src/PID.o
                0x0800363c                Reset_PID_Integral
 .text.Reset_All_PID_Integral
                0x08003658       0x44 ./Core/Src/PID.o
                0x08003658                Reset_All_PID_Integral
 .text.normalize_quat
                0x0800369c       0xa0 ./Core/Src/ekf_imu.o
 .text.quat_predict
                0x0800373c      0x1c8 ./Core/Src/ekf_imu.o
 .text.init_identity_matrix
                0x08003904       0x4a ./Core/Src/ekf_imu.o
 *fill*         0x0800394e        0x2 
 .text.ekf_init
                0x08003950       0x6c ./Core/Src/ekf_imu.o
                0x08003950                ekf_init
 .text.ekf_predict
                0x080039bc       0xa0 ./Core/Src/ekf_imu.o
                0x080039bc                ekf_predict
 .text.ekf_update_accel
                0x08003a5c      0x84c ./Core/Src/ekf_imu.o
                0x08003a5c                ekf_update_accel
 .text.get_quaternion
                0x080042a8       0x40 ./Core/Src/ekf_imu.o
                0x080042a8                get_quaternion
 .text.quaternion_to_euler_deg
                0x080042e8      0x150 ./Core/Src/ekf_imu.o
                0x080042e8                quaternion_to_euler_deg
 .text.LL_AHB4_GRP1_EnableClock
                0x08004438       0x38 ./Core/Src/gpio.o
 .text.LL_GPIO_ResetOutputPin
                0x08004470       0x1e ./Core/Src/gpio.o
 *fill*         0x0800448e        0x2 
 .text.MX_GPIO_Init
                0x08004490      0x16c ./Core/Src/gpio.o
                0x08004490                MX_GPIO_Init
 .text.LL_RCC_SetClockSource
                0x080045fc       0x54 ./Core/Src/i2c.o
 .text.LL_RCC_SetI2CClockSource
                0x08004650       0x16 ./Core/Src/i2c.o
 *fill*         0x08004666        0x2 
 .text.MX_I2C3_Init
                0x08004668       0x80 ./Core/Src/i2c.o
                0x08004668                MX_I2C3_Init
 .text.MX_I2C4_Init
                0x080046e8       0x80 ./Core/Src/i2c.o
                0x080046e8                MX_I2C4_Init
 .text.HAL_I2C_MspInit
                0x08004768      0x160 ./Core/Src/i2c.o
                0x08004768                HAL_I2C_MspInit
 .text.LL_RCC_HSE_EnableCSS
                0x080048c8       0x20 ./Core/Src/main.o
 .text.LL_RCC_HSE_Enable
                0x080048e8       0x20 ./Core/Src/main.o
 .text.LL_RCC_HSE_IsReady
                0x08004908       0x28 ./Core/Src/main.o
 .text.LL_RCC_HSI48_Enable
                0x08004930       0x20 ./Core/Src/main.o
 .text.LL_RCC_HSI48_IsReady
                0x08004950       0x28 ./Core/Src/main.o
 .text.LL_RCC_SetSysClkSource
                0x08004978       0x28 ./Core/Src/main.o
 .text.LL_RCC_GetSysClkSource
                0x080049a0       0x1c ./Core/Src/main.o
 .text.LL_RCC_SetSysPrescaler
                0x080049bc       0x28 ./Core/Src/main.o
 .text.LL_RCC_SetAHBPrescaler
                0x080049e4       0x28 ./Core/Src/main.o
 .text.LL_RCC_SetAPB1Prescaler
                0x08004a0c       0x28 ./Core/Src/main.o
 .text.LL_RCC_SetAPB2Prescaler
                0x08004a34       0x28 ./Core/Src/main.o
 .text.LL_RCC_SetAPB3Prescaler
                0x08004a5c       0x28 ./Core/Src/main.o
 .text.LL_RCC_SetAPB4Prescaler
                0x08004a84       0x28 ./Core/Src/main.o
 .text.LL_RCC_PLL_SetSource
                0x08004aac       0x28 ./Core/Src/main.o
 .text.LL_RCC_PLL1_Enable
                0x08004ad4       0x20 ./Core/Src/main.o
 .text.LL_RCC_PLL1_IsReady
                0x08004af4       0x28 ./Core/Src/main.o
 .text.LL_RCC_PLL1P_Enable
                0x08004b1c       0x20 ./Core/Src/main.o
 .text.LL_RCC_PLL1R_Enable
                0x08004b3c       0x20 ./Core/Src/main.o
 .text.LL_RCC_PLL1_SetVCOOutputRange
                0x08004b5c       0x2c ./Core/Src/main.o
 .text.LL_RCC_PLL1_SetVCOInputRange
                0x08004b88       0x2c ./Core/Src/main.o
 .text.LL_RCC_PLL1_SetN
                0x08004bb4       0x30 ./Core/Src/main.o
 .text.LL_RCC_PLL1_SetM
                0x08004be4       0x2c ./Core/Src/main.o
 .text.LL_RCC_PLL1_SetP
                0x08004c10       0x2c ./Core/Src/main.o
 .text.LL_RCC_PLL1_SetQ
                0x08004c3c       0x2c ./Core/Src/main.o
 .text.LL_RCC_PLL1_SetR
                0x08004c68       0x2c ./Core/Src/main.o
 .text.LL_RCC_PLL3_Enable
                0x08004c94       0x20 ./Core/Src/main.o
 .text.LL_RCC_PLL3_IsReady
                0x08004cb4       0x28 ./Core/Src/main.o
 .text.LL_RCC_PLL3P_Enable
                0x08004cdc       0x20 ./Core/Src/main.o
 .text.LL_RCC_PLL3_SetVCOOutputRange
                0x08004cfc       0x2c ./Core/Src/main.o
 .text.LL_RCC_PLL3_SetVCOInputRange
                0x08004d28       0x2c ./Core/Src/main.o
 .text.LL_RCC_PLL3_SetN
                0x08004d54       0x30 ./Core/Src/main.o
 .text.LL_RCC_PLL3_SetM
                0x08004d84       0x2c ./Core/Src/main.o
 .text.LL_RCC_PLL3_SetP
                0x08004db0       0x2c ./Core/Src/main.o
 .text.LL_RCC_PLL3_SetQ
                0x08004ddc       0x2c ./Core/Src/main.o
 .text.LL_RCC_PLL3_SetR
                0x08004e08       0x2c ./Core/Src/main.o
 .text.LL_FLASH_SetLatency
                0x08004e34       0x28 ./Core/Src/main.o
 .text.LL_FLASH_GetLatency
                0x08004e5c       0x1c ./Core/Src/main.o
 .text.LL_MPU_Enable
                0x08004e78       0x30 ./Core/Src/main.o
 .text.LL_MPU_Disable
                0x08004ea8       0x20 ./Core/Src/main.o
 .text.LL_MPU_ConfigRegion
                0x08004ec8       0x40 ./Core/Src/main.o
 .text.LL_PWR_ConfigSupply
                0x08004f08       0x28 ./Core/Src/main.o
 .text.LL_PWR_SetRegulVoltageScaling
                0x08004f30       0x28 ./Core/Src/main.o
 .text.LL_PWR_IsActiveFlag_VOS
                0x08004f58       0x28 ./Core/Src/main.o
 .text.LL_TIM_EnableCounter
                0x08004f80       0x20 ./Core/Src/main.o
 .text.LL_TIM_EnableIT_UPDATE
                0x08004fa0       0x20 ./Core/Src/main.o
 .text.LL_USART_IsActiveFlag_TXE_TXFNF
                0x08004fc0       0x26 ./Core/Src/main.o
 .text.LL_USART_EnableIT_RXNE_RXFNE
                0x08004fe6       0x42 ./Core/Src/main.o
 .text.LL_USART_TransmitData8
                0x08005028       0x1e ./Core/Src/main.o
 *fill*         0x08005046        0x2 
 .text._write   0x08005048       0x4c ./Core/Src/main.o
                0x08005048                _write
 *fill*         0x08005094        0x4 
 .text.main     0x08005098      0x914 ./Core/Src/main.o
                0x08005098                main
 .text.SystemClock_Config
                0x080059ac       0xfc ./Core/Src/main.o
                0x080059ac                SystemClock_Config
 .text.PeriphCommonClock_Config
                0x08005aa8       0x48 ./Core/Src/main.o
                0x08005aa8                PeriphCommonClock_Config
 .text.SEND_DATA_UART
                0x08005af0       0xd4 ./Core/Src/main.o
                0x08005af0                SEND_DATA_UART
 .text.Is_Data_Received
                0x08005bc4       0x40 ./Core/Src/main.o
                0x08005bc4                Is_Data_Received
 .text.Is_Throttle_Min
                0x08005c04       0x4c ./Core/Src/main.o
                0x08005c04                Is_Throttle_Min
 .text.MPU_Config
                0x08005c50       0x24 ./Core/Src/main.o
 .text.Error_Handler
                0x08005c74        0xc ./Core/Src/main.o
                0x08005c74                Error_Handler
 .text.LL_RCC_SetClockSource
                0x08005c80       0x54 ./Core/Src/spi.o
 .text.LL_RCC_SetSPIClockSource
                0x08005cd4       0x16 ./Core/Src/spi.o
 *fill*         0x08005cea        0x2 
 .text.LL_AHB4_GRP1_EnableClock
                0x08005cec       0x38 ./Core/Src/spi.o
 .text.LL_APB1_GRP1_EnableClock
                0x08005d24       0x38 ./Core/Src/spi.o
 .text.LL_APB2_GRP1_EnableClock
                0x08005d5c       0x38 ./Core/Src/spi.o
 .text.LL_APB4_GRP1_EnableClock
                0x08005d94       0x38 ./Core/Src/spi.o
 .text.LL_SPI_SetStandard
                0x08005dcc       0x26 ./Core/Src/spi.o
 .text.LL_SPI_SetFIFOThreshold
                0x08005df2       0x26 ./Core/Src/spi.o
 .text.LL_SPI_EnableNSSPulseMgt
                0x08005e18       0x20 ./Core/Src/spi.o
 .text.MX_SPI1_Init
                0x08005e38       0xbc ./Core/Src/spi.o
                0x08005e38                MX_SPI1_Init
 .text.MX_SPI2_Init
                0x08005ef4       0xc0 ./Core/Src/spi.o
                0x08005ef4                MX_SPI2_Init
 .text.MX_SPI3_Init
                0x08005fb4       0xc0 ./Core/Src/spi.o
                0x08005fb4                MX_SPI3_Init
 .text.MX_SPI4_Init
                0x08006074       0xc0 ./Core/Src/spi.o
                0x08006074                MX_SPI4_Init
 .text.MX_SPI6_Init
                0x08006134       0xbc ./Core/Src/spi.o
                0x08006134                MX_SPI6_Init
 .text.HAL_MspInit
                0x080061f0       0x34 ./Core/Src/stm32h7xx_hal_msp.o
                0x080061f0                HAL_MspInit
 .text.LL_TIM_ClearFlag_UPDATE
                0x08006224       0x1c ./Core/Src/stm32h7xx_it.o
 .text.LL_TIM_IsActiveFlag_UPDATE
                0x08006240       0x26 ./Core/Src/stm32h7xx_it.o
 .text.LL_USART_IsActiveFlag_RXNE_RXFNE
                0x08006266       0x26 ./Core/Src/stm32h7xx_it.o
 .text.LL_USART_IsActiveFlag_TXE_TXFNF
                0x0800628c       0x26 ./Core/Src/stm32h7xx_it.o
 .text.LL_USART_ReceiveData8
                0x080062b2       0x1a ./Core/Src/stm32h7xx_it.o
 .text.LL_USART_TransmitData8
                0x080062cc       0x1e ./Core/Src/stm32h7xx_it.o
 .text.NMI_Handler
                0x080062ea        0x8 ./Core/Src/stm32h7xx_it.o
                0x080062ea                NMI_Handler
 .text.HardFault_Handler
                0x080062f2        0x8 ./Core/Src/stm32h7xx_it.o
                0x080062f2                HardFault_Handler
 .text.MemManage_Handler
                0x080062fa        0x8 ./Core/Src/stm32h7xx_it.o
                0x080062fa                MemManage_Handler
 .text.BusFault_Handler
                0x08006302        0x8 ./Core/Src/stm32h7xx_it.o
                0x08006302                BusFault_Handler
 .text.UsageFault_Handler
                0x0800630a        0x8 ./Core/Src/stm32h7xx_it.o
                0x0800630a                UsageFault_Handler
 .text.SVC_Handler
                0x08006312        0xe ./Core/Src/stm32h7xx_it.o
                0x08006312                SVC_Handler
 .text.DebugMon_Handler
                0x08006320        0xe ./Core/Src/stm32h7xx_it.o
                0x08006320                DebugMon_Handler
 .text.PendSV_Handler
                0x0800632e        0xe ./Core/Src/stm32h7xx_it.o
                0x0800632e                PendSV_Handler
 .text.SysTick_Handler
                0x0800633c        0xc ./Core/Src/stm32h7xx_it.o
                0x0800633c                SysTick_Handler
 .text.USART2_IRQHandler
                0x08006348       0x54 ./Core/Src/stm32h7xx_it.o
                0x08006348                USART2_IRQHandler
 .text.USART3_IRQHandler
                0x0800639c        0xe ./Core/Src/stm32h7xx_it.o
                0x0800639c                USART3_IRQHandler
 *fill*         0x080063aa        0x2 
 .text.UART4_IRQHandler
                0x080063ac       0xd4 ./Core/Src/stm32h7xx_it.o
                0x080063ac                UART4_IRQHandler
 .text.TIM7_IRQHandler
                0x08006480       0x48 ./Core/Src/stm32h7xx_it.o
                0x08006480                TIM7_IRQHandler
 .text.USART6_IRQHandler
                0x080064c8       0xd4 ./Core/Src/stm32h7xx_it.o
                0x080064c8                USART6_IRQHandler
 .text._getpid  0x0800659c       0x10 ./Core/Src/syscalls.o
                0x0800659c                _getpid
 .text._kill    0x080065ac       0x20 ./Core/Src/syscalls.o
                0x080065ac                _kill
 .text._exit    0x080065cc       0x16 ./Core/Src/syscalls.o
                0x080065cc                _exit
 .text._read    0x080065e2       0x3a ./Core/Src/syscalls.o
                0x080065e2                _read
 .text._close   0x0800661c       0x18 ./Core/Src/syscalls.o
                0x0800661c                _close
 .text._fstat   0x08006634       0x20 ./Core/Src/syscalls.o
                0x08006634                _fstat
 .text._isatty  0x08006654       0x16 ./Core/Src/syscalls.o
                0x08006654                _isatty
 .text._lseek   0x0800666a       0x1a ./Core/Src/syscalls.o
                0x0800666a                _lseek
 .text._sbrk    0x08006684       0x6c ./Core/Src/sysmem.o
                0x08006684                _sbrk
 .text.SystemInit
                0x080066f0      0x140 ./Core/Src/system_stm32h7xx.o
                0x080066f0                SystemInit
 .text.ExitRun0Mode
                0x08006830       0x30 ./Core/Src/system_stm32h7xx.o
                0x08006830                ExitRun0Mode
 .text.__NVIC_GetPriorityGrouping
                0x08006860       0x1c ./Core/Src/tim.o
 .text.__NVIC_EnableIRQ
                0x0800687c       0x3c ./Core/Src/tim.o
 .text.__NVIC_SetPriority
                0x080068b8       0x54 ./Core/Src/tim.o
 .text.NVIC_EncodePriority
                0x0800690c       0x66 ./Core/Src/tim.o
 *fill*         0x08006972        0x2 
 .text.LL_APB1_GRP1_EnableClock
                0x08006974       0x38 ./Core/Src/tim.o
 .text.LL_TIM_EnableARRPreload
                0x080069ac       0x20 ./Core/Src/tim.o
 .text.LL_TIM_SetTriggerOutput
                0x080069cc       0x26 ./Core/Src/tim.o
 .text.LL_TIM_DisableMasterSlaveMode
                0x080069f2       0x20 ./Core/Src/tim.o
 *fill*         0x08006a12        0x2 
 .text.MX_TIM7_Init
                0x08006a14       0x74 ./Core/Src/tim.o
                0x08006a14                MX_TIM7_Init
 .text.__NVIC_GetPriorityGrouping
                0x08006a88       0x1c ./Core/Src/usart.o
 .text.__NVIC_EnableIRQ
                0x08006aa4       0x3c ./Core/Src/usart.o
 .text.__NVIC_SetPriority
                0x08006ae0       0x54 ./Core/Src/usart.o
 .text.NVIC_EncodePriority
                0x08006b34       0x66 ./Core/Src/usart.o
 *fill*         0x08006b9a        0x2 
 .text.LL_RCC_SetClockSource
                0x08006b9c       0x54 ./Core/Src/usart.o
 .text.LL_RCC_SetUSARTClockSource
                0x08006bf0       0x16 ./Core/Src/usart.o
 *fill*         0x08006c06        0x2 
 .text.LL_AHB4_GRP1_EnableClock
                0x08006c08       0x38 ./Core/Src/usart.o
 .text.LL_APB1_GRP1_EnableClock
                0x08006c40       0x38 ./Core/Src/usart.o
 .text.LL_APB2_GRP1_EnableClock
                0x08006c78       0x38 ./Core/Src/usart.o
 .text.LL_USART_Enable
                0x08006cb0       0x20 ./Core/Src/usart.o
 .text.LL_USART_DisableFIFO
                0x08006cd0       0x20 ./Core/Src/usart.o
 .text.LL_USART_SetTXFIFOThreshold
                0x08006cf0       0x4e ./Core/Src/usart.o
 .text.LL_USART_SetRXFIFOThreshold
                0x08006d3e       0x4e ./Core/Src/usart.o
 .text.LL_USART_ConfigAsyncMode
                0x08006d8c       0x2c ./Core/Src/usart.o
 .text.LL_USART_IsActiveFlag_TEACK
                0x08006db8       0x28 ./Core/Src/usart.o
 .text.LL_USART_IsActiveFlag_REACK
                0x08006de0       0x28 ./Core/Src/usart.o
 .text.MX_UART4_Init
                0x08006e08       0xfc ./Core/Src/usart.o
                0x08006e08                MX_UART4_Init
 .text.MX_USART2_UART_Init
                0x08006f04       0xfc ./Core/Src/usart.o
                0x08006f04                MX_USART2_UART_Init
 .text.MX_USART3_UART_Init
                0x08007000       0xfc ./Core/Src/usart.o
                0x08007000                MX_USART3_UART_Init
 .text.MX_USART6_UART_Init
                0x080070fc       0xf8 ./Core/Src/usart.o
                0x080070fc                MX_USART6_UART_Init
 .text.MX_USB_OTG_FS_USB_Init
                0x080071f4        0xe ./Core/Src/usb_otg.o
                0x080071f4                MX_USB_OTG_FS_USB_Init
 *fill*         0x08007202        0x2 
 .text.Reset_Handler
                0x08007204       0x54 ./Core/Startup/startup_stm32h743vitx.o
                0x08007204                Reset_Handler
 .text.Default_Handler
                0x08007258        0x2 ./Core/Startup/startup_stm32h743vitx.o
                0x08007258                RTC_Alarm_IRQHandler
                0x08007258                EXTI2_IRQHandler
                0x08007258                TIM8_CC_IRQHandler
                0x08007258                HRTIM1_Master_IRQHandler
                0x08007258                UART8_IRQHandler
                0x08007258                SPI4_IRQHandler
                0x08007258                TIM1_CC_IRQHandler
                0x08007258                BDMA_Channel6_IRQHandler
                0x08007258                DMA2_Stream5_IRQHandler
                0x08007258                HRTIM1_FLT_IRQHandler
                0x08007258                JPEG_IRQHandler
                0x08007258                DMA1_Stream5_IRQHandler
                0x08007258                BDMA_Channel1_IRQHandler
                0x08007258                HRTIM1_TIMD_IRQHandler
                0x08007258                TAMP_STAMP_IRQHandler
                0x08007258                EXTI3_IRQHandler
                0x08007258                LPTIM4_IRQHandler
                0x08007258                TIM8_TRG_COM_TIM14_IRQHandler
                0x08007258                LPTIM2_IRQHandler
                0x08007258                DFSDM1_FLT1_IRQHandler
                0x08007258                DMAMUX2_OVR_IRQHandler
                0x08007258                TIM8_UP_TIM13_IRQHandler
                0x08007258                I2C3_ER_IRQHandler
                0x08007258                DFSDM1_FLT2_IRQHandler
                0x08007258                MDMA_IRQHandler
                0x08007258                LPTIM3_IRQHandler
                0x08007258                HSEM1_IRQHandler
                0x08007258                EXTI0_IRQHandler
                0x08007258                I2C2_EV_IRQHandler
                0x08007258                DMA1_Stream2_IRQHandler
                0x08007258                FPU_IRQHandler
                0x08007258                OTG_HS_WKUP_IRQHandler
                0x08007258                FDCAN1_IT1_IRQHandler
                0x08007258                LTDC_ER_IRQHandler
                0x08007258                DMA2_Stream2_IRQHandler
                0x08007258                HRTIM1_TIME_IRQHandler
                0x08007258                SPI1_IRQHandler
                0x08007258                TIM6_DAC_IRQHandler
                0x08007258                DCMI_IRQHandler
                0x08007258                HRTIM1_TIMC_IRQHandler
                0x08007258                DMA2_Stream3_IRQHandler
                0x08007258                SAI2_IRQHandler
                0x08007258                DFSDM1_FLT3_IRQHandler
                0x08007258                TIM17_IRQHandler
                0x08007258                BDMA_Channel7_IRQHandler
                0x08007258                LPTIM5_IRQHandler
                0x08007258                UART5_IRQHandler
                0x08007258                ADC3_IRQHandler
                0x08007258                DMA2_Stream0_IRQHandler
                0x08007258                TIM4_IRQHandler
                0x08007258                BDMA_Channel2_IRQHandler
                0x08007258                QUADSPI_IRQHandler
                0x08007258                I2C1_EV_IRQHandler
                0x08007258                DMA1_Stream6_IRQHandler
                0x08007258                DMAMUX1_OVR_IRQHandler
                0x08007258                DMA1_Stream1_IRQHandler
                0x08007258                TIM16_IRQHandler
                0x08007258                BDMA_Channel5_IRQHandler
                0x08007258                TIM3_IRQHandler
                0x08007258                RCC_IRQHandler
                0x08007258                TIM8_BRK_TIM12_IRQHandler
                0x08007258                TIM1_TRG_COM_IRQHandler
                0x08007258                Default_Handler
                0x08007258                ECC_IRQHandler
                0x08007258                CEC_IRQHandler
                0x08007258                EXTI15_10_IRQHandler
                0x08007258                BDMA_Channel0_IRQHandler
                0x08007258                ADC_IRQHandler
                0x08007258                DMA1_Stream7_IRQHandler
                0x08007258                HRTIM1_TIMA_IRQHandler
                0x08007258                SPI5_IRQHandler
                0x08007258                SDMMC1_IRQHandler
                0x08007258                TIM5_IRQHandler
                0x08007258                DMA2_Stream7_IRQHandler
                0x08007258                TIM15_IRQHandler
                0x08007258                PVD_AVD_IRQHandler
                0x08007258                I2C3_EV_IRQHandler
                0x08007258                EXTI9_5_IRQHandler
                0x08007258                RTC_WKUP_IRQHandler
                0x08007258                LTDC_IRQHandler
                0x08007258                SAI3_IRQHandler
                0x08007258                ETH_WKUP_IRQHandler
                0x08007258                SPDIF_RX_IRQHandler
                0x08007258                SPI2_IRQHandler
                0x08007258                OTG_HS_EP1_IN_IRQHandler
                0x08007258                DMA1_Stream0_IRQHandler
                0x08007258                CRS_IRQHandler
                0x08007258                EXTI4_IRQHandler
                0x08007258                RNG_IRQHandler
                0x08007258                HRTIM1_TIMB_IRQHandler
                0x08007258                FDCAN2_IT1_IRQHandler
                0x08007258                ETH_IRQHandler
                0x08007258                TIM1_UP_IRQHandler
                0x08007258                BDMA_Channel4_IRQHandler
                0x08007258                OTG_HS_EP1_OUT_IRQHandler
                0x08007258                WWDG_IRQHandler
                0x08007258                SPI6_IRQHandler
                0x08007258                MDIOS_IRQHandler
                0x08007258                I2C4_EV_IRQHandler
                0x08007258                FDCAN2_IT0_IRQHandler
                0x08007258                LPUART1_IRQHandler
                0x08007258                FDCAN1_IT0_IRQHandler
                0x08007258                TIM2_IRQHandler
                0x08007258                OTG_FS_WKUP_IRQHandler
                0x08007258                OTG_HS_IRQHandler
                0x08007258                DMA2D_IRQHandler
                0x08007258                TIM1_BRK_IRQHandler
                0x08007258                EXTI1_IRQHandler
                0x08007258                SDMMC2_IRQHandler
                0x08007258                OTG_FS_EP1_OUT_IRQHandler
                0x08007258                BDMA_Channel3_IRQHandler
                0x08007258                UART7_IRQHandler
                0x08007258                MDIOS_WKUP_IRQHandler
                0x08007258                DFSDM1_FLT0_IRQHandler
                0x08007258                SAI4_IRQHandler
                0x08007258                I2C2_ER_IRQHandler
                0x08007258                DMA2_Stream1_IRQHandler
                0x08007258                FLASH_IRQHandler
                0x08007258                DMA2_Stream4_IRQHandler
                0x08007258                USART1_IRQHandler
                0x08007258                OTG_FS_IRQHandler
                0x08007258                SPI3_IRQHandler
                0x08007258                WAKEUP_PIN_IRQHandler
                0x08007258                DMA1_Stream4_IRQHandler
                0x08007258                OTG_FS_EP1_IN_IRQHandler
                0x08007258                I2C1_ER_IRQHandler
                0x08007258                FMC_IRQHandler
                0x08007258                FDCAN_CAL_IRQHandler
                0x08007258                SWPMI1_IRQHandler
                0x08007258                COMP1_IRQHandler
                0x08007258                LPTIM1_IRQHandler
                0x08007258                I2C4_ER_IRQHandler
                0x08007258                DMA2_Stream6_IRQHandler
                0x08007258                SAI1_IRQHandler
                0x08007258                DMA1_Stream3_IRQHandler
 *fill*         0x0800725a        0x2 
 .text.HAL_Init
                0x0800725c       0x78 ./Drivers/STM32H7xx_HAL_Driver/Src/stm32h7xx_hal.o
                0x0800725c                HAL_Init
 .text.HAL_InitTick
                0x080072d4       0x6c ./Drivers/STM32H7xx_HAL_Driver/Src/stm32h7xx_hal.o
                0x080072d4                HAL_InitTick
 .text.HAL_IncTick
                0x08007340       0x28 ./Drivers/STM32H7xx_HAL_Driver/Src/stm32h7xx_hal.o
                0x08007340                HAL_IncTick
 .text.HAL_GetTick
                0x08007368       0x18 ./Drivers/STM32H7xx_HAL_Driver/Src/stm32h7xx_hal.o
                0x08007368                HAL_GetTick
 .text.HAL_Delay
                0x08007380       0x48 ./Drivers/STM32H7xx_HAL_Driver/Src/stm32h7xx_hal.o
                0x08007380                HAL_Delay
 .text.__NVIC_SetPriorityGrouping
                0x080073c8       0x48 ./Drivers/STM32H7xx_HAL_Driver/Src/stm32h7xx_hal_cortex.o
 .text.__NVIC_GetPriorityGrouping
                0x08007410       0x1c ./Drivers/STM32H7xx_HAL_Driver/Src/stm32h7xx_hal_cortex.o
 .text.__NVIC_SetPriority
                0x0800742c       0x54 ./Drivers/STM32H7xx_HAL_Driver/Src/stm32h7xx_hal_cortex.o
 .text.NVIC_EncodePriority
                0x08007480       0x66 ./Drivers/STM32H7xx_HAL_Driver/Src/stm32h7xx_hal_cortex.o
 *fill*         0x080074e6        0x2 
 .text.SysTick_Config
                0x080074e8       0x44 ./Drivers/STM32H7xx_HAL_Driver/Src/stm32h7xx_hal_cortex.o
 .text.HAL_NVIC_SetPriorityGrouping
                0x0800752c       0x16 ./Drivers/STM32H7xx_HAL_Driver/Src/stm32h7xx_hal_cortex.o
                0x0800752c                HAL_NVIC_SetPriorityGrouping
 .text.HAL_NVIC_SetPriority
                0x08007542       0x34 ./Drivers/STM32H7xx_HAL_Driver/Src/stm32h7xx_hal_cortex.o
                0x08007542                HAL_NVIC_SetPriority
 .text.HAL_SYSTICK_Config
                0x08007576       0x18 ./Drivers/STM32H7xx_HAL_Driver/Src/stm32h7xx_hal_cortex.o
                0x08007576                HAL_SYSTICK_Config
 *fill*         0x0800758e        0x2 
 .text.HAL_GPIO_Init
                0x08007590      0x360 ./Drivers/STM32H7xx_HAL_Driver/Src/stm32h7xx_hal_gpio.o
                0x08007590                HAL_GPIO_Init
 .text.HAL_I2C_Init
                0x080078f0      0x138 ./Drivers/STM32H7xx_HAL_Driver/Src/stm32h7xx_hal_i2c.o
                0x080078f0                HAL_I2C_Init
 .text.HAL_I2CEx_ConfigAnalogFilter
                0x08007a28       0x96 ./Drivers/STM32H7xx_HAL_Driver/Src/stm32h7xx_hal_i2c_ex.o
                0x08007a28                HAL_I2CEx_ConfigAnalogFilter
 .text.HAL_I2CEx_ConfigDigitalFilter
                0x08007abe       0x98 ./Drivers/STM32H7xx_HAL_Driver/Src/stm32h7xx_hal_i2c_ex.o
                0x08007abe                HAL_I2CEx_ConfigDigitalFilter
 *fill*         0x08007b56        0x2 
 .text.HAL_RCC_GetSysClockFreq
                0x08007b58      0x2f4 ./Drivers/STM32H7xx_HAL_Driver/Src/stm32h7xx_hal_rcc.o
                0x08007b58                HAL_RCC_GetSysClockFreq
 .text.LL_GPIO_SetPinMode
                0x08007e4c       0x40 ./Drivers/STM32H7xx_HAL_Driver/Src/stm32h7xx_ll_gpio.o
 .text.LL_GPIO_SetPinOutputType
                0x08007e8c       0x30 ./Drivers/STM32H7xx_HAL_Driver/Src/stm32h7xx_ll_gpio.o
 .text.LL_GPIO_SetPinSpeed
                0x08007ebc       0x40 ./Drivers/STM32H7xx_HAL_Driver/Src/stm32h7xx_ll_gpio.o
 .text.LL_GPIO_SetPinPull
                0x08007efc       0x40 ./Drivers/STM32H7xx_HAL_Driver/Src/stm32h7xx_ll_gpio.o
 .text.LL_GPIO_SetAFPin_0_7
                0x08007f3c       0x58 ./Drivers/STM32H7xx_HAL_Driver/Src/stm32h7xx_ll_gpio.o
 .text.LL_GPIO_SetAFPin_8_15
                0x08007f94       0x6c ./Drivers/STM32H7xx_HAL_Driver/Src/stm32h7xx_ll_gpio.o
 .text.LL_GPIO_Init
                0x08008000       0xdc ./Drivers/STM32H7xx_HAL_Driver/Src/stm32h7xx_ll_gpio.o
                0x08008000                LL_GPIO_Init
 .text.LL_RCC_HSE_IsReady
                0x080080dc       0x28 ./Drivers/STM32H7xx_HAL_Driver/Src/stm32h7xx_ll_rcc.o
 .text.LL_RCC_HSI_IsReady
                0x08008104       0x24 ./Drivers/STM32H7xx_HAL_Driver/Src/stm32h7xx_ll_rcc.o
 .text.LL_RCC_HSI_GetDivider
                0x08008128       0x1c ./Drivers/STM32H7xx_HAL_Driver/Src/stm32h7xx_ll_rcc.o
 .text.LL_RCC_CSI_IsReady
                0x08008144       0x28 ./Drivers/STM32H7xx_HAL_Driver/Src/stm32h7xx_ll_rcc.o
 .text.LL_RCC_LSE_IsReady
                0x0800816c       0x24 ./Drivers/STM32H7xx_HAL_Driver/Src/stm32h7xx_ll_rcc.o
 .text.LL_RCC_GetSysClkSource
                0x08008190       0x1c ./Drivers/STM32H7xx_HAL_Driver/Src/stm32h7xx_ll_rcc.o
 .text.LL_RCC_GetSysPrescaler
                0x080081ac       0x1c ./Drivers/STM32H7xx_HAL_Driver/Src/stm32h7xx_ll_rcc.o
 .text.LL_RCC_GetAHBPrescaler
                0x080081c8       0x1c ./Drivers/STM32H7xx_HAL_Driver/Src/stm32h7xx_ll_rcc.o
 .text.LL_RCC_GetAPB1Prescaler
                0x080081e4       0x1c ./Drivers/STM32H7xx_HAL_Driver/Src/stm32h7xx_ll_rcc.o
 .text.LL_RCC_GetAPB2Prescaler
                0x08008200       0x1c ./Drivers/STM32H7xx_HAL_Driver/Src/stm32h7xx_ll_rcc.o
 .text.LL_RCC_GetClockSource
                0x0800821c       0x4c ./Drivers/STM32H7xx_HAL_Driver/Src/stm32h7xx_ll_rcc.o
 .text.LL_RCC_GetUSARTClockSource
                0x08008268       0x18 ./Drivers/STM32H7xx_HAL_Driver/Src/stm32h7xx_ll_rcc.o
 .text.LL_RCC_PLL_GetSource
                0x08008280       0x1c ./Drivers/STM32H7xx_HAL_Driver/Src/stm32h7xx_ll_rcc.o
 .text.LL_RCC_PLL1P_IsEnabled
                0x0800829c       0x28 ./Drivers/STM32H7xx_HAL_Driver/Src/stm32h7xx_ll_rcc.o
 .text.LL_RCC_PLL1Q_IsEnabled
                0x080082c4       0x28 ./Drivers/STM32H7xx_HAL_Driver/Src/stm32h7xx_ll_rcc.o
 .text.LL_RCC_PLL1R_IsEnabled
                0x080082ec       0x28 ./Drivers/STM32H7xx_HAL_Driver/Src/stm32h7xx_ll_rcc.o
 .text.LL_RCC_PLL1FRACN_IsEnabled
                0x08008314       0x24 ./Drivers/STM32H7xx_HAL_Driver/Src/stm32h7xx_ll_rcc.o
 .text.LL_RCC_PLL1_GetN
                0x08008338       0x1c ./Drivers/STM32H7xx_HAL_Driver/Src/stm32h7xx_ll_rcc.o
 .text.LL_RCC_PLL1_GetM
                0x08008354       0x1c ./Drivers/STM32H7xx_HAL_Driver/Src/stm32h7xx_ll_rcc.o
 .text.LL_RCC_PLL1_GetP
                0x08008370       0x20 ./Drivers/STM32H7xx_HAL_Driver/Src/stm32h7xx_ll_rcc.o
 .text.LL_RCC_PLL1_GetQ
                0x08008390       0x20 ./Drivers/STM32H7xx_HAL_Driver/Src/stm32h7xx_ll_rcc.o
 .text.LL_RCC_PLL1_GetR
                0x080083b0       0x20 ./Drivers/STM32H7xx_HAL_Driver/Src/stm32h7xx_ll_rcc.o
 .text.LL_RCC_PLL1_GetFRACN
                0x080083d0       0x1c ./Drivers/STM32H7xx_HAL_Driver/Src/stm32h7xx_ll_rcc.o
 .text.LL_RCC_PLL2_IsReady
                0x080083ec       0x28 ./Drivers/STM32H7xx_HAL_Driver/Src/stm32h7xx_ll_rcc.o
 .text.LL_RCC_PLL2P_IsEnabled
                0x08008414       0x28 ./Drivers/STM32H7xx_HAL_Driver/Src/stm32h7xx_ll_rcc.o
 .text.LL_RCC_PLL2Q_IsEnabled
                0x0800843c       0x28 ./Drivers/STM32H7xx_HAL_Driver/Src/stm32h7xx_ll_rcc.o
 .text.LL_RCC_PLL2R_IsEnabled
                0x08008464       0x28 ./Drivers/STM32H7xx_HAL_Driver/Src/stm32h7xx_ll_rcc.o
 .text.LL_RCC_PLL2FRACN_IsEnabled
                0x0800848c       0x24 ./Drivers/STM32H7xx_HAL_Driver/Src/stm32h7xx_ll_rcc.o
 .text.LL_RCC_PLL2_GetN
                0x080084b0       0x1c ./Drivers/STM32H7xx_HAL_Driver/Src/stm32h7xx_ll_rcc.o
 .text.LL_RCC_PLL2_GetM
                0x080084cc       0x1c ./Drivers/STM32H7xx_HAL_Driver/Src/stm32h7xx_ll_rcc.o
 .text.LL_RCC_PLL2_GetP
                0x080084e8       0x20 ./Drivers/STM32H7xx_HAL_Driver/Src/stm32h7xx_ll_rcc.o
 .text.LL_RCC_PLL2_GetQ
                0x08008508       0x20 ./Drivers/STM32H7xx_HAL_Driver/Src/stm32h7xx_ll_rcc.o
 .text.LL_RCC_PLL2_GetR
                0x08008528       0x20 ./Drivers/STM32H7xx_HAL_Driver/Src/stm32h7xx_ll_rcc.o
 .text.LL_RCC_PLL2_GetFRACN
                0x08008548       0x1c ./Drivers/STM32H7xx_HAL_Driver/Src/stm32h7xx_ll_rcc.o
 .text.LL_RCC_PLL3_IsReady
                0x08008564       0x28 ./Drivers/STM32H7xx_HAL_Driver/Src/stm32h7xx_ll_rcc.o
 .text.LL_RCC_PLL3P_IsEnabled
                0x0800858c       0x28 ./Drivers/STM32H7xx_HAL_Driver/Src/stm32h7xx_ll_rcc.o
 .text.LL_RCC_PLL3Q_IsEnabled
                0x080085b4       0x28 ./Drivers/STM32H7xx_HAL_Driver/Src/stm32h7xx_ll_rcc.o
 .text.LL_RCC_PLL3R_IsEnabled
                0x080085dc       0x28 ./Drivers/STM32H7xx_HAL_Driver/Src/stm32h7xx_ll_rcc.o
 .text.LL_RCC_PLL3FRACN_IsEnabled
                0x08008604       0x28 ./Drivers/STM32H7xx_HAL_Driver/Src/stm32h7xx_ll_rcc.o
 .text.LL_RCC_PLL3_GetN
                0x0800862c       0x1c ./Drivers/STM32H7xx_HAL_Driver/Src/stm32h7xx_ll_rcc.o
 .text.LL_RCC_PLL3_GetM
                0x08008648       0x1c ./Drivers/STM32H7xx_HAL_Driver/Src/stm32h7xx_ll_rcc.o
 .text.LL_RCC_PLL3_GetP
                0x08008664       0x20 ./Drivers/STM32H7xx_HAL_Driver/Src/stm32h7xx_ll_rcc.o
 .text.LL_RCC_PLL3_GetQ
                0x08008684       0x20 ./Drivers/STM32H7xx_HAL_Driver/Src/stm32h7xx_ll_rcc.o
 .text.LL_RCC_PLL3_GetR
                0x080086a4       0x20 ./Drivers/STM32H7xx_HAL_Driver/Src/stm32h7xx_ll_rcc.o
 .text.LL_RCC_PLL3_GetFRACN
                0x080086c4       0x1c ./Drivers/STM32H7xx_HAL_Driver/Src/stm32h7xx_ll_rcc.o
 .text.LL_RCC_GetPLL1ClockFreq
                0x080086e0      0x130 ./Drivers/STM32H7xx_HAL_Driver/Src/stm32h7xx_ll_rcc.o
                0x080086e0                LL_RCC_GetPLL1ClockFreq
 .text.LL_RCC_GetPLL2ClockFreq
                0x08008810      0x130 ./Drivers/STM32H7xx_HAL_Driver/Src/stm32h7xx_ll_rcc.o
                0x08008810                LL_RCC_GetPLL2ClockFreq
 .text.LL_RCC_GetPLL3ClockFreq
                0x08008940      0x134 ./Drivers/STM32H7xx_HAL_Driver/Src/stm32h7xx_ll_rcc.o
                0x08008940                LL_RCC_GetPLL3ClockFreq
 .text.LL_RCC_CalcPLLClockFreq
                0x08008a74       0x80 ./Drivers/STM32H7xx_HAL_Driver/Src/stm32h7xx_ll_rcc.o
                0x08008a74                LL_RCC_CalcPLLClockFreq
 .text.LL_RCC_GetUSARTClockFreq
                0x08008af4      0x1dc ./Drivers/STM32H7xx_HAL_Driver/Src/stm32h7xx_ll_rcc.o
                0x08008af4                LL_RCC_GetUSARTClockFreq
 .text.RCC_GetSystemClockFreq
                0x08008cd0       0xc4 ./Drivers/STM32H7xx_HAL_Driver/Src/stm32h7xx_ll_rcc.o
 .text.RCC_GetHCLKClockFreq
                0x08008d94       0x2c ./Drivers/STM32H7xx_HAL_Driver/Src/stm32h7xx_ll_rcc.o
 .text.RCC_GetPCLK1ClockFreq
                0x08008dc0       0x30 ./Drivers/STM32H7xx_HAL_Driver/Src/stm32h7xx_ll_rcc.o
 .text.RCC_GetPCLK2ClockFreq
                0x08008df0       0x30 ./Drivers/STM32H7xx_HAL_Driver/Src/stm32h7xx_ll_rcc.o
 .text.LL_SPI_IsEnabled
                0x08008e20       0x26 ./Drivers/STM32H7xx_HAL_Driver/Src/stm32h7xx_ll_spi.o
 .text.LL_SPI_SetInternalSSLevel
                0x08008e46       0x26 ./Drivers/STM32H7xx_HAL_Driver/Src/stm32h7xx_ll_spi.o
 .text.LL_SPI_GetNSSPolarity
                0x08008e6c       0x1c ./Drivers/STM32H7xx_HAL_Driver/Src/stm32h7xx_ll_spi.o
 .text.LL_SPI_SetCRCPolynomial
                0x08008e88       0x1c ./Drivers/STM32H7xx_HAL_Driver/Src/stm32h7xx_ll_spi.o
 .text.LL_SPI_Init
                0x08008ea4       0xfc ./Drivers/STM32H7xx_HAL_Driver/Src/stm32h7xx_ll_spi.o
                0x08008ea4                LL_SPI_Init
 .text.LL_TIM_SetPrescaler
                0x08008fa0       0x1c ./Drivers/STM32H7xx_HAL_Driver/Src/stm32h7xx_ll_tim.o
 .text.LL_TIM_SetAutoReload
                0x08008fbc       0x1c ./Drivers/STM32H7xx_HAL_Driver/Src/stm32h7xx_ll_tim.o
 .text.LL_TIM_SetRepetitionCounter
                0x08008fd8       0x1c ./Drivers/STM32H7xx_HAL_Driver/Src/stm32h7xx_ll_tim.o
 .text.LL_TIM_GenerateEvent_UPDATE
                0x08008ff4       0x20 ./Drivers/STM32H7xx_HAL_Driver/Src/stm32h7xx_ll_tim.o
 .text.LL_TIM_Init
                0x08009014      0x128 ./Drivers/STM32H7xx_HAL_Driver/Src/stm32h7xx_ll_tim.o
                0x08009014                LL_TIM_Init
 .text.LL_USART_IsEnabled
                0x0800913c       0x26 ./Drivers/STM32H7xx_HAL_Driver/Src/stm32h7xx_ll_usart.o
 .text.LL_USART_SetPrescaler
                0x08009162       0x28 ./Drivers/STM32H7xx_HAL_Driver/Src/stm32h7xx_ll_usart.o
 .text.LL_USART_SetStopBitsLength
                0x0800918a       0x26 ./Drivers/STM32H7xx_HAL_Driver/Src/stm32h7xx_ll_usart.o
 .text.LL_USART_SetHWFlowCtrl
                0x080091b0       0x26 ./Drivers/STM32H7xx_HAL_Driver/Src/stm32h7xx_ll_usart.o
 *fill*         0x080091d6        0x2 
 .text.LL_USART_SetBaudRate
                0x080091d8       0xa0 ./Drivers/STM32H7xx_HAL_Driver/Src/stm32h7xx_ll_usart.o
 .text.LL_USART_Init
                0x08009278      0x154 ./Drivers/STM32H7xx_HAL_Driver/Src/stm32h7xx_ll_usart.o
                0x08009278                LL_USART_Init
 .text.LL_SetSystemCoreClock
                0x080093cc       0x20 ./Drivers/STM32H7xx_HAL_Driver/Src/stm32h7xx_ll_utils.o
                0x080093cc                LL_SetSystemCoreClock
 .text.__cvt    0x080093ec       0xa8 C:/ST/STM32CubeIDE_1.18.1/STM32CubeIDE/plugins/com.st.stm32cube.ide.mcu.externaltools.gnu-tools-for-stm32.13.3.rel1.win32_1.0.0.202411081344/tools/bin/../lib/gcc/arm-none-eabi/13.3.1/../../../../arm-none-eabi/lib/thumb/v7e-m+dp/hard\libc_nano.a(libc_a-nano-vfprintf_float.o)
                0x080093ec                __cvt
 .text.__exponent
                0x08009494       0x74 C:/ST/STM32CubeIDE_1.18.1/STM32CubeIDE/plugins/com.st.stm32cube.ide.mcu.externaltools.gnu-tools-for-stm32.13.3.rel1.win32_1.0.0.202411081344/tools/bin/../lib/gcc/arm-none-eabi/13.3.1/../../../../arm-none-eabi/lib/thumb/v7e-m+dp/hard\libc_nano.a(libc_a-nano-vfprintf_float.o)
                0x08009494                __exponent
 .text._printf_float
                0x08009508      0x434 C:/ST/STM32CubeIDE_1.18.1/STM32CubeIDE/plugins/com.st.stm32cube.ide.mcu.externaltools.gnu-tools-for-stm32.13.3.rel1.win32_1.0.0.202411081344/tools/bin/../lib/gcc/arm-none-eabi/13.3.1/../../../../arm-none-eabi/lib/thumb/v7e-m+dp/hard\libc_nano.a(libc_a-nano-vfprintf_float.o)
                0x08009508                _printf_float
 .text._printf_common
                0x0800993c       0xda C:/ST/STM32CubeIDE_1.18.1/STM32CubeIDE/plugins/com.st.stm32cube.ide.mcu.externaltools.gnu-tools-for-stm32.13.3.rel1.win32_1.0.0.202411081344/tools/bin/../lib/gcc/arm-none-eabi/13.3.1/../../../../arm-none-eabi/lib/thumb/v7e-m+dp/hard\libc_nano.a(libc_a-nano-vfprintf_i.o)
                0x0800993c                _printf_common
 *fill*         0x08009a16        0x2 
 .text._printf_i
                0x08009a18      0x23c C:/ST/STM32CubeIDE_1.18.1/STM32CubeIDE/plugins/com.st.stm32cube.ide.mcu.externaltools.gnu-tools-for-stm32.13.3.rel1.win32_1.0.0.202411081344/tools/bin/../lib/gcc/arm-none-eabi/13.3.1/../../../../arm-none-eabi/lib/thumb/v7e-m+dp/hard\libc_nano.a(libc_a-nano-vfprintf_i.o)
                0x08009a18                _printf_i
 .text.std      0x08009c54       0x6c C:/ST/STM32CubeIDE_1.18.1/STM32CubeIDE/plugins/com.st.stm32cube.ide.mcu.externaltools.gnu-tools-for-stm32.13.3.rel1.win32_1.0.0.202411081344/tools/bin/../lib/gcc/arm-none-eabi/13.3.1/../../../../arm-none-eabi/lib/thumb/v7e-m+dp/hard\libc_nano.a(libc_a-findfp.o)
 .text.stdio_exit_handler
                0x08009cc0       0x18 C:/ST/STM32CubeIDE_1.18.1/STM32CubeIDE/plugins/com.st.stm32cube.ide.mcu.externaltools.gnu-tools-for-stm32.13.3.rel1.win32_1.0.0.202411081344/tools/bin/../lib/gcc/arm-none-eabi/13.3.1/../../../../arm-none-eabi/lib/thumb/v7e-m+dp/hard\libc_nano.a(libc_a-findfp.o)
 .text.cleanup_stdio
                0x08009cd8       0x40 C:/ST/STM32CubeIDE_1.18.1/STM32CubeIDE/plugins/com.st.stm32cube.ide.mcu.externaltools.gnu-tools-for-stm32.13.3.rel1.win32_1.0.0.202411081344/tools/bin/../lib/gcc/arm-none-eabi/13.3.1/../../../../arm-none-eabi/lib/thumb/v7e-m+dp/hard\libc_nano.a(libc_a-findfp.o)
 .text.global_stdio_init.part.0
                0x08009d18       0x3c C:/ST/STM32CubeIDE_1.18.1/STM32CubeIDE/plugins/com.st.stm32cube.ide.mcu.externaltools.gnu-tools-for-stm32.13.3.rel1.win32_1.0.0.202411081344/tools/bin/../lib/gcc/arm-none-eabi/13.3.1/../../../../arm-none-eabi/lib/thumb/v7e-m+dp/hard\libc_nano.a(libc_a-findfp.o)
 .text.__sfp_lock_acquire
                0x08009d54        0xc C:/ST/STM32CubeIDE_1.18.1/STM32CubeIDE/plugins/com.st.stm32cube.ide.mcu.externaltools.gnu-tools-for-stm32.13.3.rel1.win32_1.0.0.202411081344/tools/bin/../lib/gcc/arm-none-eabi/13.3.1/../../../../arm-none-eabi/lib/thumb/v7e-m+dp/hard\libc_nano.a(libc_a-findfp.o)
                0x08009d54                __sfp_lock_acquire
 .text.__sfp_lock_release
                0x08009d60        0xc C:/ST/STM32CubeIDE_1.18.1/STM32CubeIDE/plugins/com.st.stm32cube.ide.mcu.externaltools.gnu-tools-for-stm32.13.3.rel1.win32_1.0.0.202411081344/tools/bin/../lib/gcc/arm-none-eabi/13.3.1/../../../../arm-none-eabi/lib/thumb/v7e-m+dp/hard\libc_nano.a(libc_a-findfp.o)
                0x08009d60                __sfp_lock_release
 .text.__sinit  0x08009d6c       0x30 C:/ST/STM32CubeIDE_1.18.1/STM32CubeIDE/plugins/com.st.stm32cube.ide.mcu.externaltools.gnu-tools-for-stm32.13.3.rel1.win32_1.0.0.202411081344/tools/bin/../lib/gcc/arm-none-eabi/13.3.1/../../../../arm-none-eabi/lib/thumb/v7e-m+dp/hard\libc_nano.a(libc_a-findfp.o)
                0x08009d6c                __sinit
 .text._fwalk_sglue
                0x08009d9c       0x3c C:/ST/STM32CubeIDE_1.18.1/STM32CubeIDE/plugins/com.st.stm32cube.ide.mcu.externaltools.gnu-tools-for-stm32.13.3.rel1.win32_1.0.0.202411081344/tools/bin/../lib/gcc/arm-none-eabi/13.3.1/../../../../arm-none-eabi/lib/thumb/v7e-m+dp/hard\libc_nano.a(libc_a-fwalk.o)
                0x08009d9c                _fwalk_sglue
 .text.printf   0x08009dd8       0x24 C:/ST/STM32CubeIDE_1.18.1/STM32CubeIDE/plugins/com.st.stm32cube.ide.mcu.externaltools.gnu-tools-for-stm32.13.3.rel1.win32_1.0.0.202411081344/tools/bin/../lib/gcc/arm-none-eabi/13.3.1/../../../../arm-none-eabi/lib/thumb/v7e-m+dp/hard\libc_nano.a(libc_a-printf.o)
                0x08009dd8                iprintf
                0x08009dd8                printf
 .text.__sread  0x08009dfc       0x22 C:/ST/STM32CubeIDE_1.18.1/STM32CubeIDE/plugins/com.st.stm32cube.ide.mcu.externaltools.gnu-tools-for-stm32.13.3.rel1.win32_1.0.0.202411081344/tools/bin/../lib/gcc/arm-none-eabi/13.3.1/../../../../arm-none-eabi/lib/thumb/v7e-m+dp/hard\libc_nano.a(libc_a-stdio.o)
                0x08009dfc                __sread
 .text.__swrite
                0x08009e1e       0x38 C:/ST/STM32CubeIDE_1.18.1/STM32CubeIDE/plugins/com.st.stm32cube.ide.mcu.externaltools.gnu-tools-for-stm32.13.3.rel1.win32_1.0.0.202411081344/tools/bin/../lib/gcc/arm-none-eabi/13.3.1/../../../../arm-none-eabi/lib/thumb/v7e-m+dp/hard\libc_nano.a(libc_a-stdio.o)
                0x08009e1e                __swrite
 .text.__sseek  0x08009e56       0x24 C:/ST/STM32CubeIDE_1.18.1/STM32CubeIDE/plugins/com.st.stm32cube.ide.mcu.externaltools.gnu-tools-for-stm32.13.3.rel1.win32_1.0.0.202411081344/tools/bin/../lib/gcc/arm-none-eabi/13.3.1/../../../../arm-none-eabi/lib/thumb/v7e-m+dp/hard\libc_nano.a(libc_a-stdio.o)
                0x08009e56                __sseek
 .text.__sclose
                0x08009e7a        0x8 C:/ST/STM32CubeIDE_1.18.1/STM32CubeIDE/plugins/com.st.stm32cube.ide.mcu.externaltools.gnu-tools-for-stm32.13.3.rel1.win32_1.0.0.202411081344/tools/bin/../lib/gcc/arm-none-eabi/13.3.1/../../../../arm-none-eabi/lib/thumb/v7e-m+dp/hard\libc_nano.a(libc_a-stdio.o)
                0x08009e7a                __sclose
 .text.memset   0x08009e82       0x10 C:/ST/STM32CubeIDE_1.18.1/STM32CubeIDE/plugins/com.st.stm32cube.ide.mcu.externaltools.gnu-tools-for-stm32.13.3.rel1.win32_1.0.0.202411081344/tools/bin/../lib/gcc/arm-none-eabi/13.3.1/../../../../arm-none-eabi/lib/thumb/v7e-m+dp/hard\libc_nano.a(libc_a-memset.o)
                0x08009e82                memset
 *fill*         0x08009e92        0x2 
 .text._localeconv_r
                0x08009e94        0x8 C:/ST/STM32CubeIDE_1.18.1/STM32CubeIDE/plugins/com.st.stm32cube.ide.mcu.externaltools.gnu-tools-for-stm32.13.3.rel1.win32_1.0.0.202411081344/tools/bin/../lib/gcc/arm-none-eabi/13.3.1/../../../../arm-none-eabi/lib/thumb/v7e-m+dp/hard\libc_nano.a(libc_a-localeconv.o)
                0x08009e94                _localeconv_r
 .text._close_r
                0x08009e9c       0x20 C:/ST/STM32CubeIDE_1.18.1/STM32CubeIDE/plugins/com.st.stm32cube.ide.mcu.externaltools.gnu-tools-for-stm32.13.3.rel1.win32_1.0.0.202411081344/tools/bin/../lib/gcc/arm-none-eabi/13.3.1/../../../../arm-none-eabi/lib/thumb/v7e-m+dp/hard\libc_nano.a(libc_a-closer.o)
                0x08009e9c                _close_r
 .text._lseek_r
                0x08009ebc       0x24 C:/ST/STM32CubeIDE_1.18.1/STM32CubeIDE/plugins/com.st.stm32cube.ide.mcu.externaltools.gnu-tools-for-stm32.13.3.rel1.win32_1.0.0.202411081344/tools/bin/../lib/gcc/arm-none-eabi/13.3.1/../../../../arm-none-eabi/lib/thumb/v7e-m+dp/hard\libc_nano.a(libc_a-lseekr.o)
                0x08009ebc                _lseek_r
 .text._read_r  0x08009ee0       0x24 C:/ST/STM32CubeIDE_1.18.1/STM32CubeIDE/plugins/com.st.stm32cube.ide.mcu.externaltools.gnu-tools-for-stm32.13.3.rel1.win32_1.0.0.202411081344/tools/bin/../lib/gcc/arm-none-eabi/13.3.1/../../../../arm-none-eabi/lib/thumb/v7e-m+dp/hard\libc_nano.a(libc_a-readr.o)
                0x08009ee0                _read_r
 .text._write_r
                0x08009f04       0x24 C:/ST/STM32CubeIDE_1.18.1/STM32CubeIDE/plugins/com.st.stm32cube.ide.mcu.externaltools.gnu-tools-for-stm32.13.3.rel1.win32_1.0.0.202411081344/tools/bin/../lib/gcc/arm-none-eabi/13.3.1/../../../../arm-none-eabi/lib/thumb/v7e-m+dp/hard\libc_nano.a(libc_a-writer.o)
                0x08009f04                _write_r
 .text.__errno  0x08009f28        0xc C:/ST/STM32CubeIDE_1.18.1/STM32CubeIDE/plugins/com.st.stm32cube.ide.mcu.externaltools.gnu-tools-for-stm32.13.3.rel1.win32_1.0.0.202411081344/tools/bin/../lib/gcc/arm-none-eabi/13.3.1/../../../../arm-none-eabi/lib/thumb/v7e-m+dp/hard\libc_nano.a(libc_a-errno.o)
                0x08009f28                __errno
 .text.__libc_init_array
                0x08009f34       0x48 C:/ST/STM32CubeIDE_1.18.1/STM32CubeIDE/plugins/com.st.stm32cube.ide.mcu.externaltools.gnu-tools-for-stm32.13.3.rel1.win32_1.0.0.202411081344/tools/bin/../lib/gcc/arm-none-eabi/13.3.1/../../../../arm-none-eabi/lib/thumb/v7e-m+dp/hard\libc_nano.a(libc_a-init.o)
                0x08009f34                __libc_init_array
 .text.__retarget_lock_init_recursive
                0x08009f7c        0x2 C:/ST/STM32CubeIDE_1.18.1/STM32CubeIDE/plugins/com.st.stm32cube.ide.mcu.externaltools.gnu-tools-for-stm32.13.3.rel1.win32_1.0.0.202411081344/tools/bin/../lib/gcc/arm-none-eabi/13.3.1/../../../../arm-none-eabi/lib/thumb/v7e-m+dp/hard\libc_nano.a(libc_a-lock.o)
                0x08009f7c                __retarget_lock_init_recursive
 .text.__retarget_lock_acquire_recursive
                0x08009f7e        0x2 C:/ST/STM32CubeIDE_1.18.1/STM32CubeIDE/plugins/com.st.stm32cube.ide.mcu.externaltools.gnu-tools-for-stm32.13.3.rel1.win32_1.0.0.202411081344/tools/bin/../lib/gcc/arm-none-eabi/13.3.1/../../../../arm-none-eabi/lib/thumb/v7e-m+dp/hard\libc_nano.a(libc_a-lock.o)
                0x08009f7e                __retarget_lock_acquire_recursive
 .text.__retarget_lock_release_recursive
                0x08009f80        0x2 C:/ST/STM32CubeIDE_1.18.1/STM32CubeIDE/plugins/com.st.stm32cube.ide.mcu.externaltools.gnu-tools-for-stm32.13.3.rel1.win32_1.0.0.202411081344/tools/bin/../lib/gcc/arm-none-eabi/13.3.1/../../../../arm-none-eabi/lib/thumb/v7e-m+dp/hard\libc_nano.a(libc_a-lock.o)
                0x08009f80                __retarget_lock_release_recursive
 .text.memcpy   0x08009f82       0x1c C:/ST/STM32CubeIDE_1.18.1/STM32CubeIDE/plugins/com.st.stm32cube.ide.mcu.externaltools.gnu-tools-for-stm32.13.3.rel1.win32_1.0.0.202411081344/tools/bin/../lib/gcc/arm-none-eabi/13.3.1/../../../../arm-none-eabi/lib/thumb/v7e-m+dp/hard\libc_nano.a(libc_a-memcpy-stub.o)
                0x08009f82                memcpy
 .text.quorem   0x08009f9e      0x110 C:/ST/STM32CubeIDE_1.18.1/STM32CubeIDE/plugins/com.st.stm32cube.ide.mcu.externaltools.gnu-tools-for-stm32.13.3.rel1.win32_1.0.0.202411081344/tools/bin/../lib/gcc/arm-none-eabi/13.3.1/../../../../arm-none-eabi/lib/thumb/v7e-m+dp/hard\libc_nano.a(libc_a-dtoa.o)
 *fill*         0x0800a0ae        0x2 
 .text._dtoa_r  0x0800a0b0      0xabc C:/ST/STM32CubeIDE_1.18.1/STM32CubeIDE/plugins/com.st.stm32cube.ide.mcu.externaltools.gnu-tools-for-stm32.13.3.rel1.win32_1.0.0.202411081344/tools/bin/../lib/gcc/arm-none-eabi/13.3.1/../../../../arm-none-eabi/lib/thumb/v7e-m+dp/hard\libc_nano.a(libc_a-dtoa.o)
                0x0800a0b0                _dtoa_r
 .text._free_r  0x0800ab6c       0x94 C:/ST/STM32CubeIDE_1.18.1/STM32CubeIDE/plugins/com.st.stm32cube.ide.mcu.externaltools.gnu-tools-for-stm32.13.3.rel1.win32_1.0.0.202411081344/tools/bin/../lib/gcc/arm-none-eabi/13.3.1/../../../../arm-none-eabi/lib/thumb/v7e-m+dp/hard\libc_nano.a(libc_a-freer.o)
                0x0800ab6c                _free_r
 .text.malloc   0x0800ac00       0x10 C:/ST/STM32CubeIDE_1.18.1/STM32CubeIDE/plugins/com.st.stm32cube.ide.mcu.externaltools.gnu-tools-for-stm32.13.3.rel1.win32_1.0.0.202411081344/tools/bin/../lib/gcc/arm-none-eabi/13.3.1/../../../../arm-none-eabi/lib/thumb/v7e-m+dp/hard\libc_nano.a(libc_a-malloc.o)
                0x0800ac00                malloc
 .text.sbrk_aligned
                0x0800ac10       0x44 C:/ST/STM32CubeIDE_1.18.1/STM32CubeIDE/plugins/com.st.stm32cube.ide.mcu.externaltools.gnu-tools-for-stm32.13.3.rel1.win32_1.0.0.202411081344/tools/bin/../lib/gcc/arm-none-eabi/13.3.1/../../../../arm-none-eabi/lib/thumb/v7e-m+dp/hard\libc_nano.a(libc_a-mallocr.o)
 .text._malloc_r
                0x0800ac54      0x100 C:/ST/STM32CubeIDE_1.18.1/STM32CubeIDE/plugins/com.st.stm32cube.ide.mcu.externaltools.gnu-tools-for-stm32.13.3.rel1.win32_1.0.0.202411081344/tools/bin/../lib/gcc/arm-none-eabi/13.3.1/../../../../arm-none-eabi/lib/thumb/v7e-m+dp/hard\libc_nano.a(libc_a-mallocr.o)
                0x0800ac54                _malloc_r
 .text.__malloc_lock
                0x0800ad54        0xc C:/ST/STM32CubeIDE_1.18.1/STM32CubeIDE/plugins/com.st.stm32cube.ide.mcu.externaltools.gnu-tools-for-stm32.13.3.rel1.win32_1.0.0.202411081344/tools/bin/../lib/gcc/arm-none-eabi/13.3.1/../../../../arm-none-eabi/lib/thumb/v7e-m+dp/hard\libc_nano.a(libc_a-mlock.o)
                0x0800ad54                __malloc_lock
 .text.__malloc_unlock
                0x0800ad60        0xc C:/ST/STM32CubeIDE_1.18.1/STM32CubeIDE/plugins/com.st.stm32cube.ide.mcu.externaltools.gnu-tools-for-stm32.13.3.rel1.win32_1.0.0.202411081344/tools/bin/../lib/gcc/arm-none-eabi/13.3.1/../../../../arm-none-eabi/lib/thumb/v7e-m+dp/hard\libc_nano.a(libc_a-mlock.o)
                0x0800ad60                __malloc_unlock
 .text._Balloc  0x0800ad6c       0x80 C:/ST/STM32CubeIDE_1.18.1/STM32CubeIDE/plugins/com.st.stm32cube.ide.mcu.externaltools.gnu-tools-for-stm32.13.3.rel1.win32_1.0.0.202411081344/tools/bin/../lib/gcc/arm-none-eabi/13.3.1/../../../../arm-none-eabi/lib/thumb/v7e-m+dp/hard\libc_nano.a(libc_a-mprec.o)
                0x0800ad6c                _Balloc
 .text._Bfree   0x0800adec       0x44 C:/ST/STM32CubeIDE_1.18.1/STM32CubeIDE/plugins/com.st.stm32cube.ide.mcu.externaltools.gnu-tools-for-stm32.13.3.rel1.win32_1.0.0.202411081344/tools/bin/../lib/gcc/arm-none-eabi/13.3.1/../../../../arm-none-eabi/lib/thumb/v7e-m+dp/hard\libc_nano.a(libc_a-mprec.o)
                0x0800adec                _Bfree
 .text.__multadd
                0x0800ae30       0x8c C:/ST/STM32CubeIDE_1.18.1/STM32CubeIDE/plugins/com.st.stm32cube.ide.mcu.externaltools.gnu-tools-for-stm32.13.3.rel1.win32_1.0.0.202411081344/tools/bin/../lib/gcc/arm-none-eabi/13.3.1/../../../../arm-none-eabi/lib/thumb/v7e-m+dp/hard\libc_nano.a(libc_a-mprec.o)
                0x0800ae30                __multadd
 .text.__hi0bits
                0x0800aebc       0x3e C:/ST/STM32CubeIDE_1.18.1/STM32CubeIDE/plugins/com.st.stm32cube.ide.mcu.externaltools.gnu-tools-for-stm32.13.3.rel1.win32_1.0.0.202411081344/tools/bin/../lib/gcc/arm-none-eabi/13.3.1/../../../../arm-none-eabi/lib/thumb/v7e-m+dp/hard\libc_nano.a(libc_a-mprec.o)
                0x0800aebc                __hi0bits
 .text.__lo0bits
                0x0800aefa       0x5a C:/ST/STM32CubeIDE_1.18.1/STM32CubeIDE/plugins/com.st.stm32cube.ide.mcu.externaltools.gnu-tools-for-stm32.13.3.rel1.win32_1.0.0.202411081344/tools/bin/../lib/gcc/arm-none-eabi/13.3.1/../../../../arm-none-eabi/lib/thumb/v7e-m+dp/hard\libc_nano.a(libc_a-mprec.o)
                0x0800aefa                __lo0bits
 .text.__i2b    0x0800af54       0x2c C:/ST/STM32CubeIDE_1.18.1/STM32CubeIDE/plugins/com.st.stm32cube.ide.mcu.externaltools.gnu-tools-for-stm32.13.3.rel1.win32_1.0.0.202411081344/tools/bin/../lib/gcc/arm-none-eabi/13.3.1/../../../../arm-none-eabi/lib/thumb/v7e-m+dp/hard\libc_nano.a(libc_a-mprec.o)
                0x0800af54                __i2b
 .text.__multiply
                0x0800af80      0x144 C:/ST/STM32CubeIDE_1.18.1/STM32CubeIDE/plugins/com.st.stm32cube.ide.mcu.externaltools.gnu-tools-for-stm32.13.3.rel1.win32_1.0.0.202411081344/tools/bin/../lib/gcc/arm-none-eabi/13.3.1/../../../../arm-none-eabi/lib/thumb/v7e-m+dp/hard\libc_nano.a(libc_a-mprec.o)
                0x0800af80                __multiply
 .text.__pow5mult
                0x0800b0c4       0xb4 C:/ST/STM32CubeIDE_1.18.1/STM32CubeIDE/plugins/com.st.stm32cube.ide.mcu.externaltools.gnu-tools-for-stm32.13.3.rel1.win32_1.0.0.202411081344/tools/bin/../lib/gcc/arm-none-eabi/13.3.1/../../../../arm-none-eabi/lib/thumb/v7e-m+dp/hard\libc_nano.a(libc_a-mprec.o)
                0x0800b0c4                __pow5mult
 .text.__lshift
                0x0800b178       0xd8 C:/ST/STM32CubeIDE_1.18.1/STM32CubeIDE/plugins/com.st.stm32cube.ide.mcu.externaltools.gnu-tools-for-stm32.13.3.rel1.win32_1.0.0.202411081344/tools/bin/../lib/gcc/arm-none-eabi/13.3.1/../../../../arm-none-eabi/lib/thumb/v7e-m+dp/hard\libc_nano.a(libc_a-mprec.o)
                0x0800b178                __lshift
 .text.__mcmp   0x0800b250       0x36 C:/ST/STM32CubeIDE_1.18.1/STM32CubeIDE/plugins/com.st.stm32cube.ide.mcu.externaltools.gnu-tools-for-stm32.13.3.rel1.win32_1.0.0.202411081344/tools/bin/../lib/gcc/arm-none-eabi/13.3.1/../../../../arm-none-eabi/lib/thumb/v7e-m+dp/hard\libc_nano.a(libc_a-mprec.o)
                0x0800b250                __mcmp
 *fill*         0x0800b286        0x2 
 .text.__mdiff  0x0800b288      0x128 C:/ST/STM32CubeIDE_1.18.1/STM32CubeIDE/plugins/com.st.stm32cube.ide.mcu.externaltools.gnu-tools-for-stm32.13.3.rel1.win32_1.0.0.202411081344/tools/bin/../lib/gcc/arm-none-eabi/13.3.1/../../../../arm-none-eabi/lib/thumb/v7e-m+dp/hard\libc_nano.a(libc_a-mprec.o)
                0x0800b288                __mdiff
 .text.__d2b    0x0800b3b0       0xb0 C:/ST/STM32CubeIDE_1.18.1/STM32CubeIDE/plugins/com.st.stm32cube.ide.mcu.externaltools.gnu-tools-for-stm32.13.3.rel1.win32_1.0.0.202411081344/tools/bin/../lib/gcc/arm-none-eabi/13.3.1/../../../../arm-none-eabi/lib/thumb/v7e-m+dp/hard\libc_nano.a(libc_a-mprec.o)
                0x0800b3b0                __d2b
 .text.__sfputc_r
                0x0800b460       0x2e C:/ST/STM32CubeIDE_1.18.1/STM32CubeIDE/plugins/com.st.stm32cube.ide.mcu.externaltools.gnu-tools-for-stm32.13.3.rel1.win32_1.0.0.202411081344/tools/bin/../lib/gcc/arm-none-eabi/13.3.1/../../../../arm-none-eabi/lib/thumb/v7e-m+dp/hard\libc_nano.a(libc_a-nano-vfprintf.o)
 .text.__sfputs_r
                0x0800b48e       0x24 C:/ST/STM32CubeIDE_1.18.1/STM32CubeIDE/plugins/com.st.stm32cube.ide.mcu.externaltools.gnu-tools-for-stm32.13.3.rel1.win32_1.0.0.202411081344/tools/bin/../lib/gcc/arm-none-eabi/13.3.1/../../../../arm-none-eabi/lib/thumb/v7e-m+dp/hard\libc_nano.a(libc_a-nano-vfprintf.o)
                0x0800b48e                __sfputs_r
 *fill*         0x0800b4b2        0x2 
 .text._vfprintf_r
                0x0800b4b4      0x230 C:/ST/STM32CubeIDE_1.18.1/STM32CubeIDE/plugins/com.st.stm32cube.ide.mcu.externaltools.gnu-tools-for-stm32.13.3.rel1.win32_1.0.0.202411081344/tools/bin/../lib/gcc/arm-none-eabi/13.3.1/../../../../arm-none-eabi/lib/thumb/v7e-m+dp/hard\libc_nano.a(libc_a-nano-vfprintf.o)
                0x0800b4b4                _vfprintf_r
                0x0800b4b4                _vfiprintf_r
 .text.__sflush_r
                0x0800b6e4      0x108 C:/ST/STM32CubeIDE_1.18.1/STM32CubeIDE/plugins/com.st.stm32cube.ide.mcu.externaltools.gnu-tools-for-stm32.13.3.rel1.win32_1.0.0.202411081344/tools/bin/../lib/gcc/arm-none-eabi/13.3.1/../../../../arm-none-eabi/lib/thumb/v7e-m+dp/hard\libc_nano.a(libc_a-fflush.o)
                0x0800b6e4                __sflush_r
 .text._fflush_r
                0x0800b7ec       0x50 C:/ST/STM32CubeIDE_1.18.1/STM32CubeIDE/plugins/com.st.stm32cube.ide.mcu.externaltools.gnu-tools-for-stm32.13.3.rel1.win32_1.0.0.202411081344/tools/bin/../lib/gcc/arm-none-eabi/13.3.1/../../../../arm-none-eabi/lib/thumb/v7e-m+dp/hard\libc_nano.a(libc_a-fflush.o)
                0x0800b7ec                _fflush_r
 .text.__swbuf_r
                0x0800b83c       0x7c C:/ST/STM32CubeIDE_1.18.1/STM32CubeIDE/plugins/com.st.stm32cube.ide.mcu.externaltools.gnu-tools-for-stm32.13.3.rel1.win32_1.0.0.202411081344/tools/bin/../lib/gcc/arm-none-eabi/13.3.1/../../../../arm-none-eabi/lib/thumb/v7e-m+dp/hard\libc_nano.a(libc_a-wbuf.o)
                0x0800b83c                __swbuf_r
 .text.__swsetup_r
                0x0800b8b8       0xac C:/ST/STM32CubeIDE_1.18.1/STM32CubeIDE/plugins/com.st.stm32cube.ide.mcu.externaltools.gnu-tools-for-stm32.13.3.rel1.win32_1.0.0.202411081344/tools/bin/../lib/gcc/arm-none-eabi/13.3.1/../../../../arm-none-eabi/lib/thumb/v7e-m+dp/hard\libc_nano.a(libc_a-wsetup.o)
                0x0800b8b8                __swsetup_r
 .text._sbrk_r  0x0800b964       0x20 C:/ST/STM32CubeIDE_1.18.1/STM32CubeIDE/plugins/com.st.stm32cube.ide.mcu.externaltools.gnu-tools-for-stm32.13.3.rel1.win32_1.0.0.202411081344/tools/bin/../lib/gcc/arm-none-eabi/13.3.1/../../../../arm-none-eabi/lib/thumb/v7e-m+dp/hard\libc_nano.a(libc_a-sbrkr.o)
                0x0800b964                _sbrk_r
 .text.__assert_func
                0x0800b984       0x3c C:/ST/STM32CubeIDE_1.18.1/STM32CubeIDE/plugins/com.st.stm32cube.ide.mcu.externaltools.gnu-tools-for-stm32.13.3.rel1.win32_1.0.0.202411081344/tools/bin/../lib/gcc/arm-none-eabi/13.3.1/../../../../arm-none-eabi/lib/thumb/v7e-m+dp/hard\libc_nano.a(libc_a-assert.o)
                0x0800b984                __assert_func
 .text._calloc_r
                0x0800b9c0       0x28 C:/ST/STM32CubeIDE_1.18.1/STM32CubeIDE/plugins/com.st.stm32cube.ide.mcu.externaltools.gnu-tools-for-stm32.13.3.rel1.win32_1.0.0.202411081344/tools/bin/../lib/gcc/arm-none-eabi/13.3.1/../../../../arm-none-eabi/lib/thumb/v7e-m+dp/hard\libc_nano.a(libc_a-callocr.o)
                0x0800b9c0                _calloc_r
 .text.__ascii_mbtowc
                0x0800b9e8       0x24 C:/ST/STM32CubeIDE_1.18.1/STM32CubeIDE/plugins/com.st.stm32cube.ide.mcu.externaltools.gnu-tools-for-stm32.13.3.rel1.win32_1.0.0.202411081344/tools/bin/../lib/gcc/arm-none-eabi/13.3.1/../../../../arm-none-eabi/lib/thumb/v7e-m+dp/hard\libc_nano.a(libc_a-mbtowc_r.o)
                0x0800b9e8                __ascii_mbtowc
 .text.__ascii_wctomb
                0x0800ba0c       0x1a C:/ST/STM32CubeIDE_1.18.1/STM32CubeIDE/plugins/com.st.stm32cube.ide.mcu.externaltools.gnu-tools-for-stm32.13.3.rel1.win32_1.0.0.202411081344/tools/bin/../lib/gcc/arm-none-eabi/13.3.1/../../../../arm-none-eabi/lib/thumb/v7e-m+dp/hard\libc_nano.a(libc_a-wctomb_r.o)
                0x0800ba0c                __ascii_wctomb
 *fill*         0x0800ba26        0x2 
 .text.fprintf  0x0800ba28       0x24 C:/ST/STM32CubeIDE_1.18.1/STM32CubeIDE/plugins/com.st.stm32cube.ide.mcu.externaltools.gnu-tools-for-stm32.13.3.rel1.win32_1.0.0.202411081344/tools/bin/../lib/gcc/arm-none-eabi/13.3.1/../../../../arm-none-eabi/lib/thumb/v7e-m+dp/hard\libc_nano.a(libc_a-fprintf.o)
                0x0800ba28                fiprintf
                0x0800ba28                fprintf
 .text.__swhatbuf_r
                0x0800ba4c       0x4c C:/ST/STM32CubeIDE_1.18.1/STM32CubeIDE/plugins/com.st.stm32cube.ide.mcu.externaltools.gnu-tools-for-stm32.13.3.rel1.win32_1.0.0.202411081344/tools/bin/../lib/gcc/arm-none-eabi/13.3.1/../../../../arm-none-eabi/lib/thumb/v7e-m+dp/hard\libc_nano.a(libc_a-makebuf.o)
                0x0800ba4c                __swhatbuf_r
 .text.__smakebuf_r
                0x0800ba98       0x78 C:/ST/STM32CubeIDE_1.18.1/STM32CubeIDE/plugins/com.st.stm32cube.ide.mcu.externaltools.gnu-tools-for-stm32.13.3.rel1.win32_1.0.0.202411081344/tools/bin/../lib/gcc/arm-none-eabi/13.3.1/../../../../arm-none-eabi/lib/thumb/v7e-m+dp/hard\libc_nano.a(libc_a-makebuf.o)
                0x0800ba98                __smakebuf_r
 .text._fstat_r
                0x0800bb10       0x24 C:/ST/STM32CubeIDE_1.18.1/STM32CubeIDE/plugins/com.st.stm32cube.ide.mcu.externaltools.gnu-tools-for-stm32.13.3.rel1.win32_1.0.0.202411081344/tools/bin/../lib/gcc/arm-none-eabi/13.3.1/../../../../arm-none-eabi/lib/thumb/v7e-m+dp/hard\libc_nano.a(libc_a-fstatr.o)
                0x0800bb10                _fstat_r
 .text._isatty_r
                0x0800bb34       0x20 C:/ST/STM32CubeIDE_1.18.1/STM32CubeIDE/plugins/com.st.stm32cube.ide.mcu.externaltools.gnu-tools-for-stm32.13.3.rel1.win32_1.0.0.202411081344/tools/bin/../lib/gcc/arm-none-eabi/13.3.1/../../../../arm-none-eabi/lib/thumb/v7e-m+dp/hard\libc_nano.a(libc_a-isattyr.o)
                0x0800bb34                _isatty_r
 .text.abort    0x0800bb54        0xe C:/ST/STM32CubeIDE_1.18.1/STM32CubeIDE/plugins/com.st.stm32cube.ide.mcu.externaltools.gnu-tools-for-stm32.13.3.rel1.win32_1.0.0.202411081344/tools/bin/../lib/gcc/arm-none-eabi/13.3.1/../../../../arm-none-eabi/lib/thumb/v7e-m+dp/hard\libc_nano.a(libc_a-abort.o)
                0x0800bb54                abort
 .text._raise_r
                0x0800bb62       0x50 C:/ST/STM32CubeIDE_1.18.1/STM32CubeIDE/plugins/com.st.stm32cube.ide.mcu.externaltools.gnu-tools-for-stm32.13.3.rel1.win32_1.0.0.202411081344/tools/bin/../lib/gcc/arm-none-eabi/13.3.1/../../../../arm-none-eabi/lib/thumb/v7e-m+dp/hard\libc_nano.a(libc_a-signal.o)
                0x0800bb62                _raise_r
 *fill*         0x0800bbb2        0x2 
 .text.raise    0x0800bbb4       0x10 C:/ST/STM32CubeIDE_1.18.1/STM32CubeIDE/plugins/com.st.stm32cube.ide.mcu.externaltools.gnu-tools-for-stm32.13.3.rel1.win32_1.0.0.202411081344/tools/bin/../lib/gcc/arm-none-eabi/13.3.1/../../../../arm-none-eabi/lib/thumb/v7e-m+dp/hard\libc_nano.a(libc_a-signal.o)
                0x0800bbb4                raise
 .text._kill_r  0x0800bbc4       0x24 C:/ST/STM32CubeIDE_1.18.1/STM32CubeIDE/plugins/com.st.stm32cube.ide.mcu.externaltools.gnu-tools-for-stm32.13.3.rel1.win32_1.0.0.202411081344/tools/bin/../lib/gcc/arm-none-eabi/13.3.1/../../../../arm-none-eabi/lib/thumb/v7e-m+dp/hard\libc_nano.a(libc_a-signalr.o)
                0x0800bbc4                _kill_r
 .text._getpid_r
                0x0800bbe8        0x4 C:/ST/STM32CubeIDE_1.18.1/STM32CubeIDE/plugins/com.st.stm32cube.ide.mcu.externaltools.gnu-tools-for-stm32.13.3.rel1.win32_1.0.0.202411081344/tools/bin/../lib/gcc/arm-none-eabi/13.3.1/../../../../arm-none-eabi/lib/thumb/v7e-m+dp/hard\libc_nano.a(libc_a-signalr.o)
                0x0800bbe8                _getpid_r
 .text.asinf    0x0800bbec       0x58 C:/ST/STM32CubeIDE_1.18.1/STM32CubeIDE/plugins/com.st.stm32cube.ide.mcu.externaltools.gnu-tools-for-stm32.13.3.rel1.win32_1.0.0.202411081344/tools/bin/../lib/gcc/arm-none-eabi/13.3.1/../../../../arm-none-eabi/lib/thumb/v7e-m+dp/hard\libm.a(libm_a-wf_asin.o)
                0x0800bbec                asinf
 .text.atan2f   0x0800bc44        0x4 C:/ST/STM32CubeIDE_1.18.1/STM32CubeIDE/plugins/com.st.stm32cube.ide.mcu.externaltools.gnu-tools-for-stm32.13.3.rel1.win32_1.0.0.202411081344/tools/bin/../lib/gcc/arm-none-eabi/13.3.1/../../../../arm-none-eabi/lib/thumb/v7e-m+dp/hard\libm.a(libm_a-wf_atan2.o)
                0x0800bc44                atan2f
 .text.sqrtf    0x0800bc48       0x3c C:/ST/STM32CubeIDE_1.18.1/STM32CubeIDE/plugins/com.st.stm32cube.ide.mcu.externaltools.gnu-tools-for-stm32.13.3.rel1.win32_1.0.0.202411081344/tools/bin/../lib/gcc/arm-none-eabi/13.3.1/../../../../arm-none-eabi/lib/thumb/v7e-m+dp/hard\libm.a(libm_a-wf_sqrt.o)
                0x0800bc48                sqrtf
 .text.fabsf    0x0800bc84        0xe C:/ST/STM32CubeIDE_1.18.1/STM32CubeIDE/plugins/com.st.stm32cube.ide.mcu.externaltools.gnu-tools-for-stm32.13.3.rel1.win32_1.0.0.202411081344/tools/bin/../lib/gcc/arm-none-eabi/13.3.1/../../../../arm-none-eabi/lib/thumb/v7e-m+dp/hard\libm.a(libm_a-sf_fabs.o)
                0x0800bc84                fabsf
 .text.checkint
                0x0800bc92       0x68 C:/ST/STM32CubeIDE_1.18.1/STM32CubeIDE/plugins/com.st.stm32cube.ide.mcu.externaltools.gnu-tools-for-stm32.13.3.rel1.win32_1.0.0.202411081344/tools/bin/../lib/gcc/arm-none-eabi/13.3.1/../../../../arm-none-eabi/lib/thumb/v7e-m+dp/hard\libm.a(libm_a-pow.o)
 *fill*         0x0800bcfa        0x6 
 .text.pow      0x0800bd00      0x4a0 C:/ST/STM32CubeIDE_1.18.1/STM32CubeIDE/plugins/com.st.stm32cube.ide.mcu.externaltools.gnu-tools-for-stm32.13.3.rel1.win32_1.0.0.202411081344/tools/bin/../lib/gcc/arm-none-eabi/13.3.1/../../../../arm-none-eabi/lib/thumb/v7e-m+dp/hard\libm.a(libm_a-pow.o)
                0x0800bd00                pow
 .text.nanf     0x0800c1a0        0xc C:/ST/STM32CubeIDE_1.18.1/STM32CubeIDE/plugins/com.st.stm32cube.ide.mcu.externaltools.gnu-tools-for-stm32.13.3.rel1.win32_1.0.0.202411081344/tools/bin/../lib/gcc/arm-none-eabi/13.3.1/../../../../arm-none-eabi/lib/thumb/v7e-m+dp/hard\libm.a(libm_a-sf_nan.o)
                0x0800c1a0                nanf
 .text.__ieee754_sqrtf
                0x0800c1ac        0x6 C:/ST/STM32CubeIDE_1.18.1/STM32CubeIDE/plugins/com.st.stm32cube.ide.mcu.externaltools.gnu-tools-for-stm32.13.3.rel1.win32_1.0.0.202411081344/tools/bin/../lib/gcc/arm-none-eabi/13.3.1/../../../../arm-none-eabi/lib/thumb/v7e-m+dp/hard\libm.a(libm_a-ef_sqrt.o)
                0x0800c1ac                __ieee754_sqrtf
 *fill*         0x0800c1b2        0x2 
 .text.__ieee754_asinf
                0x0800c1b4      0x1c8 C:/ST/STM32CubeIDE_1.18.1/STM32CubeIDE/plugins/com.st.stm32cube.ide.mcu.externaltools.gnu-tools-for-stm32.13.3.rel1.win32_1.0.0.202411081344/tools/bin/../lib/gcc/arm-none-eabi/13.3.1/../../../../arm-none-eabi/lib/thumb/v7e-m+dp/hard\libm.a(libm_a-ef_asin.o)
                0x0800c1b4                __ieee754_asinf
 .text.__ieee754_atan2f
                0x0800c37c      0x13c C:/ST/STM32CubeIDE_1.18.1/STM32CubeIDE/plugins/com.st.stm32cube.ide.mcu.externaltools.gnu-tools-for-stm32.13.3.rel1.win32_1.0.0.202411081344/tools/bin/../lib/gcc/arm-none-eabi/13.3.1/../../../../arm-none-eabi/lib/thumb/v7e-m+dp/hard\libm.a(libm_a-ef_atan2.o)
                0x0800c37c                __ieee754_atan2f
 .text.atanf    0x0800c4b8      0x1a8 C:/ST/STM32CubeIDE_1.18.1/STM32CubeIDE/plugins/com.st.stm32cube.ide.mcu.externaltools.gnu-tools-for-stm32.13.3.rel1.win32_1.0.0.202411081344/tools/bin/../lib/gcc/arm-none-eabi/13.3.1/../../../../arm-none-eabi/lib/thumb/v7e-m+dp/hard\libm.a(libm_a-sf_atan.o)
                0x0800c4b8                atanf
 .text.with_errno
                0x0800c660       0x1c C:/ST/STM32CubeIDE_1.18.1/STM32CubeIDE/plugins/com.st.stm32cube.ide.mcu.externaltools.gnu-tools-for-stm32.13.3.rel1.win32_1.0.0.202411081344/tools/bin/../lib/gcc/arm-none-eabi/13.3.1/../../../../arm-none-eabi/lib/thumb/v7e-m+dp/hard\libm.a(libm_a-math_err.o)
 .text.xflow    0x0800c67c       0x22 C:/ST/STM32CubeIDE_1.18.1/STM32CubeIDE/plugins/com.st.stm32cube.ide.mcu.externaltools.gnu-tools-for-stm32.13.3.rel1.win32_1.0.0.202411081344/tools/bin/../lib/gcc/arm-none-eabi/13.3.1/../../../../arm-none-eabi/lib/thumb/v7e-m+dp/hard\libm.a(libm_a-math_err.o)
 *fill*         0x0800c69e        0x2 
 .text.__math_uflow
                0x0800c6a0       0x10 C:/ST/STM32CubeIDE_1.18.1/STM32CubeIDE/plugins/com.st.stm32cube.ide.mcu.externaltools.gnu-tools-for-stm32.13.3.rel1.win32_1.0.0.202411081344/tools/bin/../lib/gcc/arm-none-eabi/13.3.1/../../../../arm-none-eabi/lib/thumb/v7e-m+dp/hard\libm.a(libm_a-math_err.o)
                0x0800c6a0                __math_uflow
 .text.__math_oflow