../Drivers/STM32H7xx_HAL_Driver/Inc/stm32h7xx_ll_tim.h:4203:22:LL_TIM_ClearFlag_UPDATE	16	static
../Drivers/STM32H7xx_HAL_Driver/Inc/stm32h7xx_ll_tim.h:4214:26:LL_TIM_IsActiveFlag_UPDATE	16	static
../Drivers/STM32H7xx_HAL_Driver/Inc/stm32h7xx_ll_usart.h:2998:26:LL_USART_IsActiveFlag_RXNE_RXFNE	16	static
../Drivers/STM32H7xx_HAL_Driver/Inc/stm32h7xx_ll_usart.h:4252:25:LL_USART_ReceiveData8	16	static
../Core/Src/stm32h7xx_it.c:82:6:NMI_Handler	4	static
../Core/Src/stm32h7xx_it.c:97:6:HardFault_Handler	4	static
../Core/Src/stm32h7xx_it.c:112:6:MemManage_Handler	4	static
../Core/Src/stm32h7xx_it.c:127:6:BusFault_Handler	4	static
../Core/Src/stm32h7xx_it.c:142:6:UsageFault_Handler	4	static
../Core/Src/stm32h7xx_it.c:157:6:SVC_Handler	4	static
../Core/Src/stm32h7xx_it.c:170:6:DebugMon_Handler	4	static
../Core/Src/stm32h7xx_it.c:183:6:PendSV_Handler	4	static
../Core/Src/stm32h7xx_it.c:196:6:SysTick_Handler	8	static
../Core/Src/stm32h7xx_it.c:217:6:DMA1_Stream0_IRQHandler	4	static
../Core/Src/stm32h7xx_it.c:230:6:DMA1_Stream1_IRQHandler	4	static
../Core/Src/stm32h7xx_it.c:243:6:DMA1_Stream2_IRQHandler	4	static
../Core/Src/stm32h7xx_it.c:256:6:DMA1_Stream3_IRQHandler	4	static
../Core/Src/stm32h7xx_it.c:269:6:DMA1_Stream4_IRQHandler	4	static
../Core/Src/stm32h7xx_it.c:282:6:DMA1_Stream5_IRQHandler	4	static
../Core/Src/stm32h7xx_it.c:295:6:DMA1_Stream6_IRQHandler	4	static
../Core/Src/stm32h7xx_it.c:308:6:USART1_IRQHandler	8	static
../Core/Src/stm32h7xx_it.c:330:6:USART2_IRQHandler	4	static
../Core/Src/stm32h7xx_it.c:343:6:USART3_IRQHandler	8	static
../Core/Src/stm32h7xx_it.c:381:6:DMA1_Stream7_IRQHandler	4	static
../Core/Src/stm32h7xx_it.c:394:6:TIM7_IRQHandler	8	static
../Core/Src/stm32h7xx_it.c:433:6:DMA2_Stream0_IRQHandler	4	static
../Core/Src/stm32h7xx_it.c:446:6:DMA2_Stream1_IRQHandler	4	static
../Core/Src/stm32h7xx_it.c:459:6:DMA2_Stream2_IRQHandler	4	static
../Core/Src/stm32h7xx_it.c:472:6:DMA2_Stream3_IRQHandler	4	static
