../Drivers/STM32H7xx_HAL_Driver/Inc/stm32h7xx_ll_usart.h:2998:26:LL_USART_IsActiveFlag_RXNE_RXFNE	16	static
../Drivers/STM32H7xx_HAL_Driver/Inc/stm32h7xx_ll_usart.h:4252:25:LL_USART_ReceiveData8	16	static
../Core/Src/stm32h7xx_it.c:89:6:NMI_Handler	4	static
../Core/Src/stm32h7xx_it.c:104:6:HardFault_Handler	4	static
../Core/Src/stm32h7xx_it.c:119:6:MemManage_Handler	4	static
../Core/Src/stm32h7xx_it.c:134:6:BusFault_Handler	4	static
../Core/Src/stm32h7xx_it.c:149:6:UsageFault_Handler	4	static
../Core/Src/stm32h7xx_it.c:164:6:SVC_Handler	4	static
../Core/Src/stm32h7xx_it.c:177:6:DebugMon_Handler	4	static
../Core/Src/stm32h7xx_it.c:190:6:PendSV_Handler	4	static
../Core/Src/stm32h7xx_it.c:203:6:SysTick_Handler	8	static
../Core/Src/stm32h7xx_it.c:224:6:DMA1_Stream0_IRQHandler	4	static
../Core/Src/stm32h7xx_it.c:237:6:DMA1_Stream1_IRQHandler	4	static
../Core/Src/stm32h7xx_it.c:250:6:DMA1_Stream2_IRQHandler	4	static
../Core/Src/stm32h7xx_it.c:263:6:DMA1_Stream3_IRQHandler	4	static
../Core/Src/stm32h7xx_it.c:276:6:DMA1_Stream4_IRQHandler	4	static
../Core/Src/stm32h7xx_it.c:289:6:DMA1_Stream5_IRQHandler	4	static
../Core/Src/stm32h7xx_it.c:302:6:DMA1_Stream6_IRQHandler	4	static
../Core/Src/stm32h7xx_it.c:315:6:USART1_IRQHandler	8	static
../Core/Src/stm32h7xx_it.c:337:6:USART2_IRQHandler	4	static
../Core/Src/stm32h7xx_it.c:350:6:USART3_IRQHandler	4	static
../Core/Src/stm32h7xx_it.c:363:6:DMA1_Stream7_IRQHandler	4	static
../Core/Src/stm32h7xx_it.c:376:6:DMA2_Stream0_IRQHandler	4	static
../Core/Src/stm32h7xx_it.c:389:6:DMA2_Stream1_IRQHandler	4	static
../Core/Src/stm32h7xx_it.c:402:6:DMA2_Stream2_IRQHandler	4	static
../Core/Src/stm32h7xx_it.c:415:6:DMA2_Stream3_IRQHandler	4	static
